Performance Recorder: AA_2D_Detailed_RandPerm_64MPI16Threads.log
Rank | bcastA(ms)  | bcastB(ms)  | compT(ms)  | merge(ms)  | Alocalnnz  | Blocalnnz  | Clocalnnz  | TotTime(s)  | 
0      460.7         463.41        467.73       334.54       1.522e+06    1.522e+06    1.087e+07    1.8182        
1      465.59        482.72        446.5        318.7        1.379e+06    1.379e+06    1.073e+07    1.8182        
2      476.22        464.01        436.4        316.87       1.376e+06    1.376e+06    1.074e+07    1.8182        
3      482.19        458.51        437.28       316.34       1.380e+06    1.380e+06    1.073e+07    1.8182        
4      464.92        472.48        454.86       322.52       1.383e+06    1.383e+06    1.075e+07    1.8182        
5      442.82        493.88        457.6        315.9        1.375e+06    1.375e+06    1.074e+07    1.8182        
6      477.06        464.59        452.67       320.25       1.373e+06    1.373e+06    1.073e+07    1.8182        
7      508.75        455.43        440.91       317.14       1.377e+06    1.377e+06    1.072e+07    1.8182        
8      499.25        428.14        462.84       324.63       1.379e+06    1.379e+06    1.073e+07    1.8182        
9      494.16        447.07        456.2        323.96       1.512e+06    1.512e+06    1.085e+07    1.8182        
10     500.74        428.61        448.79       320.93       1.374e+06    1.374e+06    1.074e+07    1.8182        
11     515.34        423.28        440.04       318.23       1.373e+06    1.373e+06    1.073e+07    1.8182        
12     502.9         437.22        453.69       323.32       1.379e+06    1.379e+06    1.075e+07    1.8182        
13     480.1         457.48        457.6        341.71       1.376e+06    1.376e+06    1.073e+07    1.8182        
14     517.21        429.05        448.23       325.37       1.373e+06    1.373e+06    1.073e+07    1.8182        
15     536.85        420.87        447.05       321.59       1.380e+06    1.380e+06    1.074e+07    1.8182        
16     453.95        477.16        448.62       318.59       1.376e+06    1.376e+06    1.074e+07    1.8182        
17     417.28        528.15        450.31       324.05       1.374e+06    1.374e+06    1.074e+07    1.8182        
18     397.77        539.33        455.58       339.03       1.519e+06    1.519e+06    1.090e+07    1.8182        
19     414.83        517.33        447.48       318.02       1.380e+06    1.380e+06    1.075e+07    1.8182        
20     436.25        506.67        451.29       327.41       1.383e+06    1.383e+06    1.077e+07    1.8182        
21     390.46        551.41        453.21       319.99       1.382e+06    1.382e+06    1.076e+07    1.8182        
22     424.38        518.8         451.97       322.02       1.382e+06    1.382e+06    1.076e+07    1.8182        
23     424.58        530.38        450.5        320.9        1.381e+06    1.381e+06    1.075e+07    1.8182        
24     576.52        361.17        441.08       319.19       1.380e+06    1.380e+06    1.073e+07    1.8182        
25     545.08        411.04        439.02       342.62       1.373e+06    1.373e+06    1.073e+07    1.8182        
26     517.64        421.54        452.29       329.93       1.380e+06    1.380e+06    1.075e+07    1.8182        
27     543.64        400.45        433.79       319.71       1.511e+06    1.511e+06    1.087e+07    1.8182        
28     555.67        386.9         450.8        330.74       1.378e+06    1.378e+06    1.075e+07    1.8182        
29     502.19        433.9         458.43       316.77       1.375e+06    1.375e+06    1.074e+07    1.8182        
30     543.77        398.39        453.21       319.38       1.377e+06    1.377e+06    1.073e+07    1.8182        
31     539.21        412.86        453.85       330.85       1.375e+06    1.375e+06    1.073e+07    1.8182        
32     485.04        435.48        472.68       326.02       1.383e+06    1.383e+06    1.075e+07    1.8182        
33     484.28        466.02        446.12       323.24       1.379e+06    1.379e+06    1.075e+07    1.8182        
34     459.57        467.18        465.97       332.51       1.383e+06    1.383e+06    1.077e+07    1.8182        
35     501.75        441.14        436.76       318.46       1.378e+06    1.378e+06    1.075e+07    1.8182        
36     505.97        434.3         440.13       329.5        1.523e+06    1.523e+06    1.092e+07    1.8182        
37     452.1         481.69        460.67       314.5        1.387e+06    1.387e+06    1.077e+07    1.8182        
38     481.56        458.08        455.17       330.18       1.378e+06    1.378e+06    1.075e+07    1.8182        
39     477.65        467.64        459.56       320.58       1.385e+06    1.385e+06    1.076e+07    1.8182        
40     530.03        394.67        469.32       320.67       1.375e+06    1.375e+06    1.074e+07    1.8182        
41     524.55        425.51        444.56       320.23       1.376e+06    1.376e+06    1.073e+07    1.8182        
42     503.26        425.86        464.07       343          1.382e+06    1.382e+06    1.076e+07    1.8182        
43     543.42        399.26        435.5        314.18       1.375e+06    1.375e+06    1.074e+07    1.8182        
44     537.87        394.28        447.48       322.6        1.387e+06    1.387e+06    1.077e+07    1.8182        
45     496.53        441.45        458          321.42       1.521e+06    1.521e+06    1.088e+07    1.8182        
46     516.39        417.49        461.26       327.05       1.378e+06    1.378e+06    1.074e+07    1.8182        
47     526.33        427.38        451.05       317.88       1.376e+06    1.376e+06    1.074e+07    1.8182        
48     508.69        415.48        469.33       324.51       1.373e+06    1.373e+06    1.073e+07    1.8182        
49     495.51        438.4         460.59       321.32       1.373e+06    1.373e+06    1.073e+07    1.8182        
50     477.65        447.89        468.71       323.67       1.382e+06    1.382e+06    1.076e+07    1.8182        
51     511.49        423.61        444.78       314.92       1.377e+06    1.377e+06    1.073e+07    1.8182        
52     514.03        424.96        512.1        312.75       1.378e+06    1.378e+06    1.075e+07    1.8182        
53     485.67        451.28        460.36       321.69       1.378e+06    1.378e+06    1.074e+07    1.8182        
54     523.63        413.67        439.64       327.05       1.511e+06    1.511e+06    1.086e+07    1.8182        
55     503.72        441.39        460.94       323.01       1.373e+06    1.373e+06    1.074e+07    1.8182        
56     539.9         390.44        468.42       323.55       1.377e+06    1.377e+06    1.072e+07    1.8182        
57     528.77        413.65        453.71       321.64       1.380e+06    1.380e+06    1.074e+07    1.8182        
58     509.17        423.58        462.25       328.72       1.381e+06    1.381e+06    1.075e+07    1.8182        
59     537.85        398.47        446.64       322.03       1.375e+06    1.375e+06    1.073e+07    1.8182        
60     534.84        400.4         460.64       327          1.385e+06    1.385e+06    1.076e+07    1.8182        
61     517.71        425.24        455.71       315.13       1.376e+06    1.376e+06    1.074e+07    1.8182        
62     544.39        389.34        446.66       318.51       1.373e+06    1.373e+06    1.074e+07    1.8182        
63     535.24        416.61        458.48       325.11       1.516e+06    1.516e+06    1.087e+07    1.8182        
