Performance Recorder: CBC_RTA_1D_Detailed_GPPerm_64MPI16Threads.log
Rank | prepT(ms)  | commT(ms)  | compT(ms)  | Alocalnnz  | Alocalmem(MB)  | Aneednnz  | Aneedmem(MB)  | Bnnz      | Bmem(MB)  | Cnnz      | Cmem(MB)  | TotTime(s)  | 
0      33.68        7.9141       13.544       1.684e+04    0.26952          2.830e+04   0.45272         1.366e+06   21.863      6.778e+04   1.0845      0.057819      
1      33.681       7.8919       15.162       1.838e+04    0.294            2.544e+04   0.40701         1.477e+06   23.63       7.287e+04   1.166       0.057819      
2      33.679       7.8941       15.503       1.845e+04    0.2952           2.638e+04   0.42211         1.479e+06   23.657      7.412e+04   1.186       0.057819      
3      33.677       7.9105       14.296       1.767e+04    0.28275          2.891e+04   0.4625          1.435e+06   22.964      7.116e+04   1.1386      0.057819      
4      33.679       7.902        15.245       1.834e+04    0.29352          2.744e+04   0.43896         1.474e+06   23.589      7.163e+04   1.1461      0.057819      
5      33.678       7.8988       15.334       1.790e+04    0.28646          2.561e+04   0.40978         1.457e+06   23.306      7.085e+04   1.1336      0.057819      
6      33.68        7.8819       13.99        1.747e+04    0.2795           2.991e+04   0.47854         1.409e+06   22.551      6.945e+04   1.1112      0.057819      
7      33.68        7.8998       12.25        1.546e+04    0.24734          3.391e+04   0.54253         1.274e+06   20.38       6.154e+04   0.98467     0.057819      
8      33.678       7.9359       13.033       1.570e+04    0.25123          2.316e+04   0.37061         1.240e+06   19.845      6.084e+04   0.97339     0.057819      
9      33.677       7.9204       14.716       1.836e+04    0.2937           2.718e+04   0.4348          1.468e+06   23.485      7.289e+04   1.1662      0.057819      
10     33.679       7.9068       12.207       1.550e+04    0.24806          3.367e+04   0.53874         1.300e+06   20.805      6.476e+04   1.0362      0.057819      
11     33.677       7.917        15.389       1.816e+04    0.29059          2.551e+04   0.40822         1.468e+06   23.481      7.086e+04   1.1338      0.057819      
12     33.679       7.9269       14.741       1.818e+04    0.29088          2.747e+04   0.43957         1.454e+06   23.267      7.249e+04   1.1598      0.057819      
13     33.679       7.9194       14.504       1.805e+04    0.28878          2.915e+04   0.46646         1.462e+06   23.388      7.114e+04   1.1383      0.057819      
14     33.68        7.9197       12.918       1.562e+04    0.24994          2.905e+04   0.46482         1.301e+06   20.818      6.382e+04   1.0212      0.057819      
15     33.68        7.9503       13.414       1.570e+04    0.25114          2.852e+04   0.45638         1.305e+06   20.884      6.386e+04   1.0217      0.057819      
16     33.677       7.8992       15.359       1.856e+04    0.29694          2.692e+04   0.4308          1.478e+06   23.654      7.216e+04   1.1545      0.057819      
17     33.678       7.8742       13.071       1.536e+04    0.24584          2.779e+04   0.44469         1.258e+06   20.13       6.402e+04   1.0244      0.057819      
18     33.677       7.8917       14.272       1.637e+04    0.26189          2.338e+04   0.37406         1.329e+06   21.264      6.564e+04   1.0502      0.057819      
19     33.676       7.8988       11.422       1.361e+04    0.21776          2.290e+04   0.36648         1.083e+06   17.336      5.360e+04   0.85754     0.057819      
20     33.678       7.8702       14.576       1.825e+04    0.29197          3.008e+04   0.4812          1.469e+06   23.512      7.145e+04   1.1432      0.057819      
21     33.676       7.8637       15.332       1.779e+04    0.28464          2.472e+04   0.39554         1.452e+06   23.233      7.110e+04   1.1376      0.057819      
22     33.679       7.8793       13.734       1.705e+04    0.27283          2.643e+04   0.42288         1.366e+06   21.852      6.517e+04   1.0427      0.057819      
23     33.676       7.8819       15.412       1.769e+04    0.28306          2.501e+04   0.40013         1.421e+06   22.741      6.894e+04   1.103       0.057819      
24     33.677       7.9225       14.291       1.838e+04    0.29406          3.135e+04   0.50162         1.477e+06   23.629      7.230e+04   1.1569      0.057819      
25     33.676       7.8838       14.625       1.792e+04    0.28666          2.726e+04   0.43618         1.448e+06   23.161      7.036e+04   1.1258      0.057819      
26     33.677       7.895        13.489       1.713e+04    0.2741           2.634e+04   0.42149         1.363e+06   21.815      6.566e+04   1.0506      0.057819      
27     33.676       7.9338       13.913       1.701e+04    0.27216          2.508e+04   0.4013          1.357e+06   21.717      6.542e+04   1.0467      0.057819      
28     33.678       7.9029       13.654       1.778e+04    0.28446          3.043e+04   0.48693         1.422e+06   22.75       6.951e+04   1.1122      0.057819      
29     33.676       7.9046       13.686       1.621e+04    0.25934          2.591e+04   0.41459         1.326e+06   21.211      6.522e+04   1.0435      0.057819      
30     33.679       7.8992       14.763       1.753e+04    0.28051          2.908e+04   0.46525         1.441e+06   23.063      7.054e+04   1.1287      0.057819      
31     33.678       7.905        14.295       1.728e+04    0.27648          2.535e+04   0.40566         1.372e+06   21.958      6.543e+04   1.0469      0.057819      
32     33.679       7.8917       14.427       1.844e+04    0.29506          2.784e+04   0.44536         1.474e+06   23.581      7.145e+04   1.1433      0.057819      
33     33.667       7.9061       15.215       1.891e+04    0.30253          2.656e+04   0.42501         1.463e+06   23.414      7.126e+04   1.1402      0.057819      
34     33.67        7.8809       12.404       1.557e+04    0.24918          2.489e+04   0.39827         1.250e+06   19.998      5.985e+04   0.95762     0.057819      
35     33.667       7.8918       14.567       1.755e+04    0.2808           2.509e+04   0.40149         1.393e+06   22.29       6.740e+04   1.0784      0.057819      
36     33.67        7.8833       14.004       1.756e+04    0.28098          2.926e+04   0.46819         1.449e+06   23.179      7.236e+04   1.1578      0.057819      
37     33.666       7.8792       14.509       1.699e+04    0.27182          3.168e+04   0.50682         1.410e+06   22.557      7.062e+04   1.13        0.057819      
38     33.667       7.8738       12.434       1.510e+04    0.24163          2.966e+04   0.47451         1.261e+06   20.17       6.190e+04   0.9904      0.057819      
39     33.666       7.8967       13.613       1.659e+04    0.26541          3.012e+04   0.48187         1.354e+06   21.668      6.845e+04   1.0952      0.057819      
40     33.665       7.9147       15.006       1.814e+04    0.29026          2.429e+04   0.38858         1.461e+06   23.381      6.948e+04   1.1116      0.057819      
41     33.665       7.894        15.265       1.823e+04    0.2917           2.670e+04   0.4272          1.473e+06   23.561      7.325e+04   1.172       0.057819      
42     33.666       7.9028       12.392       1.548e+04    0.24773          3.293e+04   0.5269          1.305e+06   20.887      6.314e+04   1.0102      0.057819      
43     33.663       7.9122       15.109       1.786e+04    0.28584          2.928e+04   0.46846         1.439e+06   23.016      7.150e+04   1.144       0.057819      
44     33.667       7.929        13.574       1.707e+04    0.27312          2.616e+04   0.4185          1.369e+06   21.902      6.711e+04   1.0737      0.057819      
45     33.667       7.8895       15.123       1.730e+04    0.27675          2.881e+04   0.46094         1.423e+06   22.768      6.977e+04   1.1163      0.057819      
46     33.671       7.9152       14.265       1.727e+04    0.27637          3.230e+04   0.51685         1.435e+06   22.956      7.128e+04   1.1406      0.057819      
47     33.666       7.9054       15.423       1.762e+04    0.28186          2.464e+04   0.39422         1.409e+06   22.55       6.682e+04   1.0691      0.057819      
48     33.677       7.8994       14.075       1.656e+04    0.26491          2.339e+04   0.37418         1.317e+06   21.066      6.435e+04   1.0296      0.057819      
49     33.677       7.8695       14.94        1.820e+04    0.2912           2.696e+04   0.43136         1.464e+06   23.422      7.127e+04   1.1403      0.057819      
50     33.675       7.8794       13.178       1.653e+04    0.26443          3.470e+04   0.55517         1.395e+06   22.327      6.926e+04   1.1082      0.057819      
51     33.676       7.8891       13.232       1.533e+04    0.24533          2.232e+04   0.35718         1.216e+06   19.461      6.190e+04   0.99034     0.057819      
52     33.677       7.867        13.506       1.643e+04    0.26285          2.615e+04   0.41845         1.319e+06   21.1        6.452e+04   1.0323      0.057819      
53     33.677       7.8858       14.822       1.837e+04    0.29398          3.060e+04   0.48966         1.473e+06   23.57       7.182e+04   1.1491      0.057819      
54     33.676       7.8844       15.411       1.797e+04    0.28758          2.696e+04   0.43144         1.463e+06   23.404      7.014e+04   1.1223      0.057819      
55     33.676       7.8724       14.168       1.777e+04    0.28429          3.190e+04   0.5104          1.452e+06   23.233      7.138e+04   1.1421      0.057819      
56     33.677       7.9024       14.9         1.758e+04    0.28125          2.766e+04   0.44259         1.445e+06   23.121      7.094e+04   1.135       0.057819      
57     33.676       7.8848       14.073       1.708e+04    0.27333          3.115e+04   0.49835         1.427e+06   22.835      7.003e+04   1.1204      0.057819      
58     33.676       7.8985       14.37        1.814e+04    0.29027          3.080e+04   0.49282         1.456e+06   23.301      7.163e+04   1.1461      0.057819      
59     33.676       7.9074       14.376       1.810e+04    0.28965          3.025e+04   0.48403         1.461e+06   23.369      7.059e+04   1.1295      0.057819      
60     33.671       7.8999       14.775       1.790e+04    0.28643          2.939e+04   0.4703          1.448e+06   23.173      7.090e+04   1.1345      0.057819      
61     33.671       7.8991       15.5         1.780e+04    0.28472          2.663e+04   0.42614         1.447e+06   23.146      6.839e+04   1.0943      0.057819      
62     33.672       7.9081       14.426       1.684e+04    0.26938          2.745e+04   0.43914         1.365e+06   21.845      6.597e+04   1.0555      0.057819      
63     33.671       7.9308       14.096       1.683e+04    0.26923          2.569e+04   0.41106         1.357e+06   21.708      6.507e+04   1.0411      0.057819      
