Matrix is symmetric
MPIIO WARNING: DVS stripe width of 24 was requested but DVS set it to 1
See MPICH_MPIIO_DVS_MAXNODES in the intro_mpi man page.
/global/cfs/cdirs/m1982/yuxihong/spgemm1ddataset/dielFilterV3real.mtx.graph exists , deleted it.
MPIIO WARNING: DVS stripe width of 24 was requested but DVS set it to 1
See MPICH_MPIIO_DVS_MAXNODES in the intro_mpi man page.
matrix is symm!!!
      Setup: Max:   0.215, Sum:  13.729, Balance:   1.000
   Matching: Max:   0.053, Sum:   3.382, Balance:   1.000
Contraction: Max:   0.052, Sum:   3.325, Balance:   1.001
   InitPart: Max:   0.008, Sum:   0.537, Balance:   1.000
    Project: Max:   0.001, Sum:   0.062, Balance:   1.466
 Initialize: Max:   0.020, Sum:   1.261, Balance:   1.016
      K-way: Max:   0.038, Sum:   2.440, Balance:   1.002
      Remap: Max:   0.000, Sum:   0.023, Balance:   1.012
      Total: Max:   0.388, Sum:  24.829, Balance:   1.000
we run partitioner in 391.297 ms!
MPIIO WARNING: DVS stripe width of 24 was requested but DVS set it to 1
See MPICH_MPIIO_DVS_MAXNODES in the intro_mpi man page.
order.txt exists , deleted it.
totnvtx 1102824 metis nvtxs 1102824
permute time 4.102885 s