MPI Size: 16 Threads Numbers: 16
no permutation!
Reading input file....
Matrix is symmetric
As a whole: 1102824 rows and 1102824 columns and 89306020 nonzeros and 1428.9 MB.
Reader took 1.57725 seconds
Input load balance: 2.04362
Reading matrix: /pscratch/sd/y/yuxihong/graphclustering/dataset/1DspGEMM/dielFilterV3real.mtx
Computing restriction matrix
As a whole: 1102824 rows and 1102824 columns and 88203196 nonzeros and 793.829 MB.
As a whole, mis2 has: 6212 nonzeros and length 1102824
As a whole, mis2neighUnion has: 1102824 nonzeros and length 1102824
As a whole: 1102824 rows and 6212 columns and 1102824 nonzeros and 17.6452 MB.
Rop final (before normalization)... Load balance (before): 2.44616
Load balance (after): 1.0331
Restriction Op computed : time 2.87165
=============A square============
Timer|Info: AA_2D|Time: 4.829043
Timer|Info: AA_1D_CBC|Time: 1.518111
nnz(A)=   89306020
nnz(AA)=  688649400
AA pass!
=============RT * A============
Timer|Info: RTA_2D|Time: 0.272058
Timer|Info: CBC_RTA_1D|Time: 0.072150
nnz(RT)=  1102824
nnz(A)=   89306020
nnz(RTA)= 4316391
RTA pass!
=============RTA * R============
Timer|Info: RTAR_2D|Time: 0.068587
Timer|Info: RTAR_1D|Time: 0.139535
nnz(RTA)= 4316391
nnz(R)=   1102824
nnz(RTAR)=99988
cbc-RTAR pass!
=============RTA * R Out Product============
Timer|Info: RTAR_1DOP|Time: 0.006764
nnz(RTA)= 4316391
nnz(R)=   1102824
nnz(RTAR)=99988
cbc-RTAR-1DOP outproduct pass!