MPI Size: 64 Threads Numbers: 16
no permutation!
Reading input file....
Matrix is symmetric
As a whole: 1102824 rows and 1102824 columns and 89306020 nonzeros and 1428.9 MB.
Reader took 0.597382 seconds
Input load balance: 4.08781
Reading matrix: /pscratch/sd/y/yuxihong/graphclustering/dataset/1DspGEMM/dielFilterV3real.mtx
Computing restriction matrix
As a whole: 1102824 rows and 1102824 columns and 88203196 nonzeros and 793.829 MB.
As a whole, mis2 has: 6282 nonzeros and length 1102824
As a whole, mis2neighUnion has: 1102824 nonzeros and length 1102824
As a whole: 1102824 rows and 6282 columns and 1102824 nonzeros and 17.6452 MB.
Rop final (before normalization)... Load balance (before): 5.1868
Load balance (after): 1.07854
Restriction Op computed : time 1.56096
=============A square============
Timer|Info: AA_2D|Time: 4.580028
Timer|Info: AA_1D_CBC|Time: 0.672337
nnz(A)=   89306020
nnz(AA)=  688649400
AA pass!
=============RT * A============
Timer|Info: RTA_2D|Time: 0.519426
Timer|Info: CBC_RTA_1D|Time: 0.059463
nnz(RT)=  1102824
nnz(A)=   89306020
nnz(RTA)= 4319296
RTA pass!
=============RTA * R============
Timer|Info: RTAR_2D|Time: 0.041279
Timer|Info: RTAR_1D|Time: 0.079379
nnz(RTA)= 4319296
nnz(R)=   1102824
nnz(RTAR)=100158
cbc-RTAR pass!
=============RTA * R Out Product============
Timer|Info: RTAR_1DOP|Time: 0.006740
nnz(RTA)= 4319296
nnz(R)=   1102824
nnz(RTAR)=100158
cbc-RTAR-1DOP outproduct pass!