MPI Size: 16 Threads Numbers: 16
random permutation!
Reading input file....
Matrix is symmetric
As a whole: 1102824 rows and 1102824 columns and 89306020 nonzeros and 1428.9 MB.
Reader took 1.57945 seconds
Generating random permutation vector.
Perfoming random permuation of matrix.
Permutation took 1.8931 seconds
Input load balance: 1.03833
Reading matrix: /pscratch/sd/y/yuxihong/graphclustering/dataset/1DspGEMM/dielFilterV3real.mtx
Computing restriction matrix
As a whole: 1102824 rows and 1102824 columns and 88203196 nonzeros and 793.829 MB.
As a whole, mis2 has: 6200 nonzeros and length 1102824
As a whole, mis2neighUnion has: 1102824 nonzeros and length 1102824
As a whole: 1102824 rows and 6200 columns and 1102824 nonzeros and 17.6452 MB.
Rop final (before normalization)... Load balance (before): 1.03525
Load balance (after): 1.01012
Restriction Op computed : time 2.60595
=============A square============
Timer|Info: AA_2D|Time: 2.908761
Timer|Info: AA_1D_CBC|Time: 1.989083
nnz(A)=   89306020
nnz(AA)=  688649400
AA pass!
=============RT * A============
Timer|Info: RTA_2D|Time: 0.277301
Timer|Info: CBC_RTA_1D|Time: 0.107365
nnz(RT)=  1102824
nnz(A)=   89306020
nnz(RTA)= 4319544
RTA pass!
=============RTA * R============
Timer|Info: RTAR_2D|Time: 0.045961
Timer|Info: RTAR_1D|Time: 0.133714
nnz(RTA)= 4319544
nnz(R)=   1102824
nnz(RTAR)=100100
cbc-RTAR pass!
=============RTA * R Out Product============
Timer|Info: RTAR_1DOP|Time: 0.007222
nnz(RTA)= 4319544
nnz(R)=   1102824
nnz(RTAR)=100100
cbc-RTAR-1DOP outproduct pass!