Performance Recorder: RTA_2D_Detailed_NoPerm_64MPI16Threads.log
Rank | bcastA(ms)  | bcastB(ms)  | compT(ms)  | merge(ms)  | Alocalnnz  | Blocalnnz  | Clocalnnz  | TotTime(s)  | 
0      159.09        269.59        67.7         1.0243       1.749e+04    4.279e+06    8.368e+04    0.51943       
1      176.87        264.3         37.432       1.2455       1.668e+04    1.371e+06    7.049e+04    0.51943       
2      288.6         176.17        39.784       0.97695      1.798e+04    2.130e+06    6.984e+04    0.51943       
3      265.71        186.03        26.764       0.87136      1.764e+04    3.956e+06    6.366e+04    0.51943       
4      246.9         204.38        27.348       1.4605       1.613e+04    1.130e+06    6.049e+04    0.51943       
5      245.73        205.46        27.359       1.4374       1.729e+04    1.136e+06    6.436e+04    0.51943       
6      302.51        153.81        28.14        1.3052       1.741e+04    1.122e+06    6.264e+04    0.51943       
7      369.6         118.86        27.386       0.93274      1.827e+04    1.154e+06    6.654e+04    0.51943       
8      157.76        272.33        66.228       1.1168       1.778e+04    1.371e+06    8.613e+04    0.51943       
9      174.46        266.78        37.119       1.3638       1.780e+04    3.677e+06    7.373e+04    0.51943       
10     286.49        179.37        38.114       0.89961      1.635e+04    1.923e+04    6.543e+04    0.51943       
11     263.15        187.46        27.637       0.98273      1.841e+04    1.837e+05    6.890e+04    0.51943       
12     245.33        205.63        27.397       1.5843       1.830e+04    2.988e+06    6.657e+04    0.51943       
13     245.22        206.82        26.257       1.2639       1.776e+04    3.013e+06    6.594e+04    0.51943       
14     300.2         156.32        27.86        0.983        1.676e+04    1.001e+06    6.231e+04    0.51943       
15     367.17        120.36        28.279       0.93064      1.657e+04    0.000e+00    6.038e+04    0.51943       
16     235.04        196.55        66.854       1.5197       1.728e+04    2.130e+06    8.227e+04    0.51943       
17     265.95        179.13        38.134       1.4686       1.761e+04    1.923e+04    7.301e+04    0.51943       
18     313.78        153.19        38.462       0.92153      1.667e+04    4.147e+06    6.705e+04    0.51943       
19     282.6         173.77        26.718       0.90737      1.788e+04    8.464e+04    6.318e+04    0.51943       
20     251.78        204.74        26.694       1.7419       1.858e+04    0.000e+00    6.685e+04    0.51943       
21     250.23        205.13        27.784       1.4564       1.678e+04    0.000e+00    6.254e+04    0.51943       
22     356.87        98.868        28.759       1.1531       1.661e+04    1.988e+06    6.325e+04    0.51943       
23     401.76        89.466        26.465       0.94455      1.756e+04    3.050e+06    6.567e+04    0.51943       
24     233.62        197.67        66.91        1.0409       1.779e+04    3.956e+06    8.358e+04    0.51943       
25     265.61        179.64        37.344       1.2217       1.679e+04    1.837e+05    6.955e+04    0.51943       
26     312.83        154.03        38.546       0.96144      1.771e+04    8.464e+04    6.924e+04    0.51943       
27     282.02        173.73        26.727       0.81075      1.793e+04    5.582e+06    6.379e+04    0.51943       
28     251.37        204.98        26.255       1.5099       1.739e+04    5.748e+04    6.334e+04    0.51943       
29     249.13        205.76        27.646       1.0674       1.637e+04    0.000e+00    6.036e+04    0.51943       
30     356.2         100.26        27.967       0.9194       1.656e+04    0.000e+00    6.134e+04    0.51943       
31     399.47        90.337        27.593       0.89376      1.694e+04    0.000e+00    6.258e+04    0.51943       
32     175.62        257.13        65.508       1.0374       1.728e+04    1.130e+06    8.341e+04    0.51943       
33     213.07        232.37        37.413       1.3471       1.730e+04    2.988e+06    7.259e+04    0.51943       
34     286.03        182.03        37.501       0.87991      1.694e+04    0.000e+00    6.736e+04    0.51943       
35     348.89        106.9         26.951       0.8962       1.737e+04    5.748e+04    6.362e+04    0.51943       
36     307.06        147.6         28.171       1.5442       1.764e+04    5.558e+06    6.410e+04    0.51943       
37     268.38        186.89        27.537       1.3077       1.714e+04    8.083e+04    6.454e+04    0.51943       
38     298.49        157.39        28.602       1.215        1.703e+04    0.000e+00    6.227e+04    0.51943       
39     345.36        144.04        28.28        0.93853      1.690e+04    0.000e+00    6.376e+04    0.51943       
40     174.34        258.57        65.297       0.99846      1.675e+04    1.136e+06    8.078e+04    0.51943       
41     211.88        233.78        37.177       1.2546       1.660e+04    3.013e+06    6.906e+04    0.51943       
42     284.64        183.07        37.344       1.013        1.792e+04    0.000e+00    7.005e+04    0.51943       
43     347.99        107.87        26.854       0.83588      1.606e+04    0.000e+00    6.079e+04    0.51943       
44     307.47        148.13        27.217       1.4814       1.591e+04    8.083e+04    5.995e+04    0.51943       
45     267.92        187.69        27.158       1.0729       1.719e+04    5.574e+06    6.196e+04    0.51943       
46     297.4         158.69        28.343       1.0766       1.837e+04    7.532e+04    6.677e+04    0.51943       
47     343.08        144.97        29.262       0.90582      1.696e+04    0.000e+00    6.341e+04    0.51943       
48     239.42        193.16        64.853       1.0354       1.640e+04    1.122e+06    8.138e+04    0.51943       
49     243.46        199.46        37.937       1.3719       1.760e+04    1.001e+06    7.336e+04    0.51943       
50     307.06        161.38        36.484       0.96684      1.682e+04    1.988e+06    6.745e+04    0.51943       
51     344.43        109.39        26.944       0.87268      1.601e+04    0.000e+00    6.155e+04    0.51943       
52     299.78        154.17        26.902       1.6849       1.692e+04    0.000e+00    6.381e+04    0.51943       
53     333.14        120.78        26.881       1.2252       1.815e+04    7.532e+04    6.735e+04    0.51943       
54     340.81        115.37        28.365       1.1324       1.738e+04    5.532e+06    6.349e+04    0.51943       
55     346.46        141.89        27.876       0.98746      1.759e+04    8.524e+04    6.496e+04    0.51943       
56     239.67        190.76        66.888       1.0563       1.709e+04    1.154e+06    8.232e+04    0.51943       
57     245.65        196.83        38.076       1.3134       1.746e+04    0.000e+00    7.069e+04    0.51943       
58     308.11        159.83        36.872       1.0052       1.745e+04    3.050e+06    6.807e+04    0.51943       
59     346.68        107.27        26.503       0.83762      1.657e+04    0.000e+00    6.192e+04    0.51943       
60     301.53        151.7         27.319       1.4311       1.698e+04    0.000e+00    6.087e+04    0.51943       
61     335.46        118.63        26.401       1.1899       1.716e+04    0.000e+00    6.200e+04    0.51943       
62     342.67        113.52        28.299       0.92188      1.774e+04    8.524e+04    6.307e+04    0.51943       
63     346.63        141.97        27.808       0.85972      1.706e+04    5.704e+06    6.390e+04    0.51943       
