Performance Recorder: RTAR_1DOP_Detailed_GPPerm_64MPI16Threads.log
Rank | sendB(ms)  | sendC(ms)  | mergeC(ms)  | compT(ms)  | Alocalnnz  | Alocalmem(MB)  | Bnnz      | Bmem(MB)  | Cnnz      | Cmem(MB)  | TotTime(s)  | 
0      2.4393       0.98732      0.05263       0.24755      6.778e+04    1.0845           1.684e+04   0.26952     1.648e+03   0.026368    0.0041016     
1      2.3955       0.99841      0.047691      0.25846      7.287e+04    1.166            1.838e+04   0.294       1.610e+03   0.02576     0.0041016     
2      2.3162       1.0761       0.051889      0.26652      7.412e+04    1.186            1.845e+04   0.2952      1.746e+03   0.027936    0.0041016     
3      2.3602       1.0282       0.052511      0.25117      7.116e+04    1.1386           1.767e+04   0.28275     1.726e+03   0.027616    0.0041016     
4      2.4166       0.99049      0.047181      0.25587      7.163e+04    1.1461           1.834e+04   0.29352     1.548e+03   0.024768    0.0041016     
5      2.3436       1.047        0.050436      0.25699      7.085e+04    1.1336           1.790e+04   0.28646     1.613e+03   0.025808    0.0041016     
6      2.2787       1.1256       0.048513      0.25705      6.945e+04    1.1112           1.747e+04   0.2795      1.619e+03   0.025904    0.0041016     
7      2.3285       1.094        0.048573      0.22602      6.154e+04    0.98467          1.546e+04   0.24734     1.501e+03   0.024016    0.0041016     
8      2.3497       1.0951       0.048313      0.23066      6.084e+04    0.97339          1.570e+04   0.25123     1.594e+03   0.025504    0.0041016     
9      2.5146       0.94984      0.049635      0.26894      7.289e+04    1.1662           1.836e+04   0.2937      1.619e+03   0.025904    0.0041016     
10     2.4849       0.99722      0.048923      0.22806      6.476e+04    1.0362           1.550e+04   0.24806     1.636e+03   0.026176    0.0041016     
11     2.3102       1.124        0.047851      0.2651       7.086e+04    1.1338           1.816e+04   0.29059     1.647e+03   0.026352    0.0041016     
12     2.3373       1.0501       0.05248       0.25147      7.249e+04    1.1598           1.818e+04   0.29088     1.651e+03   0.026416    0.0041016     
13     2.4302       0.94945      0.049485      0.27893      7.114e+04    1.1383           1.805e+04   0.28878     1.622e+03   0.025952    0.0041016     
14     2.362        1.0611       0.048413      0.22727      6.382e+04    1.0212           1.562e+04   0.24994     1.653e+03   0.026448    0.0041016     
15     2.2964       1.1285       0.048213      0.22965      6.386e+04    1.0217           1.570e+04   0.25114     1.529e+03   0.024464    0.0041016     
16     2.2613       1.1335       0.047311      0.25753      7.216e+04    1.1545           1.856e+04   0.29694     1.558e+03   0.024928    0.0041016     
17     2.2353       1.2313       0.049234      0.2321       6.402e+04    1.0244           1.536e+04   0.24584     1.648e+03   0.026368    0.0041016     
18     2.3316       1.1041       0.051018      0.22534      6.564e+04    1.0502           1.637e+04   0.26189     1.639e+03   0.026224    0.0041016     
19     2.2753       1.2016       0.048764      0.18087      5.360e+04    0.85754          1.361e+04   0.21776     1.627e+03   0.026032    0.0041016     
20     2.3395       1.0896       0.047932      0.25496      7.145e+04    1.1432           1.825e+04   0.29197     1.577e+03   0.025232    0.0041016     
21     2.2851       1.1323       0.048262      0.26069      7.110e+04    1.1376           1.779e+04   0.28464     1.570e+03   0.02512     0.0041016     
22     2.4103       1.0396       0.050638      0.24361      6.517e+04    1.0427           1.705e+04   0.27283     1.597e+03   0.025552    0.0041016     
23     2.3546       1.0681       0.048824      0.25646      6.894e+04    1.103            1.769e+04   0.28306     1.581e+03   0.025296    0.0041016     
24     2.3236       1.0773       0.047381      0.28334      7.230e+04    1.1569           1.838e+04   0.29406     1.573e+03   0.025168    0.0041016     
25     2.3399       1.0701       0.048734      0.24857      7.036e+04    1.1258           1.792e+04   0.28666     1.591e+03   0.025456    0.0041016     
26     2.4424       1.0034       0.047802      0.25112      6.566e+04    1.0506           1.713e+04   0.2741      1.610e+03   0.02576     0.0041016     
27     2.2247       1.1883       0.050948      0.25843      6.542e+04    1.0467           1.701e+04   0.27216     1.639e+03   0.026224    0.0041016     
28     2.3115       1.0967       0.047912      0.25413      6.951e+04    1.1122           1.778e+04   0.28446     1.619e+03   0.025904    0.0041016     
29     2.4442       1.0321       0.052691      0.22091      6.522e+04    1.0435           1.621e+04   0.25934     1.768e+03   0.028288    0.0041016     
30     2.4176       1.0567       0.051539      0.25149      7.054e+04    1.1287           1.753e+04   0.28051     1.694e+03   0.027104    0.0041016     
31     2.3174       1.1377       0.051048      0.24616      6.543e+04    1.0469           1.728e+04   0.27648     1.649e+03   0.026384    0.0041016     
32     2.2803       1.1404       0.047692      0.27919      7.145e+04    1.1433           1.844e+04   0.29506     1.553e+03   0.024848    0.0041016     
33     2.3835       1.0287       0.047352      0.26863      7.126e+04    1.1402           1.891e+04   0.30253     1.489e+03   0.023824    0.0041016     
34     2.3111       1.1284       0.049495      0.21829      5.985e+04    0.95762          1.557e+04   0.24918     1.536e+03   0.024576    0.0041016     
35     2.3884       1.0249       0.048754      0.24618      6.740e+04    1.0784           1.755e+04   0.2808      1.608e+03   0.025728    0.0041016     
36     2.2716       1.1068       0.050568      0.2758       7.236e+04    1.1578           1.756e+04   0.28098     1.661e+03   0.026576    0.0041016     
37     2.3344       1.0679       0.048934      0.26054      7.062e+04    1.13             1.699e+04   0.27182     1.640e+03   0.02624     0.0041016     
38     2.3163       1.1543       0.047641      0.22451      6.190e+04    0.9904           1.510e+04   0.24163     1.541e+03   0.024656    0.0041016     
39     2.361        1.0532       0.049244      0.24298      6.845e+04    1.0952           1.659e+04   0.26541     1.666e+03   0.026656    0.0041016     
40     2.3727       1.0341       0.049335      0.25243      6.948e+04    1.1116           1.814e+04   0.29026     1.661e+03   0.026576    0.0041016     
41     2.3144       1.0765       0.049476      0.26746      7.325e+04    1.172            1.823e+04   0.2917      1.638e+03   0.026208    0.0041016     
42     2.303        1.1253       0.048083      0.23215      6.314e+04    1.0102           1.548e+04   0.24773     1.639e+03   0.026224    0.0041016     
43     2.3211       1.1042       0.048503      0.25312      7.150e+04    1.144            1.786e+04   0.28584     1.550e+03   0.0248      0.0041016     
44     2.3727       1.0385       0.047672      0.2489       6.711e+04    1.0737           1.707e+04   0.27312     1.572e+03   0.025152    0.0041016     
45     2.3304       1.0665       0.049555      0.26082      6.977e+04    1.1163           1.730e+04   0.27675     1.626e+03   0.026016    0.0041016     
46     2.3661       1.0335       0.048083      0.26085      7.128e+04    1.1406           1.727e+04   0.27637     1.552e+03   0.024832    0.0041016     
47     2.3178       1.1353       0.048694      0.24295      6.682e+04    1.0691           1.762e+04   0.28186     1.566e+03   0.025056    0.0041016     
48     2.3101       1.0883       0.052571      0.24003      6.435e+04    1.0296           1.656e+04   0.26491     1.643e+03   0.026288    0.0041016     
49     2.3345       1.0393       0.052632      0.26549      7.127e+04    1.1403           1.820e+04   0.2912      1.663e+03   0.026608    0.0041016     
50     2.3308       1.083        0.050297      0.24324      6.926e+04    1.1082           1.653e+04   0.26443     1.641e+03   0.026256    0.0041016     
51     2.264        1.2039       0.049084      0.21258      6.190e+04    0.99034          1.533e+04   0.24533     1.712e+03   0.027392    0.0041016     
52     2.3067       1.1139       0.05172       0.23749      6.452e+04    1.0323           1.643e+04   0.26285     1.640e+03   0.02624     0.0041016     
53     2.2659       1.1817       0.048103      0.25107      7.182e+04    1.1491           1.837e+04   0.29398     1.523e+03   0.024368    0.0041016     
54     2.317        1.1105       0.052411      0.26293      7.014e+04    1.1223           1.797e+04   0.28758     1.605e+03   0.02568     0.0041016     
55     2.313        1.0448       0.049686      0.28667      7.138e+04    1.1421           1.777e+04   0.28429     1.576e+03   0.025216    0.0041016     
56     2.3305       1.0907       0.051119      0.25905      7.094e+04    1.135            1.758e+04   0.28125     1.606e+03   0.025696    0.0041016     
57     2.2741       1.1814       0.04674       0.24612      7.003e+04    1.1204           1.708e+04   0.27333     1.516e+03   0.024256    0.0041016     
58     2.334        1.0827       0.049485      0.27139      7.163e+04    1.1461           1.814e+04   0.29027     1.474e+03   0.023584    0.0041016     
59     2.2806       1.1449       0.049496      0.2707       7.059e+04    1.1295           1.810e+04   0.28965     1.529e+03   0.024464    0.0041016     
60     2.3522       1.0728       0.051289      0.27658      7.090e+04    1.1345           1.790e+04   0.28643     1.652e+03   0.026432    0.0041016     
61     2.2316       1.1816       0.052892      0.26157      6.839e+04    1.0943           1.780e+04   0.28472     1.742e+03   0.027872    0.0041016     
62     2.2997       1.1574       0.052531      0.24092      6.597e+04    1.0555           1.684e+04   0.26938     1.665e+03   0.02664     0.0041016     
63     2.3004       1.1607       0.059274      0.22556      6.507e+04    1.0411           1.683e+04   0.26923     2.260e+03   0.03616     0.0041016     
