Performance Recorder: 
Rank | prepT(ms)  | commT(ms)  | compT(ms)  | Alocalnnz  | Alocalmem(MB)  | Aneednnz  | Aneedmem(MB)  | Bnnz      | Bmem(MB)  | Cnnz      | Cmem(MB)  | 
0      244.95       2650.7       8.2745       6.204e+05    9.9263           1.531e+07   244.91          1.306e+05   2.0892      5.690e+04   0.91035     
1      244.95       2650.7       7.7204       7.046e+05    11.274           1.550e+07   248.06          1.298e+05   2.0769      5.716e+04   0.91459     
2      244.95       2650.6       7.4736       7.066e+05    11.306           1.567e+07   250.69          1.308e+05   2.0935      5.715e+04   0.91438     
3      244.95       2650.7       7.0729       7.060e+05    11.296           1.546e+07   247.35          1.297e+05   2.0747      5.670e+04   0.90723     
4      244.95       2650.7       7.3795       7.074e+05    11.319           1.531e+07   244.89          1.304e+05   2.0868      5.714e+04   0.91418     
5      244.95       2650.7       7.3387       7.063e+05    11.301           1.557e+07   249.15          1.299e+05   2.0786      5.686e+04   0.90968     
6      244.95       2650.6       7.4284       7.070e+05    11.312           1.534e+07   245.41          1.302e+05   2.0825      5.694e+04   0.91106     
7      244.95       2650.7       7.2554       7.038e+05    11.26            1.559e+07   249.49          1.295e+05   2.0717      5.709e+04   0.91338     
8      244.95       2650.7       7.6182       7.066e+05    11.306           1.536e+07   245.79          1.304e+05   2.0863      5.694e+04   0.91112     
9      244.95       2650.7       7.765        7.056e+05    11.29            1.539e+07   246.18          1.296e+05   2.073       5.686e+04   0.90971     
10     244.95       2650.7       7.4278       7.076e+05    11.322           1.530e+07   244.86          1.292e+05   2.067       5.668e+04   0.90693     
11     244.95       2650.7       7.2583       7.045e+05    11.272           1.561e+07   249.76          1.321e+05   2.1138      5.722e+04   0.91554     
12     244.95       2650.7       7.5262       7.056e+05    11.289           1.550e+07   247.92          1.302e+05   2.0827      5.685e+04   0.90958     
13     244.95       2650.7       7.2202       7.071e+05    11.314           1.554e+07   248.6           1.304e+05   2.086       5.673e+04   0.90765     
14     244.95       2650.7       7.4621       7.062e+05    11.299           1.569e+07   250.98          1.311e+05   2.0971      5.717e+04   0.9147      
15     244.95       2650.7       7.8933       7.066e+05    11.305           1.562e+07   249.97          1.303e+05   2.0852      5.674e+04   0.90776     
16     244.95       2650.7       7.3771       7.058e+05    11.292           1.546e+07   247.28          1.310e+05   2.0959      5.713e+04   0.91411     
17     244.95       2650.7       6.8162       7.065e+05    11.304           1.560e+07   249.54          1.310e+05   2.0957      5.706e+04   0.91293     
18     244.95       2650.7       6.9987       7.048e+05    11.276           1.542e+07   246.79          1.302e+05   2.0838      5.705e+04   0.9128      
19     244.95       2650.7       7.6371       7.040e+05    11.264           1.575e+07   252.05          1.311e+05   2.0969      5.722e+04   0.91558     
20     244.95       2650.6       7.035        7.062e+05    11.298           1.551e+07   248.19          1.304e+05   2.0858      5.699e+04   0.91189     
21     244.95       2650.7       6.8448       7.077e+05    11.324           1.561e+07   249.72          1.302e+05   2.084       5.705e+04   0.91283     
22     244.95       2650.7       7.0232       7.059e+05    11.294           1.572e+07   251.59          1.307e+05   2.0919      5.719e+04   0.91504     
23     244.95       2650.7       6.8889       7.043e+05    11.269           1.571e+07   251.37          1.300e+05   2.0795      5.685e+04   0.90957     
24     244.95       2650.7       7.3271       7.043e+05    11.268           1.562e+07   249.89          1.312e+05   2.0997      5.708e+04   0.91336     
25     244.95       2650.7       6.6588       7.062e+05    11.3             1.503e+07   240.45          1.304e+05   2.0864      5.687e+04   0.90992     
26     244.95       2650.7       8.0022       7.046e+05    11.274           1.525e+07   244.04          1.295e+05   2.0714      5.653e+04   0.90451     
27     244.95       2650.7       6.7664       7.058e+05    11.292           1.543e+07   246.86          1.304e+05   2.0857      5.673e+04   0.90766     
28     244.95       2650.7       7.1137       7.040e+05    11.264           1.551e+07   248.23          1.311e+05   2.097       5.708e+04   0.91322     
29     244.95       2650.7       6.9917       7.040e+05    11.264           1.577e+07   252.38          1.309e+05   2.0941      5.716e+04   0.91448     
30     244.95       2650.7       7.0927       7.034e+05    11.255           1.568e+07   250.91          1.304e+05   2.0867      5.690e+04   0.9104      
31     244.95       2650.7       6.9272       7.052e+05    11.283           1.539e+07   246.22          1.303e+05   2.0842      5.689e+04   0.91022     
32     244.95       2650.7       7.1801       5.924e+05    9.4784           1.559e+07   249.44          1.306e+05   2.0902      5.696e+04   0.91138     
33     244.95       2650.6       6.961        7.184e+05    11.495           1.530e+07   244.73          1.311e+05   2.0976      5.682e+04   0.90907     
34     244.95       2650.7       6.9464       7.151e+05    11.442           1.551e+07   248.24          1.299e+05   2.0792      5.682e+04   0.90906     
35     244.95       2650.7       6.9502       7.125e+05    11.4             1.540e+07   246.34          1.308e+05   2.0932      5.722e+04   0.91546     
36     244.95       2650.7       6.9676       7.147e+05    11.436           1.535e+07   245.64          1.303e+05   2.085       5.710e+04   0.91365     
37     244.95       2650.7       6.9225       7.119e+05    11.391           1.548e+07   247.63          1.307e+05   2.0916      5.702e+04   0.9124      
38     244.95       2650.6       6.9454       7.134e+05    11.415           1.548e+07   247.71          1.300e+05   2.0793      5.682e+04   0.90918     
39     244.95       2650.7       6.9299       7.114e+05    11.383           1.547e+07   247.53          1.307e+05   2.0918      5.735e+04   0.91762     
40     244.95       2650.7       7.3215       7.126e+05    11.402           1.560e+07   249.65          1.309e+05   2.0952      5.685e+04   0.90958     
41     244.95       2650.7       6.9279       7.127e+05    11.403           1.561e+07   249.74          1.303e+05   2.0855      5.672e+04   0.90744     
42     244.95       2650.7       8.1174       7.160e+05    11.456           1.549e+07   247.79          1.293e+05   2.0693      5.688e+04   0.9101      
43     244.95       2650.7       6.9564       7.096e+05    11.353           1.551e+07   248.12          1.300e+05   2.08        5.701e+04   0.91216     
44     244.95       2650.7       7.0242       7.142e+05    11.426           1.575e+07   251.93          1.300e+05   2.0804      5.694e+04   0.9111      
45     244.95       2650.7       7.0245       7.136e+05    11.417           1.562e+07   249.96          1.304e+05   2.0864      5.694e+04   0.91099     
46     244.95       2650.7       7.061        7.140e+05    11.424           1.565e+07   250.4           1.308e+05   2.0924      5.732e+04   0.91707     
47     244.95       2650.7       7.3744       7.117e+05    11.387           1.556e+07   248.92          1.314e+05   2.1017      5.738e+04   0.918       
48     244.95       2650.7       8.0578       7.142e+05    11.428           1.550e+07   248.06          1.306e+05   2.0902      5.722e+04   0.9155      
49     244.95       2650.7       7.3742       7.110e+05    11.376           1.539e+07   246.21          1.299e+05   2.0789      5.671e+04   0.90738     
50     244.95       2650.7       8.5067       7.119e+05    11.39            1.564e+07   250.19          1.295e+05   2.0726      5.659e+04   0.90542     
51     244.95       2650.7       7.4299       7.121e+05    11.394           1.565e+07   250.35          1.308e+05   2.0934      5.701e+04   0.91221     
52     244.95       2650.6       7.5757       7.134e+05    11.414           1.538e+07   246.13          1.299e+05   2.0783      5.684e+04   0.90942     
53     244.95       2650.7       7.4086       7.132e+05    11.411           1.531e+07   244.92          1.298e+05   2.0765      5.685e+04   0.90963     
54     244.95       2650.7       7.5256       7.132e+05    11.412           1.541e+07   246.55          1.299e+05   2.0781      5.674e+04   0.90787     
55     244.95       2650.7       7.3385       7.092e+05    11.347           1.553e+07   248.43          1.303e+05   2.0847      5.679e+04   0.90867     
56     244.95       2650.7       7.622        7.131e+05    11.409           1.528e+07   244.47          1.290e+05   2.0642      5.659e+04   0.90544     
57     244.95       2650.7       7.2773       7.141e+05    11.425           1.533e+07   245.3           1.312e+05   2.0986      5.707e+04   0.9131      
58     244.95       2650.7       7.6565       7.120e+05    11.392           1.540e+07   246.39          1.300e+05   2.0805      5.653e+04   0.9045      
59     244.95       2650.7       7.2624       7.118e+05    11.389           1.541e+07   246.61          1.299e+05   2.0789      5.687e+04   0.90987     
60     244.95       2650.7       7.5883       7.115e+05    11.384           1.559e+07   249.48          1.305e+05   2.0888      5.696e+04   0.91139     
61     244.95       2650.7       7.6001       7.111e+05    11.378           1.575e+07   252.04          1.305e+05   2.0874      5.699e+04   0.91178     
62     244.95       2650.7       7.5568       7.164e+05    11.462           1.520e+07   243.25          1.302e+05   2.0825      5.684e+04   0.90936     
63     244.95       2650.7       7.5651       6.846e+05    10.953           1.551e+07   248.2           1.334e+05   2.1338      5.828e+04   0.93242     
