no permutation!
Reading input file....
Matrix is symmetric
As a whole: 8345600 rows and 8345600 columns and 229518112 nonzeros and 3672.29 MB.
Input matrix read : time 1.94408
Reader took 1.94396 seconds
Input load balance: 7.59734
Computing restriction matrix
As a whole: 8345600 rows and 8345600 columns and 221172512 nonzeros and 1990.55 MB.
As a whole, mis2 has: 159800 nonzeros and length 8345600
As a whole, mis2neighUnion has: 8345600 nonzeros and length 8345600
As a whole: 8345600 rows and 159800 columns and 8345600 nonzeros and 133.53 MB.
Rop final (before normalization)... Load balance (before): 3.96798
Load balance (after): 1.01265
Restriction Op computed : time 7.81676
Timer|Info: CBC_RTA_2D|Time: 3.780702
Timer|Info: CBC_RTA_1D|Time: 0.230921
nnzRT=    8345600
nnzA=     229518112
nnzRTA=   45161568
cbc-RTA pass!
Timer|Info: CBC_RTAR_2D|Time: 0.415009
Timer|Info: CBC_RTAR_1D|Time: 2.905020
nnzRT=    45161568
nnzA=     8345600
nnzRTA=   3645912
cbc-RTAR pass!
Timer|Info: CBC_RTAR_2D|Time: 0.414319
Timer|Info: CBC_RTAR_Transpose_1D|Time: 2.506209
cbc-RTAR-Transpose pass!