Performance Recorder: AA_1D_Detailed_RandPerm_64MPI16Threads.log
Rank | prepT(ms)  | commT(ms)  | compT(ms)  | Alocalnnz  | Alocalmem(MB)  | Aneednnz  | Aneedmem(MB)  | Bnnz      | Bmem(MB)  | Cnnz      | Cmem(MB)  | TotTime(s)  | 
0      318.21       5466.3       462.1        3.586e+06    57.373           2.295e+08   3672.3          3.586e+06   57.373      1.940e+07   310.39      6.3858        
1      318.21       5466.3       459.16       3.587e+06    57.388           2.295e+08   3672.3          3.587e+06   57.388      1.940e+07   310.37      6.3858        
2      318.21       5466.3       462.64       3.586e+06    57.376           2.295e+08   3672.3          3.586e+06   57.376      1.939e+07   310.18      6.3858        
3      318.21       5466.3       463.97       3.587e+06    57.392           2.295e+08   3672.3          3.587e+06   57.392      1.939e+07   310.29      6.3858        
4      318.2        5466.3       459.44       3.586e+06    57.384           2.295e+08   3672.3          3.586e+06   57.384      1.939e+07   310.3       6.3858        
5      318.2        5466.3       460.87       3.587e+06    57.389           2.295e+08   3672.3          3.587e+06   57.389      1.940e+07   310.42      6.3858        
6      318.21       5466.3       463.98       3.586e+06    57.379           2.295e+08   3672.3          3.586e+06   57.379      1.940e+07   310.41      6.3858        
7      318.2        5466.3       462.86       3.587e+06    57.389           2.295e+08   3672.3          3.587e+06   57.389      1.939e+07   310.18      6.3858        
8      318.21       5466.3       461.01       3.587e+06    57.389           2.295e+08   3672.3          3.587e+06   57.389      1.942e+07   310.64      6.3858        
9      318.2        5466.3       460.61       3.587e+06    57.39            2.295e+08   3672.3          3.587e+06   57.39       1.941e+07   310.55      6.3858        
10     318.2        5466.3       463.57       3.587e+06    57.392           2.295e+08   3672.3          3.587e+06   57.392      1.940e+07   310.32      6.3858        
11     318.2        5466.3       463.38       3.587e+06    57.39            2.295e+08   3672.3          3.587e+06   57.39       1.940e+07   310.32      6.3858        
12     318.21       5466.3       459.36       3.586e+06    57.378           2.295e+08   3672.3          3.586e+06   57.378      1.939e+07   310.29      6.3858        
13     318.21       5466.4       458.89       3.586e+06    57.374           2.295e+08   3672.3          3.586e+06   57.374      1.940e+07   310.38      6.3858        
14     318.21       5466.3       462.88       3.586e+06    57.376           2.295e+08   3672.3          3.586e+06   57.376      1.939e+07   310.27      6.3858        
15     318.21       5466.3       465.95       3.585e+06    57.366           2.295e+08   3672.3          3.585e+06   57.366      1.939e+07   310.29      6.3858        
16     318.21       5466.3       441.39       3.586e+06    57.374           2.295e+08   3672.3          3.586e+06   57.374      1.939e+07   310.22      6.3858        
17     318.2        5466.3       441.16       3.586e+06    57.374           2.295e+08   3672.3          3.586e+06   57.374      1.939e+07   310.16      6.3858        
18     318.21       5466.3       444.23       3.587e+06    57.385           2.295e+08   3672.3          3.587e+06   57.385      1.939e+07   310.19      6.3858        
19     318.2        5466.3       444.08       3.587e+06    57.395           2.295e+08   3672.3          3.587e+06   57.395      1.940e+07   310.48      6.3858        
20     318.2        5466.3       442.23       3.586e+06    57.372           2.295e+08   3672.3          3.586e+06   57.372      1.939e+07   310.3       6.3858        
21     318.2        5466.3       443.01       3.586e+06    57.377           2.295e+08   3672.3          3.586e+06   57.377      1.940e+07   310.47      6.3858        
22     318.2        5466.3       442.78       3.585e+06    57.355           2.295e+08   3672.3          3.585e+06   57.355      1.939e+07   310.28      6.3858        
23     318.2        5466.3       443.42       3.588e+06    57.402           2.295e+08   3672.3          3.588e+06   57.402      1.940e+07   310.47      6.3858        
24     318.2        5466.3       440.51       3.584e+06    57.351           2.295e+08   3672.3          3.584e+06   57.351      1.939e+07   310.18      6.3858        
25     318.2        5466.3       442.78       3.586e+06    57.381           2.295e+08   3672.3          3.586e+06   57.381      1.939e+07   310.28      6.3858        
26     318.2        5466.3       442.84       3.585e+06    57.368           2.295e+08   3672.3          3.585e+06   57.368      1.941e+07   310.5       6.3858        
27     318.2        5466.3       443.06       3.586e+06    57.374           2.295e+08   3672.3          3.586e+06   57.374      1.938e+07   310.1       6.3858        
28     318.21       5466.3       442.91       3.586e+06    57.376           2.295e+08   3672.3          3.586e+06   57.376      1.940e+07   310.37      6.3858        
29     318.21       5466.3       442.09       3.586e+06    57.376           2.295e+08   3672.3          3.586e+06   57.376      1.939e+07   310.31      6.3858        
30     318.21       5466.3       443.33       3.586e+06    57.376           2.295e+08   3672.3          3.586e+06   57.376      1.939e+07   310.31      6.3858        
31     318.21       5466.4       443.88       3.586e+06    57.378           2.295e+08   3672.3          3.586e+06   57.378      1.938e+07   310.14      6.3858        
32     318.2        5466.4       442.49       3.587e+06    57.39            2.295e+08   3672.3          3.587e+06   57.39       1.940e+07   310.35      6.3858        
33     318.2        5466.3       439.55       3.586e+06    57.37            2.295e+08   3672.3          3.586e+06   57.37       1.940e+07   310.32      6.3858        
34     318.2        5466.3       443.53       3.585e+06    57.366           2.295e+08   3672.3          3.585e+06   57.366      1.940e+07   310.39      6.3858        
35     318.2        5466.3       444.17       3.586e+06    57.372           2.295e+08   3672.3          3.586e+06   57.372      1.938e+07   310.06      6.3858        
36     318.2        5466.3       441.52       3.586e+06    57.38            2.295e+08   3672.3          3.586e+06   57.38       1.938e+07   310.07      6.3858        
37     318.2        5466.3       441.87       3.587e+06    57.386           2.295e+08   3672.3          3.587e+06   57.386      1.940e+07   310.35      6.3858        
38     318.2        5466.3       442.68       3.586e+06    57.384           2.295e+08   3672.3          3.586e+06   57.384      1.940e+07   310.48      6.3858        
39     318.2        5466.3       444.2        3.586e+06    57.382           2.295e+08   3672.3          3.586e+06   57.382      1.940e+07   310.46      6.3858        
40     318.2        5466.3       442.83       3.586e+06    57.384           2.295e+08   3672.3          3.586e+06   57.384      1.940e+07   310.36      6.3858        
41     318.2        5466.3       439.98       3.586e+06    57.372           2.295e+08   3672.3          3.586e+06   57.372      1.940e+07   310.38      6.3858        
42     318.2        5466.3       443.02       3.586e+06    57.376           2.295e+08   3672.3          3.586e+06   57.376      1.939e+07   310.22      6.3858        
43     318.2        5466.3       444.19       3.586e+06    57.383           2.295e+08   3672.3          3.586e+06   57.383      1.938e+07   310.11      6.3858        
44     318.2        5466.3       442.14       3.587e+06    57.392           2.295e+08   3672.3          3.587e+06   57.392      1.939e+07   310.22      6.3858        
45     318.2        5466.3       439.08       3.586e+06    57.375           2.295e+08   3672.3          3.586e+06   57.375      1.939e+07   310.21      6.3858        
46     318.2        5466.3       441.14       3.585e+06    57.367           2.295e+08   3672.3          3.585e+06   57.367      1.938e+07   310.15      6.3858        
47     318.21       5466.3       446.49       3.586e+06    57.369           2.295e+08   3672.3          3.586e+06   57.369      1.940e+07   310.45      6.3858        
48     318.21       5466.3       443.55       3.587e+06    57.388           2.295e+08   3672.3          3.587e+06   57.388      1.940e+07   310.39      6.3858        
49     318.2        5466.3       440.96       3.587e+06    57.392           2.295e+08   3672.3          3.587e+06   57.392      1.940e+07   310.36      6.3858        
50     318.2        5466.3       444.33       3.586e+06    57.381           2.295e+08   3672.3          3.586e+06   57.381      1.939e+07   310.2       6.3858        
51     318.21       5466.3       445.22       3.585e+06    57.368           2.295e+08   3672.3          3.585e+06   57.368      1.940e+07   310.38      6.3858        
52     318.2        5466.3       444.63       3.585e+06    57.364           2.295e+08   3672.3          3.585e+06   57.364      1.939e+07   310.2       6.3858        
53     318.2        5466.3       442.86       3.586e+06    57.371           2.295e+08   3672.3          3.586e+06   57.371      1.940e+07   310.35      6.3858        
54     318.2        5466.3       444.84       3.588e+06    57.404           2.295e+08   3672.3          3.588e+06   57.404      1.938e+07   310.11      6.3858        
55     318.2        5466.3       446.58       3.586e+06    57.381           2.295e+08   3672.3          3.586e+06   57.381      1.942e+07   310.68      6.3858        
56     318.2        5466.4       444.31       3.586e+06    57.383           2.295e+08   3672.3          3.586e+06   57.383      1.941e+07   310.54      6.3858        
57     318.2        5466.3       444.07       3.586e+06    57.377           2.295e+08   3672.3          3.586e+06   57.377      1.940e+07   310.43      6.3858        
58     318.2        5466.3       445.34       3.587e+06    57.388           2.295e+08   3672.3          3.587e+06   57.388      1.940e+07   310.35      6.3858        
59     318.2        5466.3       444.37       3.586e+06    57.377           2.295e+08   3672.3          3.586e+06   57.377      1.940e+07   310.42      6.3858        
60     318.2        5466.3       444.14       3.586e+06    57.375           2.295e+08   3672.3          3.586e+06   57.375      1.939e+07   310.27      6.3858        
61     318.2        5466.4       442.86       3.587e+06    57.386           2.295e+08   3672.3          3.587e+06   57.386      1.939e+07   310.3       6.3858        
62     318.2        5466.3       444.75       3.587e+06    57.387           2.295e+08   3672.3          3.587e+06   57.387      1.941e+07   310.5       6.3858        
63     318.2        5466.3       443.57       3.587e+06    57.385           2.295e+08   3672.3          3.587e+06   57.385      1.939e+07   310.27      6.3858        
