Performance Recorder: CBC_RTA_1D_Detailed_NoPerm_64MPI16Threads.log
Rank | prepT(ms)  | commT(ms)  | compT(ms)  | Alocalnnz  | Alocalmem(MB)  | Aneednnz  | Aneedmem(MB)  | Bnnz      | Bmem(MB)  | Cnnz      | Cmem(MB)  | TotTime(s)  | 
0      198.01       3.7014       23.574       1.304e+05    2.0864           2.584e+05   4.1349          2.892e+06   46.269      6.214e+05   9.942       0.23139       
1      198.01       3.6735       22.589       1.304e+05    2.0864           3.092e+05   4.9469          3.566e+06   57.063      7.055e+05   11.288      0.23139       
2      198.01       3.6658       20.915       1.304e+05    2.0864           3.092e+05   4.9469          3.565e+06   57.04       7.074e+05   11.319      0.23139       
3      198.01       3.6765       22.204       1.304e+05    2.0864           3.092e+05   4.9469          3.565e+06   57.04       7.055e+05   11.287      0.23139       
4      198.01       3.7044       20.754       1.304e+05    2.0864           3.092e+05   4.9469          3.565e+06   57.04       7.056e+05   11.289      0.23139       
5      198.01       3.7114       22.048       1.304e+05    2.0864           3.092e+05   4.9469          3.565e+06   57.04       7.063e+05   11.301      0.23139       
6      198.01       3.6868       21.43        1.304e+05    2.0864           3.092e+05   4.9469          3.565e+06   57.04       7.060e+05   11.295      0.23139       
7      198.01       3.695        21.68        1.304e+05    2.0864           3.092e+05   4.948           3.565e+06   57.04       7.043e+05   11.269      0.23139       
8      198.01       3.7581       21.595       1.304e+05    2.0864           3.092e+05   4.9469          3.565e+06   57.04       7.099e+05   11.358      0.23139       
9      198.01       3.715        21.488       1.304e+05    2.0864           3.092e+05   4.9475          3.565e+06   57.04       7.072e+05   11.315      0.23139       
10     198.01       3.7044       21.369       1.304e+05    2.0864           3.092e+05   4.9475          3.565e+06   57.04       7.045e+05   11.271      0.23139       
11     198.01       3.7003       22.243       1.304e+05    2.0864           3.092e+05   4.9464          3.565e+06   57.04       7.070e+05   11.311      0.23139       
12     198.01       3.672        21.172       1.304e+05    2.0864           3.092e+05   4.9464          3.565e+06   57.04       7.058e+05   11.293      0.23139       
13     198.01       3.697        22.062       1.304e+05    2.0864           3.092e+05   4.9475          3.565e+06   57.04       7.060e+05   11.295      0.23139       
14     198.01       3.6862       21.102       1.304e+05    2.0864           3.092e+05   4.9475          3.565e+06   57.04       7.076e+05   11.321      0.23139       
15     198.01       3.6875       21.559       1.304e+05    2.0864           3.092e+05   4.9475          3.565e+06   57.04       7.071e+05   11.314      0.23139       
16     198.01       3.6952       21.006       1.304e+05    2.0864           3.092e+05   4.9475          3.565e+06   57.04       7.069e+05   11.31       0.23139       
17     198.01       3.6944       20.981       1.304e+05    2.0864           3.092e+05   4.9475          3.565e+06   57.039      7.046e+05   11.273      0.23139       
18     198.01       3.6762       21.021       1.304e+05    2.0864           3.092e+05   4.9464          3.565e+06   57.04       7.049e+05   11.278      0.23139       
19     198.01       3.688        21.221       1.304e+05    2.0864           3.092e+05   4.9464          3.565e+06   57.04       7.062e+05   11.299      0.23139       
20     198.01       3.6761       20.907       1.304e+05    2.0864           3.092e+05   4.9475          3.565e+06   57.04       7.061e+05   11.297      0.23139       
21     198.01       3.68         21.097       1.304e+05    2.0864           3.092e+05   4.9475          3.565e+06   57.04       7.061e+05   11.298      0.23139       
22     198.01       3.6899       20.895       1.304e+05    2.0864           3.092e+05   4.9475          3.565e+06   57.04       7.070e+05   11.313      0.23139       
23     198.01       3.6944       21.075       1.304e+05    2.0864           3.092e+05   4.9475          3.565e+06   57.04       7.076e+05   11.321      0.23139       
24     198.01       3.7262       20.941       1.304e+05    2.0864           3.092e+05   4.9469          3.565e+06   57.04       7.065e+05   11.304      0.23139       
25     198.01       3.6704       20.835       1.304e+05    2.0864           3.092e+05   4.9469          3.565e+06   57.04       7.051e+05   11.282      0.23139       
26     198.01       3.698        20.853       1.304e+05    2.0864           3.092e+05   4.9469          3.565e+06   57.04       7.040e+05   11.264      0.23139       
27     198.01       3.7067       21.03        1.304e+05    2.0864           3.092e+05   4.9469          3.565e+06   57.04       7.088e+05   11.341      0.23139       
28     198.01       3.7086       20.874       1.304e+05    2.0864           3.092e+05   4.9469          3.565e+06   57.04       7.033e+05   11.252      0.23139       
29     198.01       3.6999       21.041       1.304e+05    2.0864           3.092e+05   4.9469          3.565e+06   57.04       7.061e+05   11.298      0.23139       
30     198.01       3.7076       20.947       1.304e+05    2.0864           3.092e+05   4.948           3.565e+06   57.04       7.091e+05   11.346      0.23139       
31     198.01       3.7415       21.534       1.304e+05    2.0864           3.092e+05   4.9469          3.565e+06   57.04       7.056e+05   11.29       0.23139       
32     198.01       3.701        22.369       1.304e+05    2.0864           3.133e+05   5.0135          2.926e+06   46.82       5.928e+05   9.4847      0.23139       
33     198.01       3.6734       21.721       1.304e+05    2.0864           3.169e+05   5.0708          3.651e+06   58.418      7.173e+05   11.477      0.23139       
34     198.01       3.6759       21.935       1.304e+05    2.0864           3.169e+05   5.0698          3.651e+06   58.418      7.161e+05   11.457      0.23139       
35     198.01       3.6788       21.574       1.304e+05    2.0864           3.169e+05   5.0708          3.651e+06   58.418      7.138e+05   11.421      0.23139       
36     198.01       3.6812       22.055       1.304e+05    2.0864           3.169e+05   5.0698          3.651e+06   58.418      7.119e+05   11.391      0.23139       
37     198.01       3.6753       21.615       1.304e+05    2.0864           3.169e+05   5.0708          3.651e+06   58.418      7.124e+05   11.399      0.23139       
38     198.01       3.6969       21.922       1.304e+05    2.0864           3.169e+05   5.0698          3.651e+06   58.418      7.122e+05   11.395      0.23139       
39     198.01       3.7083       22.456       1.304e+05    2.0864           3.169e+05   5.0708          3.651e+06   58.418      7.142e+05   11.427      0.23139       
40     198.01       3.7002       21.997       1.304e+05    2.0864           3.169e+05   5.0703          3.651e+06   58.418      7.121e+05   11.394      0.23139       
41     198.01       3.6946       21.452       1.304e+05    2.0864           3.169e+05   5.0703          3.651e+06   58.418      7.158e+05   11.453      0.23139       
42     198          3.6799       21.973       1.304e+05    2.0864           3.172e+05   5.0755          3.651e+06   58.418      7.121e+05   11.394      0.23139       
43     198.01       3.7033       22.207       1.304e+05    2.0864           3.169e+05   5.0703          3.651e+06   58.418      7.136e+05   11.418      0.23139       
44     198.01       3.7006       22.022       1.304e+05    2.0864           3.169e+05   5.0703          3.651e+06   58.418      7.117e+05   11.387      0.23139       
45     198.01       3.6945       21.811       1.304e+05    2.0864           3.169e+05   5.0703          3.651e+06   58.418      7.123e+05   11.396      0.23139       
46     198.01       3.7095       21.314       1.304e+05    2.0864           3.169e+05   5.0703          3.651e+06   58.418      7.151e+05   11.442      0.23139       
47     198.01       3.7219       21.567       1.304e+05    2.0864           3.169e+05   5.0703          3.651e+06   58.418      7.141e+05   11.426      0.23139       
48     198.01       3.7061       22.079       1.304e+05    2.0864           3.169e+05   5.0703          3.651e+06   58.418      7.154e+05   11.446      0.23139       
49     198.01       3.6811       21.664       1.304e+05    2.0864           3.169e+05   5.0703          3.651e+06   58.418      7.102e+05   11.364      0.23139       
50     198.01       3.6905       22.022       1.304e+05    2.0864           3.169e+05   5.0703          3.651e+06   58.418      7.161e+05   11.458      0.23139       
51     198.01       3.7034       21.476       1.304e+05    2.0864           3.169e+05   5.0703          3.651e+06   58.418      7.115e+05   11.384      0.23139       
52     198.01       3.6721       21.584       1.304e+05    2.0864           3.169e+05   5.0703          3.651e+06   58.418      7.116e+05   11.385      0.23139       
53     198.01       3.6794       21.536       1.304e+05    2.0864           3.172e+05   5.0755          3.651e+06   58.418      7.128e+05   11.406      0.23139       
54     198.01       3.7011       21.463       1.304e+05    2.0864           3.169e+05   5.0703          3.651e+06   58.418      7.153e+05   11.445      0.23139       
55     198.02       3.6947       21.539       1.304e+05    2.0864           3.169e+05   5.0703          3.651e+06   58.418      7.130e+05   11.408      0.23139       
56     198.01       3.7327       21.507       1.304e+05    2.0864           3.169e+05   5.0703          3.651e+06   58.418      7.149e+05   11.438      0.23139       
57     198.01       3.6774       21.397       1.304e+05    2.0864           3.169e+05   5.0708          3.651e+06   58.418      7.127e+05   11.403      0.23139       
58     198.01       3.6876       21.601       1.304e+05    2.0864           3.169e+05   5.0698          3.651e+06   58.418      7.132e+05   11.411      0.23139       
59     198.01       3.7551       21.492       1.304e+05    2.0864           3.169e+05   5.0708          3.651e+06   58.418      7.134e+05   11.414      0.23139       
60     198.01       3.7087       21.985       1.304e+05    2.0864           3.169e+05   5.0698          3.651e+06   58.418      7.125e+05   11.4        0.23139       
61     198.01       3.7125       21.506       1.304e+05    2.0864           3.169e+05   5.0708          3.651e+06   58.418      7.139e+05   11.423      0.23139       
62     198.01       3.7076       22.198       1.304e+05    2.0864           3.169e+05   5.0698          3.651e+06   58.418      7.161e+05   11.458      0.23139       
63     198.01       3.7046       21.648       1.304e+05    2.0864           3.162e+05   5.0596          3.649e+06   58.388      6.853e+05   10.964      0.23139       
