MPI Size: 16 Threads Numbers: 16
random permutation!
Reading input file....
Matrix is symmetric
As a whole: 8345600 rows and 8345600 columns and 229518112 nonzeros and 3672.29 MB.
Reader took 4.62563 seconds
Generating random permutation vector.
Perfoming random permuation of matrix.
Permutation took 6.66117 seconds
Input load balance: 1.10931
Reading matrix: /pscratch/sd/y/yuxihong/graphclustering/dataset/1DspGEMM/nlpkkt160.mtx
Computing restriction matrix
As a whole: 8345600 rows and 8345600 columns and 221172512 nonzeros and 1990.55 MB.
As a whole, mis2 has: 159513 nonzeros and length 8345600
As a whole, mis2neighUnion has: 8345600 nonzeros and length 8345600
As a whole: 8345600 rows and 159513 columns and 8345600 nonzeros and 133.53 MB.
Rop final (before normalization)... Load balance (before): 1.05799
Load balance (after): 1.00214
Restriction Op computed : time 9.75963
=============A square============
Timer|Info: AA_2D|Time: 6.330452
Timer|Info: AA_1D_CBC|Time: 4.022677
nnz(A)=   229518112
nnz(AA)=  1241294184
AA pass!
=============RT * A============
Timer|Info: RTA_2D|Time: 0.914129
Timer|Info: CBC_RTA_1D|Time: 0.690988
nnz(RT)=  8345600
nnz(A)=   229518112
nnz(RTA)= 45129612
RTA pass!
=============RTA * R============
Timer|Info: RTAR_2D|Time: 0.486570
Timer|Info: RTAR_1D|Time: 0.598737
nnz(RTA)= 45129612
nnz(R)=   8345600
nnz(RTAR)=3638457
cbc-RTAR pass!
=============RTA * R Out Product============
Timer|Info: RTAR_1DOP|Time: 0.101431
nnz(RTA)= 45129612
nnz(R)=   8345600
nnz(RTAR)=3638457
cbc-RTAR-1DOP outproduct pass!