Matrix is symmetric
MPIIO WARNING: DVS stripe width of 24 was requested but DVS set it to 1
See MPICH_MPIIO_DVS_MAXNODES in the intro_mpi man page.
/global/cfs/cdirs/m1982/yuxihong/spgemm1ddataset/nlpkkt160.mtx.graph exists , deleted it.
MPIIO WARNING: DVS stripe width of 24 was requested but DVS set it to 1
See MPICH_MPIIO_DVS_MAXNODES in the intro_mpi man page.
matrix is symm!!!
      Setup: Max:   0.464, Sum:  29.680, Balance:   1.000
   Matching: Max:   0.153, Sum:   9.818, Balance:   1.000
Contraction: Max:   0.172, Sum:  11.019, Balance:   1.000
   InitPart: Max:   0.009, Sum:   0.558, Balance:   1.000
    Project: Max:   0.003, Sum:   0.176, Balance:   1.173
 Initialize: Max:   0.053, Sum:   3.333, Balance:   1.015
      K-way: Max:   0.093, Sum:   5.943, Balance:   1.001
      Remap: Max:   0.001, Sum:   0.040, Balance:   1.003
      Total: Max:   0.948, Sum:  60.651, Balance:   1.000
we run partitioner in 950.97 ms!
MPIIO WARNING: DVS stripe width of 24 was requested but DVS set it to 1
See MPICH_MPIIO_DVS_MAXNODES in the intro_mpi man page.
order.txt exists , deleted it.
totnvtx 8345600 metis nvtxs 8345600
permute time 11.950839 s