MPI Size: 64 Threads Numbers: 16
no permutation!
Reading input file....
Matrix is symmetric
As a whole: 8345600 rows and 8345600 columns and 229518112 nonzeros and 3672.29 MB.
Reader took 1.77382 seconds
Input load balance: 7.59734
Reading matrix: /pscratch/sd/y/yuxihong/graphclustering/dataset/1DspGEMM/nlpkkt160.mtx
Computing restriction matrix
As a whole: 8345600 rows and 8345600 columns and 221172512 nonzeros and 1990.55 MB.
As a whole, mis2 has: 160053 nonzeros and length 8345600
As a whole, mis2neighUnion has: 8345600 nonzeros and length 8345600
As a whole: 8345600 rows and 160053 columns and 8345600 nonzeros and 133.53 MB.
Rop final (before normalization)... Load balance (before): 3.97085
Load balance (after): 1.00976
Restriction Op computed : time 7.61402
=============A square============
Timer|Info: AA_2D|Time: 17.986518
Timer|Info: AA_1D_CBC|Time: 0.651725
nnz(A)=   229518112
nnz(AA)=  1241294184
AA pass!
=============RT * A============
Timer|Info: RTA_2D|Time: 3.158797
Timer|Info: CBC_RTA_1D|Time: 0.231386
nnz(RT)=  8345600
nnz(A)=   229518112
nnz(RTA)= 45200209
RTA pass!
=============RTA * R============
Timer|Info: RTAR_2D|Time: 0.455549
Timer|Info: RTAR_1D|Time: 2.984024
nnz(RTA)= 45200209
nnz(R)=   8345600
nnz(RTAR)=3656609
cbc-RTAR pass!
=============RTA * R Out Product============
Timer|Info: RTAR_1DOP|Time: 0.023385
nnz(RTA)= 45200209
nnz(R)=   8345600
nnz(RTAR)=3656609
cbc-RTAR-1DOP outproduct pass!