MPI Size: 64 Threads Numbers: 16
random permutation!
Reading input file....
Matrix is symmetric
As a whole: 8345600 rows and 8345600 columns and 229518112 nonzeros and 3672.29 MB.
Reader took 1.79347 seconds
Generating random permutation vector.
Perfoming random permuation of matrix.
Permutation took 8.14993 seconds
Input load balance: 1.25599
Reading matrix: /pscratch/sd/y/yuxihong/graphclustering/dataset/1DspGEMM/nlpkkt160.mtx
Computing restriction matrix
As a whole: 8345600 rows and 8345600 columns and 221172512 nonzeros and 1990.55 MB.
As a whole, mis2 has: 159828 nonzeros and length 8345600
As a whole, mis2neighUnion has: 8345600 nonzeros and length 8345600
As a whole: 8345600 rows and 159828 columns and 8345600 nonzeros and 133.53 MB.
Rop final (before normalization)... Load balance (before): 1.13549
Load balance (after): 1.00682
Restriction Op computed : time 3.87064
=============A square============
Timer|Info: AA_2D|Time: 4.713936
Timer|Info: AA_1D_CBC|Time: 6.385834
nnz(A)=   229518112
nnz(AA)=  1241294184
AA pass!
=============RT * A============
Timer|Info: RTA_2D|Time: 1.030299
Timer|Info: CBC_RTA_1D|Time: 0.649949
nnz(RT)=  8345600
nnz(A)=   229518112
nnz(RTA)= 45165094
RTA pass!
=============RTA * R============
Timer|Info: RTAR_2D|Time: 0.333804
Timer|Info: RTAR_1D|Time: 3.381607
nnz(RTA)= 45165094
nnz(R)=   8345600
nnz(RTAR)=3647036
cbc-RTAR pass!
=============RTA * R Out Product============
Timer|Info: RTAR_1DOP|Time: 0.055603
nnz(RTA)= 45165094
nnz(R)=   8345600
nnz(RTAR)=3647036
cbc-RTAR-1DOP outproduct pass!