Performance Recorder: RTA_2D_Detailed_NoPerm_64MPI16Threads.log
Rank | bcastA(ms)  | bcastB(ms)  | compT(ms)  | merge(ms)  | Alocalnnz  | Blocalnnz  | Clocalnnz  | TotTime(s)  | 
0      2200.8        391.88        95.67        5.4687       1.299e+05    1.043e+06    6.924e+05    3.1588        
1      1952.4        647.33        88.44        5.1311       1.306e+05    0.000e+00    7.097e+05    3.1588        
2      1970.9        645.81        93.639       4.3553       1.294e+05    0.000e+00    7.034e+05    3.1588        
3      2410.6        635.96        98.039       4.1623       1.293e+05    0.000e+00    7.013e+05    3.1588        
4      2496.3        140.08        92.452       4.9182       1.299e+05    2.609e+07    6.998e+05    3.1588        
5      2059.1        532.51        96.627       5.1828       1.308e+05    7.147e+05    7.137e+05    3.1588        
6      1708.5        884.11        95.573       5.817        1.294e+05    0.000e+00    7.102e+05    3.1588        
7      2105.7        531.67        95.256       4.4309       1.298e+05    0.000e+00    7.054e+05    3.1588        
8      2189.7        395.54        96.735       4.6331       1.297e+05    0.000e+00    6.961e+05    3.1588        
9      1938.5        649.19        94.137       4.8565       1.297e+05    1.043e+06    7.066e+05    3.1588        
10     1958.8        655.08        96.509       4.5384       1.306e+05    0.000e+00    7.058e+05    3.1588        
11     2402.9        643.9         95.305       4.2666       1.306e+05    0.000e+00    7.051e+05    3.1588        
12     2487.5        150.23        91.217       3.5995       1.300e+05    0.000e+00    6.954e+05    3.1588        
13     2040          546.32        95.498       5.4071       1.302e+05    2.723e+07    7.099e+05    3.1588        
14     1685.7        899.75        96.251       5.2555       1.302e+05    2.475e+05    7.112e+05    3.1588        
15     2078.8        555.22        99.683       4.2633       1.299e+05    0.000e+00    7.076e+05    3.1588        
16     2232.8        383.07        93.013       5.4295       1.304e+05    0.000e+00    6.990e+05    3.1588        
17     2099.2        515.78        93.757       5.1672       1.306e+05    0.000e+00    7.031e+05    3.1588        
18     1984.5        633.3         93.651       4.7828       1.302e+05    1.043e+06    7.047e+05    3.1588        
19     2432.7        496.4         89.349       4.1849       1.311e+05    0.000e+00    7.077e+05    3.1588        
20     2381.6        247.8         96.222       5.5218       1.317e+05    0.000e+00    6.990e+05    3.1588        
21     2211.8        401.12        95.852       5.3211       1.297e+05    2.219e+05    7.121e+05    3.1588        
22     1854.1        757.9         96.753       5.9407       1.299e+05    2.725e+07    7.127e+05    3.1588        
23     2121          517.28        96.634       4.2882       1.309e+05    9.243e+03    7.160e+05    3.1588        
24     2230.7        377.78        94.958       4.2948       1.304e+05    0.000e+00    6.901e+05    3.1588        
25     2099.4        515.68        88.231       4.7521       1.308e+05    0.000e+00    7.103e+05    3.1588        
26     1983.9        639.29        88.28        4.9936       1.309e+05    0.000e+00    7.098e+05    3.1588        
27     2420.9        507.46        94.979       4.1412       1.305e+05    1.043e+06    7.072e+05    3.1588        
28     2378.3        252.94        93.45        3.5557       1.295e+05    0.000e+00    6.991e+05    3.1588        
29     2212.5        395.41        95.472       5.1329       1.310e+05    0.000e+00    7.154e+05    3.1588        
30     1844.6        762.76        96.031       4.8892       1.315e+05    6.727e+05    7.172e+05    3.1588        
31     2115.7        522.32        97.079       4.3423       1.303e+05    2.680e+07    7.117e+05    3.1588        
32     2075.5        541.49        89.84        6.9169       1.311e+05    2.609e+07    6.956e+05    3.1588        
33     1965.9        646.57        94.228       5.9604       1.300e+05    0.000e+00    7.073e+05    3.1588        
34     2108.3        509.42        93.739       4.5638       1.313e+05    0.000e+00    7.053e+05    3.1588        
35     2679.1        375.73        90.454       4.2376       1.303e+05    0.000e+00    7.098e+05    3.1588        
36     2255.5        376.03        92.838       4.8396       1.308e+05    1.043e+06    7.020e+05    3.1588        
37     2061.9        548.63        96.133       5.316        1.304e+05    0.000e+00    7.163e+05    3.1588        
38     2104.2        506.95        95.487       5.6326       1.300e+05    0.000e+00    7.161e+05    3.1588        
39     2370.6        267.46        97.747       4.2831       1.314e+05    1.351e+06    7.118e+05    3.1588        
40     2065.8        545.49        90.506       4.6284       1.311e+05    7.147e+05    7.009e+05    3.1588        
41     1951.2        663.25        87.254       4.7682       1.308e+05    2.723e+07    7.060e+05    3.1588        
42     2090.3        530.33        90.756       4.7135       1.304e+05    2.219e+05    7.069e+05    3.1588        
43     2659          397.33        94.217       4.2667       1.300e+05    0.000e+00    7.000e+05    3.1588        
44     2246.7        385.06        92.363       3.6662       1.314e+05    0.000e+00    7.015e+05    3.1588        
45     2044.3        562.16        95.219       5.164        1.304e+05    1.043e+06    7.147e+05    3.1588        
46     2068.3        537.77        95.71        4.9255       1.306e+05    0.000e+00    7.142e+05    3.1588        
47     2348          290.26        97.094       4.3615       1.289e+05    0.000e+00    7.057e+05    3.1588        
48     2084.9        382.39        97.012       4.5886       1.309e+05    0.000e+00    6.920e+05    3.1588        
49     2069.4        405.88        88.873       5.0177       1.302e+05    2.475e+05    7.061e+05    3.1588        
50     2202.9        419.77        88.174       4.3749       1.301e+05    2.725e+07    7.078e+05    3.1588        
51     2413.2        636.17        89.155       4.0667       1.306e+05    6.727e+05    7.067e+05    3.1588        
52     2142          494.69        92.505       4.4627       1.292e+05    0.000e+00    7.012e+05    3.1588        
53     2173          295.62        95.544       5.5398       1.305e+05    0.000e+00    7.118e+05    3.1588        
54     2073.6        394.65        95.958       4.8317       1.311e+05    1.043e+06    7.138e+05    3.1588        
55     2138.9        498.55        98.155       4.2209       1.305e+05    0.000e+00    7.106e+05    3.1588        
56     2088.1        392.98        89.356       5.3129       1.296e+05    0.000e+00    6.960e+05    3.1588        
57     2065.4        411.92        93.05        4.856        1.304e+05    0.000e+00    7.060e+05    3.1588        
58     2196.9        420.21        93.751       4.2731       1.302e+05    9.243e+03    7.056e+05    3.1588        
59     2423.1        626.22        89.737       4.1118       1.308e+05    2.680e+07    7.106e+05    3.1588        
60     2149.4        488.73        90.909       3.7528       1.306e+05    1.351e+06    6.927e+05    3.1588        
61     2168.3        306.12        95.925       5.3977       1.303e+05    0.000e+00    7.130e+05    3.1588        
62     2084.2        390.86        95.245       5.5911       1.304e+05    0.000e+00    7.106e+05    3.1588        
63     2144.7        493.04        97.421       4.2853       1.315e+05    1.043e+06    7.132e+05    3.1588        
