Performance Recorder: RTAR_1DOP_Detailed_NoPerm_64MPI16Threads.log
Rank | sendB(ms)  | sendC(ms)  | mergeC(ms)  | compT(ms)  | Alocalnnz  | Alocalmem(MB)  | Bnnz      | Bmem(MB)  | Cnnz      | Cmem(MB)  | TotTime(s)  | 
0      10.919       6.9216       1.1315        2.3799       6.214e+05    9.942            1.304e+05   2.0864      5.725e+04   0.91602     0.023385      
1      10.484       7.2943       1.1643        2.6121       7.055e+05    11.288           1.304e+05   2.0864      5.678e+04   0.90848     0.023385      
2      10.641       7.2767       1.1669        2.5582       7.074e+05    11.319           1.304e+05   2.0864      5.692e+04   0.91066     0.023385      
3      10.957       7.2091       1.2282        2.8124       7.055e+05    11.287           1.304e+05   2.0864      5.719e+04   0.91506     0.023385      
4      10.757       7.6355       1.2362        2.552        7.056e+05    11.289           1.304e+05   2.0864      5.694e+04   0.91106     0.023385      
5      9.1212       8.8253       1.026         2.2817       7.063e+05    11.301           1.304e+05   2.0864      5.667e+04   0.90677     0.023385      
6      10.958       6.6874       1.2316        2.6277       7.060e+05    11.295           1.304e+05   2.0864      5.728e+04   0.91654     0.023385      
7      10.686       7.6232       1.3101        2.6178       7.043e+05    11.269           1.304e+05   2.0864      5.702e+04   0.91238     0.023385      
8      10.829       6.8638       1.194         2.6153       7.099e+05    11.358           1.304e+05   2.0864      5.696e+04   0.91141     0.023385      
9      10.849       6.8898       1.2675        2.6889       7.072e+05    11.315           1.304e+05   2.0864      5.658e+04   0.90528     0.023385      
10     10.829       7.0198       0.99016       2.5806       7.045e+05    11.271           1.304e+05   2.0864      5.691e+04   0.91054     0.023385      
11     10.666       7.0941       1.2457        2.5996       7.070e+05    11.311           1.304e+05   2.0864      5.716e+04   0.91448     0.023385      
12     10.982       7.3838       1.2007        2.597        7.058e+05    11.293           1.304e+05   2.0864      5.733e+04   0.91734     0.023385      
13     10.922       6.8147       1.2471        2.6207       7.060e+05    11.295           1.304e+05   2.0864      5.732e+04   0.9172      0.023385      
14     10.876       6.7322       1.1247        2.4398       7.076e+05    11.321           1.304e+05   2.0864      5.703e+04   0.91242     0.023385      
15     8.9106       9.2164       1.028         2.3642       7.071e+05    11.314           1.304e+05   2.0864      5.699e+04   0.91182     0.023385      
16     10.686       6.9407       1.2281        2.6604       7.069e+05    11.31            1.304e+05   2.0864      5.726e+04   0.9161      0.023385      
17     10.941       6.8212       1.1842        2.5843       7.046e+05    11.273           1.304e+05   2.0864      5.690e+04   0.9104      0.023385      
18     10.767       7.0855       1.2388        2.4757       7.049e+05    11.278           1.304e+05   2.0864      5.729e+04   0.91664     0.023385      
19     11.04        6.81         1.0968        2.6597       7.062e+05    11.299           1.304e+05   2.0864      5.727e+04   0.91627     0.023385      
20     10.759       6.9071       1.3175        2.6161       7.061e+05    11.297           1.304e+05   2.0864      5.746e+04   0.91936     0.023385      
21     10.575       7.9333       1.2612        2.522        7.061e+05    11.298           1.304e+05   2.0864      5.697e+04   0.91154     0.023385      
22     10.603       7.2137       1.2216        2.4749       7.070e+05    11.313           1.304e+05   2.0864      5.691e+04   0.91056     0.023385      
23     10.805       6.8196       1.2013        2.7108       7.076e+05    11.321           1.304e+05   2.0864      5.687e+04   0.90994     0.023385      
24     10.926       6.7763       1.2891        2.636        7.065e+05    11.304           1.304e+05   2.0864      5.726e+04   0.91616     0.023385      
25     9.2873       8.7915       1.2022        2.2844       7.051e+05    11.282           1.304e+05   2.0864      5.730e+04   0.91686     0.023385      
26     9.1172       8.9619       1.2522        2.2095       7.040e+05    11.264           1.304e+05   2.0864      5.729e+04   0.91669     0.023385      
27     10.98        7.4135       1.2096        2.6341       7.088e+05    11.341           1.304e+05   2.0864      5.741e+04   0.91862     0.023385      
28     10.924       6.9431       1.2727        2.5288       7.033e+05    11.252           1.304e+05   2.0864      5.728e+04   0.9165      0.023385      
29     10.489       7.1997       1.3349        2.6017       7.061e+05    11.298           1.304e+05   2.0864      5.727e+04   0.91627     0.023385      
30     10.59        7.022        1.2226        2.6827       7.091e+05    11.346           1.304e+05   2.0864      5.721e+04   0.9153      0.023385      
31     10.856       7.4168       1.2507        2.6454       7.056e+05    11.29            1.304e+05   2.0864      5.697e+04   0.9115      0.023385      
32     10.61        7.1991       1.1335        2.3877       5.928e+05    9.4847           1.304e+05   2.0864      5.734e+04   0.91747     0.023385      
33     10.548       6.9059       1.0564        2.8452       7.173e+05    11.477           1.304e+05   2.0864      5.708e+04   0.91325     0.023385      
34     10.5         7.3034       1.0004        2.4136       7.161e+05    11.457           1.304e+05   2.0864      5.752e+04   0.92029     0.023385      
35     9.2792       8.7575       1.0244        2.3613       7.138e+05    11.421           1.304e+05   2.0864      5.713e+04   0.91413     0.023385      
36     10.649       6.8601       1.0893        2.6589       7.119e+05    11.391           1.304e+05   2.0864      5.735e+04   0.91755     0.023385      
37     10.859       7.2666       1.0525        2.7668       7.124e+05    11.399           1.304e+05   2.0864      5.707e+04   0.91312     0.023385      
38     10.413       7.3613       0.94523       2.5692       7.122e+05    11.395           1.304e+05   2.0864      5.707e+04   0.91317     0.023385      
39     9.1851       8.8546       1.0745        2.4315       7.142e+05    11.427           1.304e+05   2.0864      5.720e+04   0.91526     0.023385      
40     10.588       7.3171       1.0098        2.5719       7.121e+05    11.394           1.304e+05   2.0864      5.685e+04   0.90958     0.023385      
41     10.738       7.4888       1.0774        2.7353       7.158e+05    11.453           1.304e+05   2.0864      5.706e+04   0.91296     0.023385      
42     10.869       6.7786       1.2526        2.7181       7.121e+05    11.394           1.304e+05   2.0864      5.705e+04   0.91286     0.023385      
43     10.827       6.602        1.0829        2.8141       7.136e+05    11.418           1.304e+05   2.0864      5.715e+04   0.9144      0.023385      
44     10.975       6.6338       1.1229        2.7102       7.117e+05    11.387           1.304e+05   2.0864      5.723e+04   0.91566     0.023385      
45     10.548       7.1471       1.0853        2.817        7.123e+05    11.396           1.304e+05   2.0864      5.725e+04   0.91605     0.023385      
46     10.793       7.0334       1.1423        2.5394       7.151e+05    11.442           1.304e+05   2.0864      5.692e+04   0.91074     0.023385      
47     9.0765       8.8343       0.98584       2.4886       7.141e+05    11.426           1.304e+05   2.0864      5.738e+04   0.91814     0.023385      
48     10.652       7.5942       1.1693        2.6998       7.154e+05    11.446           1.304e+05   2.0864      5.707e+04   0.91318     0.023385      
49     10.603       7.7367       1.1078        2.6267       7.102e+05    11.364           1.304e+05   2.0864      5.695e+04   0.91126     0.023385      
50     10.607       7.7271       1.1538        2.6474       7.161e+05    11.458           1.304e+05   2.0864      5.716e+04   0.91448     0.023385      
51     10.66        7.1079       1.0485        2.6603       7.115e+05    11.384           1.304e+05   2.0864      5.731e+04   0.91693     0.023385      
52     10.56        7.1152       1.0947        2.6046       7.116e+05    11.385           1.304e+05   2.0864      5.701e+04   0.9121      0.023385      
53     10.676       6.9808       1.0111        2.7667       7.128e+05    11.406           1.304e+05   2.0864      5.720e+04   0.91515     0.023385      
54     8.919        8.935        1.1375        2.4486       7.153e+05    11.445           1.304e+05   2.0864      5.730e+04   0.91685     0.023385      
55     10.606       7.6896       1.1434        2.6158       7.130e+05    11.408           1.304e+05   2.0864      5.704e+04   0.91266     0.023385      
56     10.608       7.1388       1.0439        2.6365       7.149e+05    11.438           1.304e+05   2.0864      5.718e+04   0.91485     0.023385      
57     10.533       7.0731       1.075         2.6155       7.127e+05    11.403           1.304e+05   2.0864      5.714e+04   0.91419     0.023385      
58     10.458       7.5139       0.94235       2.3322       7.132e+05    11.411           1.304e+05   2.0864      5.718e+04   0.91496     0.023385      
59     10.617       7.5705       1.1194        2.7057       7.134e+05    11.414           1.304e+05   2.0864      5.678e+04   0.90854     0.023385      
60     10.603       7.1289       1.1029        2.5876       7.125e+05    11.4             1.304e+05   2.0864      5.696e+04   0.91134     0.023385      
61     10.693       7.5217       1.0468        2.6936       7.139e+05    11.423           1.304e+05   2.0864      5.696e+04   0.91144     0.023385      
62     10.818       6.8387       1.1575        2.6822       7.161e+05    11.458           1.304e+05   2.0864      5.738e+04   0.91814     0.023385      
63     10.706       7.0523       1.0659        2.6588       6.853e+05    10.964           1.304e+05   2.0864      5.805e+04   0.92886     0.023385      
