MPI Size: 16 Threads Numbers: 16
using graph partitioner results!
Total number of nonzeros expected across all processors is 952203
File is 13108641 bytes
MPIIO WARNING: DVS stripe width of 24 was requested but DVS set it to 1
See MPICH_MPIIO_DVS_MAXNODES in the intro_mpi man page.
Fetching first piece
Fetched first piece
Reading input file....
Matrix is symmetric
MPIIO WARNING: DVS stripe width of 24 was requested but DVS set it to 1
See MPICH_MPIIO_DVS_MAXNODES in the intro_mpi man page.
As a whole: 952203 rows and 952203 columns and 46522475 nonzeros and 744.36 MB.
Reader took 1.09312 seconds
matrix is symm, no need for add transpose.
Perfoming gp permuation of matrix.
Permutation took 1.95715 seconds
Input load balance: 3.97415
Reading matrix: /global/cfs/cdirs/m1982/yuxihong/spgemm1ddataset/ldoor.mtx
Computing restriction matrix
As a whole: 952203 rows and 952203 columns and 45570272 nonzeros and 410.132 MB.
As a whole, mis2 has: 12483 nonzeros and length 952203
As a whole, mis2neighUnion has: 952203 nonzeros and length 952203
As a whole: 952203 rows and 12483 columns and 952203 nonzeros and 15.2352 MB.
Rop final (before normalization)... Load balance (before): 3.9607
Load balance (after): 1.03544
Restriction Op computed : time 2.3688
=============A square============
Timer|Info: AA_1D_CBC|Time: 0.185647
nnz(A)=   46522475
nnz(AA)=  145422935
=============RT * A============
Timer|Info: RTA_2D|Time: 0.188343
Timer|Info: CBC_RTA_1D|Time: 0.032670
nnz(RT)=  952203
nnz(A)=   46522475
nnz(RTA)= 2316771
RTA pass!
=============RTA * R============
Timer|Info: RTAR_2D|Time: 0.025862
Timer|Info: RTAR_1D|Time: 0.114249
nnz(RTA)= 2316771
nnz(R)=   952203
nnz(RTAR)=86981
cbc-RTAR pass!
=============RTA * R Out Product============
Timer|Info: RTAR_1DOP|Time: 0.003534
nnz(RTA)= 2316771
nnz(R)=   952203
nnz(RTAR)=86981
cbc-RTAR-1DOP outproduct pass!