MPI Size: 16 Threads Numbers: 16
random permutation!
Reading input file....
Matrix is symmetric
As a whole: 952203 rows and 952203 columns and 46522475 nonzeros and 744.36 MB.
Reader took 1.01906 seconds
Generating random permutation vector.
Perfoming random permuation of matrix.
Permutation took 1.21198 seconds
Input load balance: 1.06354
Reading matrix: /pscratch/sd/y/yuxihong/graphclustering/dataset/1DspGEMM/ldoor.mtx
Computing restriction matrix
As a whole: 952203 rows and 952203 columns and 45570272 nonzeros and 410.132 MB.
As a whole, mis2 has: 12406 nonzeros and length 952203
As a whole, mis2neighUnion has: 952203 nonzeros and length 952203
As a whole: 952203 rows and 12406 columns and 952203 nonzeros and 15.2352 MB.
Rop final (before normalization)... Load balance (before): 1.04292
Load balance (after): 1.00681
Restriction Op computed : time 1.52007
=============A square============
Timer|Info: AA_2D|Time: 0.992952
Timer|Info: AA_1D_CBC|Time: 0.867062
nnz(A)=   46522475
nnz(AA)=  145422935
AA pass!
=============RT * A============
Timer|Info: RTA_2D|Time: 0.153647
Timer|Info: CBC_RTA_1D|Time: 0.068354
nnz(RT)=  952203
nnz(A)=   46522475
nnz(RTA)= 2312161
RTA pass!
=============RTA * R============
Timer|Info: RTAR_2D|Time: 0.025609
Timer|Info: RTAR_1D|Time: 0.128543
nnz(RTA)= 2312161
nnz(R)=   952203
nnz(RTAR)=86510
cbc-RTAR pass!
=============RTA * R Out Product============
Timer|Info: RTAR_1DOP|Time: 0.007118
nnz(RTA)= 2312161
nnz(R)=   952203
nnz(RTAR)=86510
cbc-RTAR-1DOP outproduct pass!