Matrix is symmetric
MPIIO WARNING: DVS stripe width of 24 was requested but DVS set it to 1
See MPICH_MPIIO_DVS_MAXNODES in the intro_mpi man page.
/global/cfs/cdirs/m1982/yuxihong/spgemm1ddataset/ldoor.mtx.graph exists , deleted it.
MPIIO WARNING: DVS stripe width of 24 was requested but DVS set it to 1
See MPICH_MPIIO_DVS_MAXNODES in the intro_mpi man page.
matrix is symm!!!
      Setup: Max:   0.049, Sum:   3.116, Balance:   1.001
   Matching: Max:   0.035, Sum:   2.267, Balance:   1.000
Contraction: Max:   0.025, Sum:   1.574, Balance:   1.001
   InitPart: Max:   0.006, Sum:   0.353, Balance:   1.000
    Project: Max:   0.001, Sum:   0.048, Balance:   1.429
 Initialize: Max:   0.010, Sum:   0.609, Balance:   1.061
      K-way: Max:   0.025, Sum:   1.587, Balance:   1.004
      Remap: Max:   0.001, Sum:   0.042, Balance:   1.004
      Total: Max:   0.151, Sum:   9.660, Balance:   1.000
we run partitioner in 152.683 ms!
MPIIO WARNING: DVS stripe width of 24 was requested but DVS set it to 1
See MPICH_MPIIO_DVS_MAXNODES in the intro_mpi man page.
order.txt exists , deleted it.
totnvtx 952203 metis nvtxs 952203
permute time 2.186869 s