Matrix is symmetric
MPIIO WARNING: DVS stripe width of 24 was requested but DVS set it to 1
See MPICH_MPIIO_DVS_MAXNODES in the intro_mpi man page.
As a whole: 952203 rows and 952203 columns and 46522475 nonzeros and 744.36 MB.
Reader took 0.63987 seconds
matrix is symm, no need for add transpose.
Perfoming gp permuation of matrix.
Permutation took 1.95505 seconds
Input load balance: 7.89388
Reading matrix: /global/cfs/cdirs/m1982/yuxihong/spgemm1ddataset/ldoor.mtx
Computing restriction matrix
As a whole: 952203 rows and 952203 columns and 45570272 nonzeros and 410.132 MB.
As a whole, mis2 has: 12645 nonzeros and length 952203
As a whole, mis2neighUnion has: 952203 nonzeros and length 952203
As a whole: 952203 rows and 12645 columns and 952203 nonzeros and 15.2352 MB.
Rop final (before normalization)... Load balance (before): 7.84122
Load balance (after): 1.1287
Restriction Op computed : time 1.54392
=============A square============
Timer|Info: AA_1D_CBC|Time: 0.110760
nnz(A)=   46522475
nnz(AA)=  145422935
=============RT * A============
Timer|Info: RTA_2D|Time: 0.360524
Timer|Info: CBC_RTA_1D|Time: 0.038692
nnz(RT)=  952203
nnz(A)=   46522475
nnz(RTA)= 2332561
RTA pass!
=============RTA * R============
Timer|Info: RTAR_2D|Time: 0.022946
Timer|Info: RTAR_1D|Time: 0.049752
nnz(RTA)= 2332561
nnz(R)=   952203
nnz(RTAR)=88174
cbc-RTAR pass!
=============RTA * R Out Product============
Timer|Info: RTAR_1DOP|Time: 0.003482
nnz(RTA)= 2332561
nnz(R)=   952203
nnz(RTAR)=88174
cbc-RTAR-1DOP outproduct pass!