MPI Size: 64 Threads Numbers: 16
random permutation!
Reading input file....
Matrix is symmetric
As a whole: 952203 rows and 952203 columns and 46522475 nonzeros and 744.36 MB.
Reader took 0.421857 seconds
Generating random permutation vector.
Perfoming random permuation of matrix.
Permutation took 1.28141 seconds
Input load balance: 1.14825
Reading matrix: /pscratch/sd/y/yuxihong/graphclustering/dataset/1DspGEMM/ldoor.mtx
Computing restriction matrix
As a whole: 952203 rows and 952203 columns and 45570272 nonzeros and 410.132 MB.
As a whole, mis2 has: 12501 nonzeros and length 952203
As a whole, mis2neighUnion has: 952203 nonzeros and length 952203
As a whole: 952203 rows and 12501 columns and 952203 nonzeros and 15.2352 MB.
Rop final (before normalization)... Load balance (before): 1.0957
Load balance (after): 1.02902
Restriction Op computed : time 0.579879
=============A square============
Timer|Info: AA_2D|Time: 0.837840
Timer|Info: AA_1D_CBC|Time: 1.167072
nnz(A)=   46522475
nnz(AA)=  145422935
AA pass!
=============RT * A============
Timer|Info: RTA_2D|Time: 0.244912
Timer|Info: CBC_RTA_1D|Time: 0.118575
nnz(RT)=  952203
nnz(A)=   46522475
nnz(RTA)= 2316540
RTA pass!
=============RTA * R============
Timer|Info: RTAR_2D|Time: 0.021734
Timer|Info: RTAR_1D|Time: 0.173145
nnz(RTA)= 2316540
nnz(R)=   952203
nnz(RTAR)=87163
cbc-RTAR pass!
=============RTA * R Out Product============
Timer|Info: RTAR_1DOP|Time: 0.005782
nnz(RTA)= 2316540
nnz(R)=   952203
nnz(RTAR)=87163
cbc-RTAR-1DOP outproduct pass!