MPI Size: 16 Threads Numbers: 16
no permutation!
Reading input file....
Matrix is symmetric
As a whole: 952203 rows and 952203 columns and 46522475 nonzeros and 744.36 MB.
Reader took 1.02425 seconds
Input load balance: 3.91583
Reading matrix: /pscratch/sd/y/yuxihong/graphclustering/dataset/1DspGEMM/ldoor.mtx
Computing restriction matrix
As a whole: 952203 rows and 952203 columns and 45570272 nonzeros and 410.132 MB.
As a whole, mis2 has: 12401 nonzeros and length 952203
As a whole, mis2neighUnion has: 952203 nonzeros and length 952203
As a whole: 952203 rows and 12401 columns and 952203 nonzeros and 15.2352 MB.
Rop final (before normalization)... Load balance (before): 3.874
Load balance (after): 1.02723
Restriction Op computed : time 2.35311
=============A square============
Timer|Info: AA_2D|Time: 1.630878
Timer|Info: AA_1D_CBC|Time: 0.637599
nnz(A)=   46522475
nnz(AA)=  145422935
AA pass!
=============RT * A============
Timer|Info: RTA_2D|Time: 0.185346
Timer|Info: CBC_RTA_1D|Time: 0.119359
nnz(RT)=  952203
nnz(A)=   46522475
nnz(RTA)= 2311414
RTA pass!
=============RTA * R============
Timer|Info: RTAR_2D|Time: 0.026074
Timer|Info: RTAR_1D|Time: 0.114036
nnz(RTA)= 2311414
nnz(R)=   952203
nnz(RTAR)=86462
cbc-RTAR pass!
=============RTA * R Out Product============
Timer|Info: RTAR_1DOP|Time: 0.004167
nnz(RTA)= 2311414
nnz(R)=   952203
nnz(RTAR)=86462
cbc-RTAR-1DOP outproduct pass!