Performance Recorder: RTAR_1D_Detailed_RandPerm_64MPI16Threads.log
Rank | prepT(ms)  | commT(ms)  | compT(ms)  | Alocalnnz  | Alocalmem(MB)  | Aneednnz  | Aneedmem(MB)  | Bnnz      | Bmem(MB)  | Cnnz      | Cmem(MB)  | TotTime(s)  | 
0      35.275       136.43       0.64165      3.606e+04    0.57699          2.717e+05   4.3468          1.476e+04   0.23621     1.340e+03   0.02144     0.17315       
1      35.274       136.44       0.75135      3.629e+04    0.5807           2.746e+05   4.3938          1.489e+04   0.23819     1.371e+03   0.021936    0.17315       
2      35.275       136.46       0.69988      3.640e+04    0.5824           2.792e+05   4.467           1.519e+04   0.24298     1.351e+03   0.021616    0.17315       
3      35.275       136.46       0.68932      3.613e+04    0.57808          2.704e+05   4.3263          1.465e+04   0.23442     1.352e+03   0.021632    0.17315       
4      35.273       136.41       0.74793      3.618e+04    0.57888          2.694e+05   4.3101          1.464e+04   0.23419     1.352e+03   0.021632    0.17315       
5      35.275       136.45       0.75392      3.622e+04    0.57949          2.723e+05   4.357           1.482e+04   0.23709     1.364e+03   0.021824    0.17315       
6      35.275       136.42       0.73854      3.600e+04    0.57592          2.706e+05   4.3302          1.467e+04   0.23475     1.378e+03   0.022048    0.17315       
7      35.275       136.44       0.83221      3.621e+04    0.57942          2.717e+05   4.3469          1.472e+04   0.23552     1.371e+03   0.021936    0.17315       
8      35.274       136.45       0.622        3.638e+04    0.58213          2.689e+05   4.303           1.452e+04   0.23224     1.357e+03   0.021712    0.17315       
9      35.274       136.45       0.7419       3.622e+04    0.57949          2.723e+05   4.3565          1.472e+04   0.23549     1.344e+03   0.021504    0.17315       
10     35.274       136.46       0.82635      3.619e+04    0.57904          2.824e+05   4.5181          1.543e+04   0.24693     1.393e+03   0.022288    0.17315       
11     35.277       136.5        0.69547      3.617e+04    0.57874          2.720e+05   4.3526          1.479e+04   0.23659     1.372e+03   0.021952    0.17315       
12     35.276       136.41       0.77584      3.610e+04    0.57762          2.753e+05   4.4049          1.492e+04   0.23874     1.363e+03   0.021808    0.17315       
13     35.277       136.45       0.78465      3.614e+04    0.5783           2.791e+05   4.4655          1.518e+04   0.24282     1.369e+03   0.021904    0.17315       
14     35.278       136.42       0.69306      3.623e+04    0.5797           2.766e+05   4.4249          1.502e+04   0.2403      1.357e+03   0.021712    0.17315       
15     35.279       136.47       0.66281      3.613e+04    0.57808          2.708e+05   4.3328          1.472e+04   0.23558     1.362e+03   0.021792    0.17315       
16     35.276       136.42       0.7225       3.614e+04    0.57826          2.854e+05   4.5671          1.555e+04   0.2488      1.379e+03   0.022064    0.17315       
17     35.275       136.44       0.70582      3.630e+04    0.58085          2.901e+05   4.6415          1.578e+04   0.25253     1.400e+03   0.0224      0.17315       
18     35.275       136.45       0.70899      3.619e+04    0.5791           2.767e+05   4.4279          1.500e+04   0.24008     1.348e+03   0.021568    0.17315       
19     35.276       136.45       0.76122      3.640e+04    0.58238          2.778e+05   4.4448          1.504e+04   0.24069     1.368e+03   0.021888    0.17315       
20     35.276       136.42       0.69888      3.610e+04    0.57766          2.759e+05   4.4143          1.495e+04   0.23915     1.380e+03   0.02208     0.17315       
21     35.275       136.42       0.7131       3.625e+04    0.58             2.753e+05   4.4049          1.503e+04   0.24053     1.372e+03   0.021952    0.17315       
22     35.275       136.43       0.76177      3.624e+04    0.57976          2.801e+05   4.4808          1.520e+04   0.24322     1.362e+03   0.021792    0.17315       
23     35.276       136.44       0.75867      3.620e+04    0.57918          2.715e+05   4.3434          1.471e+04   0.23542     1.375e+03   0.022       0.17315       
24     35.274       136.45       0.64529      3.603e+04    0.57648          2.752e+05   4.4035          1.501e+04   0.24014     1.358e+03   0.021728    0.17315       
25     35.275       136.47       0.74621      3.599e+04    0.57586          2.772e+05   4.4351          1.508e+04   0.2413      1.383e+03   0.022128    0.17315       
26     35.276       136.46       0.71717      3.623e+04    0.5797           2.681e+05   4.2899          1.454e+04   0.23256     1.310e+03   0.02096     0.17315       
27     35.277       136.46       0.7016       3.608e+04    0.5773           2.714e+05   4.3417          1.470e+04   0.23525     1.361e+03   0.021776    0.17315       
28     35.276       136.45       0.73836      3.637e+04    0.58195          2.702e+05   4.3235          1.471e+04   0.23533     1.356e+03   0.021696    0.17315       
29     35.276       136.43       0.70738      3.631e+04    0.58094          2.666e+05   4.2649          1.440e+04   0.23043     1.345e+03   0.02152     0.17315       
30     35.277       136.47       0.77219      3.620e+04    0.57917          2.699e+05   4.3181          1.458e+04   0.23322     1.360e+03   0.02176     0.17315       
31     35.278       136.5        0.76214      3.619e+04    0.57902          2.762e+05   4.4193          1.498e+04   0.23974     1.364e+03   0.021824    0.17315       
32     35.274       136.44       0.71001      3.608e+04    0.57722          2.799e+05   4.4782          1.517e+04   0.24277     1.390e+03   0.02224     0.17315       
33     35.273       136.43       0.70977      3.617e+04    0.5787           2.594e+05   4.1499          1.401e+04   0.22421     1.328e+03   0.021248    0.17315       
34     35.275       136.43       0.66374      3.605e+04    0.57674          2.648e+05   4.2365          1.430e+04   0.22877     1.334e+03   0.021344    0.17315       
35     35.275       136.44       0.70234      3.602e+04    0.5764           2.718e+05   4.3487          1.476e+04   0.23622     1.343e+03   0.021488    0.17315       
36     35.275       136.42       0.68932      3.626e+04    0.58011          2.703e+05   4.3243          1.465e+04   0.23435     1.348e+03   0.021568    0.17315       
37     35.274       136.42       0.75215      3.611e+04    0.57776          2.804e+05   4.4857          1.523e+04   0.24366     1.346e+03   0.021536    0.17315       
38     35.275       136.41       0.69806      3.616e+04    0.57862          2.760e+05   4.416           1.499e+04   0.23986     1.348e+03   0.021568    0.17315       
39     35.275       136.44       0.7906       3.620e+04    0.57928          2.848e+05   4.5573          1.553e+04   0.24842     1.387e+03   0.022192    0.17315       
40     35.274       136.46       0.72848      3.636e+04    0.58171          2.699e+05   4.3179          1.462e+04   0.23386     1.352e+03   0.021632    0.17315       
41     35.275       136.46       0.75988      3.622e+04    0.57958          2.852e+05   4.564           1.549e+04   0.24782     1.364e+03   0.021824    0.17315       
42     35.274       136.43       0.69897      3.589e+04    0.5743           2.741e+05   4.3848          1.482e+04   0.23706     1.376e+03   0.022016    0.17315       
43     35.276       136.46       0.70014      3.613e+04    0.57802          2.716e+05   4.3448          1.475e+04   0.23606     1.359e+03   0.021744    0.17315       
44     35.276       136.49       0.73251      3.622e+04    0.57955          2.732e+05   4.3712          1.480e+04   0.23672     1.360e+03   0.02176     0.17315       
45     35.277       136.45       0.7489       3.638e+04    0.582            2.718e+05   4.3491          1.472e+04   0.23555     1.373e+03   0.021968    0.17315       
46     35.276       136.46       0.73245      3.624e+04    0.57987          2.743e+05   4.3884          1.490e+04   0.23848     1.340e+03   0.02144     0.17315       
47     35.277       136.46       0.63086      3.609e+04    0.57746          2.749e+05   4.3984          1.494e+04   0.23901     1.362e+03   0.021792    0.17315       
48     35.278       136.43       0.70574      3.640e+04    0.58234          2.669e+05   4.2705          1.447e+04   0.23155     1.346e+03   0.021536    0.17315       
49     35.276       136.42       0.69935      3.632e+04    0.58104          2.677e+05   4.2828          1.445e+04   0.23117     1.369e+03   0.021904    0.17315       
50     35.277       136.47       0.75303      3.621e+04    0.57939          2.811e+05   4.4973          1.529e+04   0.24469     1.352e+03   0.021632    0.17315       
51     35.278       136.46       0.75035      3.631e+04    0.58091          2.724e+05   4.3579          1.474e+04   0.23576     1.385e+03   0.02216     0.17315       
52     35.278       136.44       0.73499      3.630e+04    0.58082          2.742e+05   4.3878          1.493e+04   0.2389      1.375e+03   0.022       0.17315       
53     35.279       136.44       0.73572      3.614e+04    0.57826          2.731e+05   4.3691          1.483e+04   0.2373      1.329e+03   0.021264    0.17315       
54     35.278       136.44       0.72731      3.617e+04    0.57878          2.753e+05   4.4043          1.492e+04   0.23872     1.340e+03   0.02144     0.17315       
55     35.278       136.46       0.73962      3.620e+04    0.57926          2.869e+05   4.59            1.565e+04   0.25038     1.379e+03   0.022064    0.17315       
56     35.279       136.44       0.68117      3.631e+04    0.58091          2.612e+05   4.1795          1.410e+04   0.22552     1.332e+03   0.021312    0.17315       
57     35.279       136.45       0.74062      3.613e+04    0.5781           2.733e+05   4.373           1.485e+04   0.23757     1.354e+03   0.021664    0.17315       
58     35.278       136.46       0.70372      3.630e+04    0.58088          2.727e+05   4.3632          1.475e+04   0.236       1.350e+03   0.0216      0.17315       
59     35.279       136.47       0.73419      3.625e+04    0.58             2.704e+05   4.3258          1.466e+04   0.23459     1.360e+03   0.02176     0.17315       
60     35.277       136.47       0.68462      3.621e+04    0.57934          2.614e+05   4.182           1.415e+04   0.22635     1.339e+03   0.021424    0.17315       
61     35.279       136.45       0.69998      3.604e+04    0.57666          2.677e+05   4.2828          1.448e+04   0.23171     1.348e+03   0.021568    0.17315       
62     35.278       136.43       0.72306      3.611e+04    0.57782          2.753e+05   4.4047          1.489e+04   0.23821     1.364e+03   0.021824    0.17315       
63     35.278       136.5        0.68338      3.626e+04    0.58021          3.029e+05   4.8463          1.648e+04   0.2636      1.514e+03   0.024224    0.17315       
