Performance Recorder: RTAR_1D_Detailed_NoPerm_64MPI16Threads.log
Rank | prepT(ms)  | commT(ms)  | compT(ms)  | Alocalnnz  | Alocalmem(MB)  | Aneednnz  | Aneedmem(MB)  | Bnnz      | Bmem(MB)  | Cnnz      | Cmem(MB)  | TotTime(s)  | 
0      28.198       19.915       0.21856      3.608e+04    0.57722          5.868e+04   0.93885         1.431e+04   0.22901     1.357e+03   0.021712    0.048956      
1      28.197       19.895       0.22347      3.828e+04    0.61251          5.887e+04   0.94197         1.438e+04   0.23013     1.349e+03   0.021584    0.048956      
2      28.196       19.874       0.21247      3.921e+04    0.62733          6.085e+04   0.97366         1.488e+04   0.23811     1.356e+03   0.021696    0.048956      
3      28.198       19.901       0.22526      3.991e+04    0.63854          6.010e+04   0.96155         1.474e+04   0.23586     1.380e+03   0.02208     0.048956      
4      28.197       19.885       0.22334      3.716e+04    0.59453          5.932e+04   0.94906         1.480e+04   0.23675     1.354e+03   0.021664    0.048956      
5      28.198       19.877       0.22461      3.794e+04    0.60701          5.879e+04   0.94066         1.456e+04   0.23293     1.357e+03   0.021712    0.048956      
6      28.196       19.884       0.22171      3.745e+04    0.59918          5.986e+04   0.95776         1.493e+04   0.23883     1.365e+03   0.02184     0.048956      
7      28.198       19.898       0.24673      3.658e+04    0.58525          6.134e+04   0.98136         1.532e+04   0.24517     1.379e+03   0.022064    0.048956      
8      28.196       19.923       0.21721      3.621e+04    0.57939          5.964e+04   0.9543          1.489e+04   0.23829     1.334e+03   0.021344    0.048956      
9      28.196       19.954       0.22177      3.647e+04    0.58355          5.785e+04   0.92562         1.443e+04   0.23091     1.356e+03   0.021696    0.048956      
10     28.197       19.88        0.2146       3.579e+04    0.57261          5.981e+04   0.95693         1.451e+04   0.23221     1.368e+03   0.021888    0.048956      
11     28.196       19.917       0.21421      3.627e+04    0.58038          6.007e+04   0.96109         1.472e+04   0.23546     1.363e+03   0.021808    0.048956      
12     28.197       19.887       0.21895      3.522e+04    0.56355          6.120e+04   0.97923         1.515e+04   0.24243     1.367e+03   0.021872    0.048956      
13     28.197       19.896       0.22922      3.467e+04    0.55472          6.260e+04   1.0016          1.543e+04   0.24683     1.407e+03   0.022512    0.048956      
14     28.197       19.898       0.22505      3.384e+04    0.54149          6.282e+04   1.0052          1.523e+04   0.24362     1.366e+03   0.021856    0.048956      
15     28.197       19.91        0.22029      3.384e+04    0.5415           5.850e+04   0.93605         1.426e+04   0.22814     1.341e+03   0.021456    0.048956      
16     28.195       19.896       0.20901      3.375e+04    0.53995          5.947e+04   0.95158         1.480e+04   0.23672     1.306e+03   0.020896    0.048956      
17     28.196       19.887       0.23265      3.782e+04    0.6052           6.175e+04   0.98795         1.521e+04   0.24338     1.366e+03   0.021856    0.048956      
18     28.196       19.887       0.21333      4.116e+04    0.65859          5.872e+04   0.93958         1.460e+04   0.23362     1.335e+03   0.02136     0.048956      
19     28.195       19.914       0.22127      3.960e+04    0.63355          6.036e+04   0.96568         1.484e+04   0.23738     1.355e+03   0.02168     0.048956      
20     28.195       19.869       0.21899      3.636e+04    0.58182          5.849e+04   0.93578         1.430e+04   0.22885     1.327e+03   0.021232    0.048956      
21     28.195       19.879       0.22185      3.753e+04    0.60054          6.150e+04   0.98397         1.514e+04   0.24227     1.376e+03   0.022016    0.048956      
22     28.194       19.876       0.21812      3.992e+04    0.63878          5.925e+04   0.94803         1.492e+04   0.23874     1.354e+03   0.021664    0.048956      
23     28.194       19.907       0.22         4.138e+04    0.66206          5.930e+04   0.94877         1.458e+04   0.2332      1.378e+03   0.022048    0.048956      
24     28.195       19.894       0.22521      3.846e+04    0.61544          6.092e+04   0.9748          1.500e+04   0.24008     1.354e+03   0.021664    0.048956      
25     28.195       19.894       0.21986      3.829e+04    0.61267          5.870e+04   0.93923         1.468e+04   0.23483     1.362e+03   0.021792    0.048956      
26     28.195       19.904       0.21342      3.766e+04    0.60262          5.681e+04   0.90893         1.403e+04   0.22446     1.328e+03   0.021248    0.048956      
27     28.195       19.921       0.21673      3.740e+04    0.59834          6.212e+04   0.994           1.535e+04   0.24565     1.392e+03   0.022272    0.048956      
28     28.191       19.888       0.22536      3.651e+04    0.58422          6.112e+04   0.97797         1.511e+04   0.24171     1.389e+03   0.022224    0.048956      
29     28.192       19.913       0.23037      3.698e+04    0.59162          6.338e+04   1.0141          1.552e+04   0.24827     1.390e+03   0.02224     0.048956      
30     28.192       19.906       0.21733      3.739e+04    0.59826          5.901e+04   0.94416         1.446e+04   0.23133     1.347e+03   0.021552    0.048956      
31     28.192       19.945       0.22907      3.675e+04    0.58795          6.108e+04   0.97726         1.512e+04   0.242       1.356e+03   0.021696    0.048956      
32     28.197       19.882       0.21778      3.676e+04    0.58808          5.951e+04   0.9521          1.473e+04   0.2357      1.336e+03   0.021376    0.048956      
33     28.197       19.888       0.23264      3.655e+04    0.58483          6.320e+04   1.0113          1.575e+04   0.25203     1.402e+03   0.022432    0.048956      
34     28.196       19.889       0.22065      3.732e+04    0.59706          5.994e+04   0.95898         1.481e+04   0.23699     1.353e+03   0.021648    0.048956      
35     28.196       19.91        0.22692      3.679e+04    0.58861          5.930e+04   0.94878         1.486e+04   0.23774     1.356e+03   0.021696    0.048956      
36     28.196       19.891       0.22441      3.513e+04    0.56205          6.109e+04   0.97747         1.500e+04   0.24008     1.381e+03   0.022096    0.048956      
37     28.197       19.894       0.23346      3.683e+04    0.5893           6.053e+04   0.96843         1.469e+04   0.23502     1.363e+03   0.021808    0.048956      
38     28.196       19.906       0.22834      3.724e+04    0.59586          6.033e+04   0.96523         1.483e+04   0.23734     1.354e+03   0.021664    0.048956      
39     28.197       19.908       0.21973      3.755e+04    0.60075          5.987e+04   0.95795         1.484e+04   0.23752     1.356e+03   0.021696    0.048956      
40     28.196       19.905       0.22964      3.626e+04    0.58021          6.015e+04   0.96245         1.485e+04   0.23757     1.343e+03   0.021488    0.048956      
41     28.196       19.893       0.22794      3.600e+04    0.57605          5.989e+04   0.95824         1.476e+04   0.23611     1.362e+03   0.021792    0.048956      
42     28.196       19.895       0.2183       3.634e+04    0.58142          5.966e+04   0.95454         1.455e+04   0.23286     1.323e+03   0.021168    0.048956      
43     28.196       19.91        0.22497      3.557e+04    0.56914          6.030e+04   0.96475         1.512e+04   0.24192     1.373e+03   0.021968    0.048956      
44     28.197       19.918       0.2252       3.584e+04    0.57344          6.042e+04   0.96672         1.508e+04   0.24131     1.377e+03   0.022032    0.048956      
45     28.196       19.926       0.22821      3.598e+04    0.57563          5.991e+04   0.95854         1.488e+04   0.23808     1.360e+03   0.02176     0.048956      
46     28.196       19.92        0.22687      3.561e+04    0.56974          6.113e+04   0.97814         1.518e+04   0.24286     1.384e+03   0.022144    0.048956      
47     28.197       19.938       0.23045      3.614e+04    0.57818          6.270e+04   1.0032          1.540e+04   0.24638     1.387e+03   0.022192    0.048956      
48     28.197       19.909       0.21041      3.585e+04    0.57358          5.929e+04   0.94858         1.460e+04   0.23352     1.367e+03   0.021872    0.048956      
49     28.197       19.879       0.22117      3.628e+04    0.58054          6.054e+04   0.96859         1.508e+04   0.24125     1.361e+03   0.021776    0.048956      
50     28.197       19.888       0.21677      3.517e+04    0.5627           5.869e+04   0.93901         1.448e+04   0.23173     1.357e+03   0.021712    0.048956      
51     28.197       19.93        0.21685      3.531e+04    0.56496          6.117e+04   0.97875         1.494e+04   0.23904     1.355e+03   0.02168     0.048956      
52     28.197       19.883       0.22266      3.499e+04    0.55987          5.958e+04   0.95331         1.483e+04   0.23725     1.338e+03   0.021408    0.048956      
53     28.197       19.883       0.22013      3.519e+04    0.5631           6.035e+04   0.96554         1.487e+04   0.2379      1.365e+03   0.02184     0.048956      
54     28.196       19.898       0.21634      3.464e+04    0.55427          5.846e+04   0.93542         1.447e+04   0.23157     1.315e+03   0.02104     0.048956      
55     28.197       19.899       0.22639      3.434e+04    0.54944          5.899e+04   0.94386         1.449e+04   0.2319      1.331e+03   0.021296    0.048956      
56     28.195       19.925       0.21458      3.368e+04    0.53893          5.785e+04   0.92566         1.410e+04   0.22552     1.336e+03   0.021376    0.048956      
57     28.196       19.925       0.22302      3.401e+04    0.54418          5.919e+04   0.94701         1.478e+04   0.23656     1.345e+03   0.02152     0.048956      
58     28.196       19.911       0.21124      3.338e+04    0.53402          5.808e+04   0.92933         1.410e+04   0.22562     1.349e+03   0.021584    0.048956      
59     28.196       19.911       0.23031      3.257e+04    0.52109          6.050e+04   0.96808         1.493e+04   0.2389      1.357e+03   0.021712    0.048956      
60     28.197       19.9         0.22893      3.355e+04    0.53683          6.143e+04   0.98293         1.511e+04   0.24182     1.385e+03   0.02216     0.048956      
61     28.198       19.921       0.22199      3.302e+04    0.52835          5.858e+04   0.93726         1.458e+04   0.23328     1.343e+03   0.021488    0.048956      
62     28.196       19.904       0.21433      3.251e+04    0.52016          5.760e+04   0.92163         1.401e+04   0.22411     1.342e+03   0.021472    0.048956      
63     28.196       19.942       0.26471      3.165e+04    0.50635          7.792e+04   1.2467          1.929e+04   0.30859     1.769e+03   0.028304    0.048956      
