(base) yuxihong@perlmutter:login14:/pscratch/sd/y/yuxihong/graphclustering/tmprun> OMP_NUM_THREADS=8 srun -t 10 -N 4 -n 64 -c 16 --cpu-bind=cores -q interactive -C cpu \
>     ./3DSpGEMM/Rop --dataset \
>     mouse_gene,ldoor,dela24,diereal,cage15,nlpkkt200 \
>     --AA --Rop --1d --2d --3d 4,16 --check
srun: job 22934379 queued and waiting for resources
srun: job 22934379 has been allocated resources
Benchmark Dataset:
    Real Dataset:
           mouse_gene
           ldoor
           dela24
           diereal
           cage15
           nlpkkt200
iteration time:5
Benchmark Algorithm:
    SpGEMM 1D:
    SpGEMM 2D:
    SpGEMM 3D, layer config: 4, 16,
No Permutaiton
Benchmark Applications:
    A Square
    Restriction OP
=============================================
reading mtx file /global/cfs/cdirs/m1982/yuxihong/spgemm1ddataset/mouse_gene.mtx
Matrix is symmetric
MPIIO WARNING: DVS stripe width of 24 was requested but DVS set it to 1
See MPICH_MPIIO_DVS_MAXNODES in the intro_mpi man page.
-->STATIC INFO:
As a whole: 45101 rows 45101 columns
642 nonzeros per Row, Total 28967291 nonzeros and 463.477 MB.
matrix Square ? 1 Symmetric ? 1
Run 2d AA test:
Timer   | Info:                           AA2D | Time: 3.47
Done!

Run 1d AA test:
Timer   | Info:                           AA1D | Time: 4.25
Done!1D AA is correct!Done!

Run AA3D_Pr4Pc4layer4
Timer   | Info:      splitmatAA3D_Pr4Pc4layer4 | Time: 0.153
Timer   | Info:      3DkernelAA3D_Pr4Pc4layer4 | Time: 3.19
Done!3D AA is correct!Done!

Run AA3D_Pr2Pc2layer16
Timer   | Info:     splitmatAA3D_Pr2Pc2layer16 | Time: 0.142
Timer   | Info:     3DkernelAA3D_Pr2Pc2layer16 | Time: 5.34
Done!3D AA is correct!Done!

As a whole, mis2 has: 4251 nonzeros and length 45101
As a whole, mis2neighUnion has: 45101 nonzeros and length 45101
Rop final (before normalization)...
-->STATIC INFO:
As a whole: 45101 rows 4251 columns
1 nonzeros per Row, Total 45101 nonzeros and 0.722 MB.
Load balance (before): 2.82247
Load balance (after): 1.92989
-->STATIC INFO:
As a whole: 45101 rows 4251 columns
1 nonzeros per Row, Total 45101 nonzeros and 0.722 MB.
Run 2d RT x A test:
Timer   | Info:                          RTA2D | Time: 0.175
Done!
Run 2d RTA x R test:
Timer   | Info:                         RTAR2D | Time: 0.0134
Done!

Run 1d RT x A test!
Timer   | Info:                          RTA1D | Time: 0.0397
1D RTA is correct!Done!

Run RTAR 1D test!
Timer   | Info:                         RTAR1D | Time: 0.0654
1D RTAR is correct!Done!

Run RTAR 1D OP test!
Timer   | Info:             SpGEMM1D-Transpose | Time: 0.00902
Timer   | Info:                 RTA1DOP-TransA | Time: 0.00911
Timer   | Info:                       RTAR1DOP | Time: 0.01
Timer   | Info:             SpGEMM1D-Transpose | Time: 0.00136
Timer   | Info:                RTAR1DOP-TransC | Time: 0.00143
1D OP RTAR is correct!Done!

Run RTA3D_Pr4Pc4layer4
Timer   | Info:     splitmatRTA3D_Pr4Pc4layer4 | Time: 0.0752
Timer   | Info:                          RTA3D | Time: 0.0983
3D RTA correctDone!

Run RTA3D_Pr2Pc2layer16
Timer   | Info:    splitmatRTA3D_Pr2Pc2layer16 | Time: 0.077
Timer   | Info:                          RTA3D | Time: 0.0552
3D RTA correctDone!

Run RTAR3D_Pr4Pc4layer4
Timer   | Info:    splitmatRTAR3D_Pr4Pc4layer4 | Time: 0.00811
Timer   | Info:                         RTAR3D | Time: 0.00812
3D RTAR correctDone!

Run RTAR3D_Pr2Pc2layer16
Timer   | Info:   splitmatRTAR3D_Pr2Pc2layer16 | Time: 0.00692
Timer   | Info:                         RTAR3D | Time: 0.00515
3D RTAR correctDone!

reading mtx file /global/cfs/cdirs/m1982/yuxihong/spgemm1ddataset/ldoor.mtx
Matrix is symmetric
MPIIO WARNING: DVS stripe width of 24 was requested but DVS set it to 1
See MPICH_MPIIO_DVS_MAXNODES in the intro_mpi man page.
-->STATIC INFO:
As a whole: 952203 rows 952203 columns
48 nonzeros per Row, Total 46522475 nonzeros and 744 MB.
matrix Square ? 1 Symmetric ? 1
Run 2d AA test:
Timer   | Info:                           AA2D | Time: 2.51
Done!

Run 1d AA test:
Timer   | Info:                           AA1D | Time: 0.255
Done!1D AA is correct!Done!

Run AA3D_Pr4Pc4layer4
Timer   | Info:      splitmatAA3D_Pr4Pc4layer4 | Time: 0.555
Timer   | Info:      3DkernelAA3D_Pr4Pc4layer4 | Time: 0.795
Done!3D AA is correct!Done!

Run AA3D_Pr2Pc2layer16
Timer   | Info:     splitmatAA3D_Pr2Pc2layer16 | Time: 0.547
Timer   | Info:     3DkernelAA3D_Pr2Pc2layer16 | Time: 0.336
Done!3D AA is correct!Done!

As a whole, mis2 has: 12514 nonzeros and length 952203
As a whole, mis2neighUnion has: 952203 nonzeros and length 952203
Rop final (before normalization)...
-->STATIC INFO:
As a whole: 952203 rows 12514 columns
1 nonzeros per Row, Total 952203 nonzeros and 15.2 MB.
Load balance (before): 6.61264
Load balance (after): 1.06915
-->STATIC INFO:
As a whole: 952203 rows 12514 columns
1 nonzeros per Row, Total 952203 nonzeros and 15.2 MB.
Run 2d RT x A test:
Timer   | Info:                          RTA2D | Time: 0.634
Done!
Run 2d RTA x R test:
Timer   | Info:                         RTAR2D | Time: 0.0196
Done!

Run 1d RT x A test!
Timer   | Info:                          RTA1D | Time: 0.0909
1D RTA is correct!Done!

Run RTAR 1D test!
Timer   | Info:                         RTAR1D | Time: 0.0732
1D RTAR is correct!Done!

Run RTAR 1D OP test!
Timer   | Info:             SpGEMM1D-Transpose | Time: 0.00398
Timer   | Info:                 RTA1DOP-TransA | Time: 0.00407
Timer   | Info:                       RTAR1DOP | Time: 0.00429
Timer   | Info:             SpGEMM1D-Transpose | Time: 0.000574
Timer   | Info:                RTAR1DOP-TransC | Time: 0.00064
1D OP RTAR is correct!Done!

Run RTA3D_Pr4Pc4layer4
Timer   | Info:     splitmatRTA3D_Pr4Pc4layer4 | Time: 0.295
Timer   | Info:                          RTA3D | Time: 0.292
3D RTA correctDone!

Run RTA3D_Pr2Pc2layer16
Timer   | Info:    splitmatRTA3D_Pr2Pc2layer16 | Time: 0.287
Timer   | Info:                          RTA3D | Time: 0.0769
3D RTA correctDone!

Run RTAR3D_Pr4Pc4layer4
Timer   | Info:    splitmatRTAR3D_Pr4Pc4layer4 | Time: 0.00684
Timer   | Info:                         RTAR3D | Time: 0.011
3D RTAR correctDone!

Run RTAR3D_Pr2Pc2layer16
Timer   | Info:   splitmatRTAR3D_Pr2Pc2layer16 | Time: 0.00648
Timer   | Info:                         RTAR3D | Time: 0.00508
3D RTAR correctDone!

reading mtx file /global/cfs/cdirs/m1982/yuxihong/spgemm1ddataset/delaunay_n24.mtx
Matrix is Boolean
Matrix is symmetric
MPIIO WARNING: DVS stripe width of 24 was requested but DVS set it to 1
See MPICH_MPIIO_DVS_MAXNODES in the intro_mpi man page.
-->STATIC INFO:
As a whole: 16777216 rows 16777216 columns
5 nonzeros per Row, Total 100663202 nonzeros and 1.61e+03 MB.
matrix Square ? 1 Symmetric ? 1
Run 2d AA test:
Timer   | Info:                           AA2D | Time: 6.04
Done!

Run 1d AA test:
Timer   | Info:                           AA1D | Time: 1.55
Done!1D AA is correct!Done!

Run AA3D_Pr4Pc4layer4
Timer   | Info:      splitmatAA3D_Pr4Pc4layer4 | Time: 1.19
Timer   | Info:      3DkernelAA3D_Pr4Pc4layer4 | Time: 1.81
Done!3D AA is correct!Done!

Run AA3D_Pr2Pc2layer16
Timer   | Info:     splitmatAA3D_Pr2Pc2layer16 | Time: 1.15
Timer   | Info:     3DkernelAA3D_Pr2Pc2layer16 | Time: 0.738
Done!3D AA is correct!Done!

As a whole, mis2 has: 1648482 nonzeros and length 16777216
As a whole, mis2neighUnion has: 16777216 nonzeros and length 16777216
Rop final (before normalization)...
-->STATIC INFO:
As a whole: 16777216 rows 1648482 columns
1 nonzeros per Row, Total 16777216 nonzeros and 268 MB.
Load balance (before): 6.19234
Load balance (after): 1.005
-->STATIC INFO:
As a whole: 16777216 rows 1648482 columns
1 nonzeros per Row, Total 16777216 nonzeros and 268 MB.
Run 2d RT x A test:
Timer   | Info:                          RTA2D | Time: 1.9
Done!
Run 2d RTA x R test:
Timer   | Info:                         RTAR2D | Time: 0.383
Done!

Run 1d RT x A test!
Timer   | Info:                          RTA1D | Time: 1.05
1D RTA is correct!Done!

Run RTAR 1D test!
Timer   | Info:                         RTAR1D | Time: 4.2
1D RTAR is correct!Done!

Run RTAR 1D OP test!
Timer   | Info:             SpGEMM1D-Transpose | Time: 0.0485
Timer   | Info:                 RTA1DOP-TransA | Time: 0.0486
Timer   | Info:                       RTAR1DOP | Time: 0.0886
Timer   | Info:             SpGEMM1D-Transpose | Time: 0.0124
Timer   | Info:                RTAR1DOP-TransC | Time: 0.0125
1D OP RTAR is correct!Done!

Run RTA3D_Pr4Pc4layer4
Timer   | Info:     splitmatRTA3D_Pr4Pc4layer4 | Time: 0.611
Timer   | Info:                          RTA3D | Time: 0.947
3D RTA correctDone!

Run RTA3D_Pr2Pc2layer16
Timer   | Info:    splitmatRTA3D_Pr2Pc2layer16 | Time: 0.622
Timer   | Info:                          RTA3D | Time: 0.367
3D RTA correctDone!

Run RTAR3D_Pr4Pc4layer4
Timer   | Info:    splitmatRTAR3D_Pr4Pc4layer4 | Time: 0.108
Timer   | Info:                         RTAR3D | Time: 0.225
3D RTAR correctDone!

Run RTAR3D_Pr2Pc2layer16
Timer   | Info:   splitmatRTAR3D_Pr2Pc2layer16 | Time: 0.108
Timer   | Info:                         RTAR3D | Time: 0.103
3D RTAR correctDone!

reading mtx file /global/cfs/cdirs/m1982/yuxihong/spgemm1ddataset/dielFilterV3real.mtx
Matrix is symmetric
MPIIO WARNING: DVS stripe width of 24 was requested but DVS set it to 1
See MPICH_MPIIO_DVS_MAXNODES in the intro_mpi man page.
-->STATIC INFO:
As a whole: 1102824 rows 1102824 columns
80 nonzeros per Row, Total 89306020 nonzeros and 1.43e+03 MB.
matrix Square ? 1 Symmetric ? 1
Run 2d AA test:
Timer   | Info:                           AA2D | Time: 5.38
Done!

Run 1d AA test:
Timer   | Info:                           AA1D | Time: 0.65
Done!1D AA is correct!Done!

Run AA3D_Pr4Pc4layer4
Timer   | Info:      splitmatAA3D_Pr4Pc4layer4 | Time: 0.729
Timer   | Info:      3DkernelAA3D_Pr4Pc4layer4 | Time: 3.07
Done!3D AA is correct!Done!

Run AA3D_Pr2Pc2layer16
Timer   | Info:     splitmatAA3D_Pr2Pc2layer16 | Time: 0.783
Timer   | Info:     3DkernelAA3D_Pr2Pc2layer16 | Time: 3.91
Done!3D AA is correct!Done!

As a whole, mis2 has: 6201 nonzeros and length 1102824
As a whole, mis2neighUnion has: 1102824 nonzeros and length 1102824
Rop final (before normalization)...
-->STATIC INFO:
As a whole: 1102824 rows 6201 columns
1 nonzeros per Row, Total 1102824 nonzeros and 17.6 MB.
Load balance (before): 5.06348
Load balance (after): 1.12427
-->STATIC INFO:
As a whole: 1102824 rows 6201 columns
1 nonzeros per Row, Total 1102824 nonzeros and 17.6 MB.
Run 2d RT x A test:
Timer   | Info:                          RTA2D | Time: 0.909
Done!
Run 2d RTA x R test:
Timer   | Info:                         RTAR2D | Time: 0.0271
Done!

Run 1d RT x A test!
Timer   | Info:                          RTA1D | Time: 0.0635
1D RTA is correct!Done!

Run RTAR 1D test!
Timer   | Info:                         RTAR1D | Time: 0.109
1D RTAR is correct!Done!

Run RTAR 1D OP test!
Timer   | Info:             SpGEMM1D-Transpose | Time: 0.00881
Timer   | Info:                 RTA1DOP-TransA | Time: 0.0089
Timer   | Info:                       RTAR1DOP | Time: 0.00778
Timer   | Info:             SpGEMM1D-Transpose | Time: 0.000807
Timer   | Info:                RTAR1DOP-TransC | Time: 0.000884
1D OP RTAR is correct!Done!

Run RTA3D_Pr4Pc4layer4
Timer   | Info:     splitmatRTA3D_Pr4Pc4layer4 | Time: 0.373
Timer   | Info:                          RTA3D | Time: 0.372
3D RTA correctDone!

Run RTA3D_Pr2Pc2layer16
Timer   | Info:    splitmatRTA3D_Pr2Pc2layer16 | Time: 0.392
Timer   | Info:                          RTA3D | Time: 0.128
3D RTA correctDone!

Run RTAR3D_Pr4Pc4layer4
Timer   | Info:    splitmatRTAR3D_Pr4Pc4layer4 | Time: 0.0121
Timer   | Info:                         RTAR3D | Time: 0.0171
3D RTAR correctDone!

Run RTAR3D_Pr2Pc2layer16
Timer   | Info:   splitmatRTAR3D_Pr2Pc2layer16 | Time: 0.0113
Timer   | Info:                         RTAR3D | Time: 0.00812
3D RTAR correctDone!

reading mtx file /global/cfs/cdirs/m1982/yuxihong/spgemm1ddataset/cage15.mtx
MPIIO WARNING: DVS stripe width of 24 was requested but DVS set it to 1
See MPICH_MPIIO_DVS_MAXNODES in the intro_mpi man page.
-->STATIC INFO:
As a whole: 5154859 rows 5154859 columns
19 nonzeros per Row, Total 99199551 nonzeros and 1.59e+03 MB.
matrix Square ? 1 Symmetric ? 0
Run 2d AA test:
Timer   | Info:                           AA2D | Time: 12.5
Done!

Run 1d AA test:
Timer   | Info:                           AA1D | Time: 1.09
Done!1D AA is correct!Done!

Run AA3D_Pr4Pc4layer4
Timer   | Info:      splitmatAA3D_Pr4Pc4layer4 | Time: 1.51
Timer   | Info:      3DkernelAA3D_Pr4Pc4layer4 | Time: 6.14
Done!3D AA is correct!Done!

Run AA3D_Pr2Pc2layer16
Timer   | Info:     splitmatAA3D_Pr2Pc2layer16 | Time: 1.48
Timer   | Info:     3DkernelAA3D_Pr2Pc2layer16 | Time: 3.85
Done!3D AA is correct!Done!

As a whole, mis2 has: 138231 nonzeros and length 5154859
As a whole, mis2neighUnion has: 5154859 nonzeros and length 5154859
Rop final (before normalization)...
-->STATIC INFO:
As a whole: 5154859 rows 138231 columns
1 nonzeros per Row, Total 5154859 nonzeros and 82.5 MB.
Load balance (before): 7.33968
Load balance (after): 1.01758
-->STATIC INFO:
As a whole: 5154859 rows 138231 columns
1 nonzeros per Row, Total 5154859 nonzeros and 82.5 MB.
Run 2d RT x A test:
Timer   | Info:                          RTA2D | Time: 2.13
Done!
Run 2d RTA x R test:
Timer   | Info:                         RTAR2D | Time: 0.41
Done!

Run 1d RT x A test!
Timer   | Info:                          RTA1D | Time: 0.224
1D RTA is correct!Done!

Run RTAR 1D test!
Timer   | Info:                         RTAR1D | Time: 2.04
1D RTAR is correct!Done!

Run RTAR 1D OP test!
Timer   | Info:             SpGEMM1D-Transpose | Time: 0.0641
Timer   | Info:                 RTA1DOP-TransA | Time: 0.0643
Timer   | Info:                       RTAR1DOP | Time: 0.0892
Timer   | Info:             SpGEMM1D-Transpose | Time: 0.0135
Timer   | Info:                RTAR1DOP-TransC | Time: 0.0136
1D OP RTAR is correct!Done!

Run RTA3D_Pr4Pc4layer4
Timer   | Info:     splitmatRTA3D_Pr4Pc4layer4 | Time: 0.823
Timer   | Info:                          RTA3D | Time: 1.08
3D RTA correctDone!

Run RTA3D_Pr2Pc2layer16
Timer   | Info:    splitmatRTA3D_Pr2Pc2layer16 | Time: 0.698
Timer   | Info:                          RTA3D | Time: 0.48
3D RTA correctDone!

Run RTAR3D_Pr4Pc4layer4
Timer   | Info:    splitmatRTAR3D_Pr4Pc4layer4 | Time: 0.116
Timer   | Info:                         RTAR3D | Time: 0.179
3D RTAR correctDone!

Run RTAR3D_Pr2Pc2layer16
Timer   | Info:   splitmatRTAR3D_Pr2Pc2layer16 | Time: 0.119
Timer   | Info:                         RTAR3D | Time: 0.083
3D RTAR correctDone!

reading mtx file /global/cfs/cdirs/m1982/yuxihong/spgemm1ddataset/nlpkkt200.mtx
Matrix is symmetric
MPIIO WARNING: DVS stripe width of 24 was requested but DVS set it to 1
See MPICH_MPIIO_DVS_MAXNODES in the intro_mpi man page.
-->STATIC INFO:
As a whole: 16240000 rows 16240000 columns
27 nonzeros per Row, Total 448225632 nonzeros and 7.17e+03 MB.
matrix Square ? 1 Symmetric ? 1
Run 2d AA test:
Timer   | Info:                           AA2D | Time: 36.8
Done!

Run 1d AA test:
Timer   | Info:                           AA1D | Time: 1.6
Done!1D AA is correct!Done!

Run AA3D_Pr4Pc4layer4
Timer   | Info:      splitmatAA3D_Pr4Pc4layer4 | Time: 5.87
Timer   | Info:      3DkernelAA3D_Pr4Pc4layer4 | Time: 9.21
Done!3D AA is correct!Done!

Run AA3D_Pr2Pc2layer16
Timer   | Info:     splitmatAA3D_Pr2Pc2layer16 | Time: 6.16
Timer   | Info:     3DkernelAA3D_Pr2Pc2layer16 | Time: 4.69
Done!3D AA is correct!Done!

As a whole, mis2 has: 309013 nonzeros and length 16240000
As a whole, mis2neighUnion has: 16240000 nonzeros and length 16240000
Rop final (before normalization)...
-->STATIC INFO:
As a whole: 16240000 rows 309013 columns
1 nonzeros per Row, Total 16240000 nonzeros and 260 MB.
Load balance (before): 3.9725
Load balance (after): 1.01068
-->STATIC INFO:
As a whole: 16240000 rows 309013 columns
1 nonzeros per Row, Total 16240000 nonzeros and 260 MB.
Run 2d RT x A test:
Timer   | Info:                          RTA2D | Time: 10.9
Done!
Run 2d RTA x R test:
Timer   | Info:                         RTAR2D | Time: 0.985
Done!

Run 1d RT x A test!
Timer   | Info:                          RTA1D | Time: 0.536
1D RTA is correct!Done!

Run RTAR 1D test!
Timer   | Info:                         RTAR1D | Time: 5.97
1D RTAR is correct!Done!

Run RTAR 1D OP test!
Timer   | Info:             SpGEMM1D-Transpose | Time: 0.12
Timer   | Info:                 RTA1DOP-TransA | Time: 0.12
Timer   | Info:                       RTAR1DOP | Time: 0.115
Timer   | Info:             SpGEMM1D-Transpose | Time: 0.0122
Timer   | Info:                RTAR1DOP-TransC | Time: 0.0123
1D OP RTAR is correct!Done!

Run RTA3D_Pr4Pc4layer4
Timer   | Info:     splitmatRTA3D_Pr4Pc4layer4 | Time: 2.78
Timer   | Info:                          RTA3D | Time: 3.4
3D RTA correctDone!

Run RTA3D_Pr2Pc2layer16
Timer   | Info:    splitmatRTA3D_Pr2Pc2layer16 | Time: 3.12
Timer   | Info:                          RTA3D | Time: 0.863
3D RTA correctDone!

Run RTAR3D_Pr4Pc4layer4
Timer   | Info:    splitmatRTAR3D_Pr4Pc4layer4 | Time: 0.212
Timer   | Info:                         RTAR3D | Time: 0.352
3D RTAR correctDone!

Run RTAR3D_Pr2Pc2layer16
Timer   | Info:   splitmatRTAR3D_Pr2Pc2layer16 | Time: 0.202
Timer   | Info:                         RTAR3D | Time: 0.138
3D RTAR correctDone!