Node size: 8, Ntasks per Node:8, Ntasks:64
CPUs per task:32, omp threads:16
Benchmark Dataset:
    Real Dataset:
           euk
iteration time:5
Benchmark Algorithm:
    SpGEMM 1D: genType: 5, 
Metis Partition Permutation
Benchmark Applications:
    A Square
=============================================
reading mtx file /global/cfs/cdirs/m1982/yuxihong/spgemm1ddataset/euk_vs_euk_30_50length_propermm.mtx
MPIIO WARNING: DVS stripe width of 24 was requested but DVS set it to 1
See MPICH_MPIIO_DVS_MAXNODES in the intro_mpi man page.
Timer   | Info:                  GetTestMatrix | Time: 2.98
-->STATIC INFO:
As a whole: 3243106 rows 3243106 columns
110 nonzeros per Row, Total 359763936 nonzeros and 5.76e+03 MB.
matrix Square ? 1 Symmetric ? 1
appying metis permutation on matrix, vertex weight:file permutation is correct!
Run 1d AA test:
Timer   | Info:                           AA1D | Time: 3.96
write performance reports to Dataseteuk_8Node_64mpi_16omp_METISvwgtfile_AA1d.log
write comm analysis to file
Done!

srun: Job 23504692 step creation temporarily disabled, retrying (Requested nodes are busy)
srun: Step created for StepId=23504692.1
Benchmark Dataset:
    Real Dataset:
           arch
iteration time:5
Benchmark Algorithm:
    SpGEMM 1D: genType: 5, 
Metis Partition Permutation
Benchmark Applications:
    A Square
=============================================
reading mtx file /global/cfs/cdirs/m1982/yuxihong/spgemm1ddataset/arch_vs_arch_30_50length_propermm.mtx
MPIIO WARNING: DVS stripe width of 24 was requested but DVS set it to 1
See MPICH_MPIIO_DVS_MAXNODES in the intro_mpi man page.
Timer   | Info:                  GetTestMatrix | Time: 1.8
-->STATIC INFO:
As a whole: 1644227 rows 1644227 columns
124 nonzeros per Row, Total 204792654 nonzeros and 3.28e+03 MB.
matrix Square ? 1 Symmetric ? 1
appying metis permutation on matrix, vertex weight:file permutation is correct!
Run 1d AA test:
Timer   | Info:                           AA1D | Time: 1.99
write performance reports to Datasetarch_8Node_64mpi_16omp_METISvwgtfile_AA1d.log
write comm analysis to file
Done!

Benchmark Dataset:
    Real Dataset:
           euk
           arch
iteration time:5
Benchmark Algorithm:
    SpGEMM 1D: genType: 5, 
Random Permutation
Benchmark Applications:
    A Square
=============================================
reading mtx file /global/cfs/cdirs/m1982/yuxihong/spgemm1ddataset/euk_vs_euk_30_50length_propermm.mtx
MPIIO WARNING: DVS stripe width of 24 was requested but DVS set it to 1
See MPICH_MPIIO_DVS_MAXNODES in the intro_mpi man page.
Timer   | Info:                  GetTestMatrix | Time: 2.64
-->STATIC INFO:
As a whole: 3243106 rows 3243106 columns
110 nonzeros per Row, Total 359763936 nonzeros and 5.76e+03 MB.
matrix Square ? 1 Symmetric ? 1
appying random permutation on matrix
Timer   | Info:                   GenRandomSeq | Time: 0.00513
Timer   | Info:                  Permutation2D | Time: 3.81
Timer   | Info:                  Permutation1D | Time: 0.525
Run 1d AA test:
Timer   | Info:                           AA1D | Time: 7.49
write performance reports to Dataseteuk_8Node_64mpi_16omp_RandomPerm_AA1d.log
write comm analysis to file
Done!

reading mtx file /global/cfs/cdirs/m1982/yuxihong/spgemm1ddataset/arch_vs_arch_30_50length_propermm.mtx
MPIIO WARNING: DVS stripe width of 24 was requested but DVS set it to 1
See MPICH_MPIIO_DVS_MAXNODES in the intro_mpi man page.
Timer   | Info:                  GetTestMatrix | Time: 1.39
-->STATIC INFO:
As a whole: 1644227 rows 1644227 columns
124 nonzeros per Row, Total 204792654 nonzeros and 3.28e+03 MB.
matrix Square ? 1 Symmetric ? 1
appying random permutation on matrix
Timer   | Info:                   GenRandomSeq | Time: 0.00466
Timer   | Info:                  Permutation2D | Time: 2
Timer   | Info:                  Permutation1D | Time: 0.25
Run 1d AA test:
Timer   | Info:                           AA1D | Time: 4.08
write performance reports to Datasetarch_8Node_64mpi_16omp_RandomPerm_AA1d.log
write comm analysis to file
Done!

Benchmark Dataset:
    Real Dataset:
           euk
           arch
iteration time:5
Benchmark Algorithm:
    SpGEMM 1D: genType: 5, 
No Permutaiton
Benchmark Applications:
    A Square
=============================================
reading mtx file /global/cfs/cdirs/m1982/yuxihong/spgemm1ddataset/euk_vs_euk_30_50length_propermm.mtx
MPIIO WARNING: DVS stripe width of 24 was requested but DVS set it to 1
See MPICH_MPIIO_DVS_MAXNODES in the intro_mpi man page.
Timer   | Info:                  GetTestMatrix | Time: 2.46
-->STATIC INFO:
As a whole: 3243106 rows 3243106 columns
110 nonzeros per Row, Total 359763936 nonzeros and 5.76e+03 MB.
matrix Square ? 1 Symmetric ? 1
Run 1d AA test:
Timer   | Info:                           AA1D | Time: 7.53
write performance reports to Dataseteuk_8Node_64mpi_16omp_NoPerm_AA1d.log
write comm analysis to file
Done!

reading mtx file /global/cfs/cdirs/m1982/yuxihong/spgemm1ddataset/arch_vs_arch_30_50length_propermm.mtx
MPIIO WARNING: DVS stripe width of 24 was requested but DVS set it to 1
See MPICH_MPIIO_DVS_MAXNODES in the intro_mpi man page.
Timer   | Info:                  GetTestMatrix | Time: 1.28
-->STATIC INFO:
As a whole: 1644227 rows 1644227 columns
124 nonzeros per Row, Total 204792654 nonzeros and 3.28e+03 MB.
matrix Square ? 1 Symmetric ? 1
Run 1d AA test:
Timer   | Info:                           AA1D | Time: 3.79
write performance reports to Datasetarch_8Node_64mpi_16omp_NoPerm_AA1d.log
write comm analysis to file
Done!

