MPI Size: 64 Threads Numbers: 16
using graph partitioner results!
Total number of nonzeros expected across all processors is 5154859
File is 80255546 bytes
MPIIO WARNING: DVS stripe width of 24 was requested but DVS set it to 1
See MPICH_MPIIO_DVS_MAXNODES in the intro_mpi man page.
Fetching first piece
Fetched first piece
Reading input file....
MPIIO WARNING: DVS stripe width of 24 was requested but DVS set it to 1
See MPICH_MPIIO_DVS_MAXNODES in the intro_mpi man page.
As a whole: 5154859 rows and 5154859 columns and 99199551 nonzeros and 1587.19 MB.
Reader took 1.10494 seconds
matrix is not symm, I will add transpose to make it symm and adapt GP results.
Perfoming gp permuation of matrix.
Permutation took 5.57475 seconds
Input load balance: 8.93283
Reading matrix: /global/cfs/cdirs/m1982/yuxihong/spgemm1ddataset/cage15.mtx
Computing restriction matrix
As a whole: 5154859 rows and 5154859 columns and 94044692 nonzeros and 846.402 MB.
As a whole, mis2 has: 138551 nonzeros and length 5154859
As a whole, mis2neighUnion has: 5154859 nonzeros and length 5154859
As a whole: 5154859 rows and 138551 columns and 5154859 nonzeros and 82.4777 MB.
Rop final (before normalization)... Load balance (before): 7.27917
Load balance (after): 1.01933
Restriction Op computed : time 5.85004
=============A square============
Timer|Info: AA_1D_CBC|Time: 0.887323
nnz(A)=   99199551
nnz(AA)=  929023247
=============RT * A============
Timer|Info: RTA_2D|Time: 1.236798
Timer|Info: CBC_RTA_1D|Time: 0.261974
nnz(RT)=  5154859
nnz(A)=   99199551
nnz(RTA)= 46998064
RTA pass!
=============RTA * R============
Timer|Info: RTAR_2D|Time: 0.452351
Timer|Info: RTAR_1D|Time: 2.963061
nnz(RTA)= 46998064
nnz(R)=   5154859
nnz(RTAR)=12070935
cbc-RTAR pass!
=============RTA * R Out Product============
Timer|Info: RTAR_1DOP|Time: 0.039399
nnz(RTA)= 46998064
nnz(R)=   5154859
nnz(RTAR)=12070935
cbc-RTAR-1DOP outproduct pass!