MPIIO WARNING: DVS stripe width of 24 was requested but DVS set it to 1
See MPICH_MPIIO_DVS_MAXNODES in the intro_mpi man page.
/global/cfs/cdirs/m1982/yuxihong/spgemm1ddataset/cage15.mtx.graph exists , deleted it.
MPIIO WARNING: DVS stripe width of 24 was requested but DVS set it to 1
See MPICH_MPIIO_DVS_MAXNODES in the intro_mpi man page.
matrix is not symm before, do symm!!!
      Setup: Max:   0.322, Sum:  20.617, Balance:   1.000
   Matching: Max:   0.155, Sum:   9.901, Balance:   1.000
Contraction: Max:   0.144, Sum:   9.241, Balance:   1.000
   InitPart: Max:   0.039, Sum:   2.465, Balance:   1.000
    Project: Max:   0.003, Sum:   0.158, Balance:   1.297
 Initialize: Max:   0.100, Sum:   6.334, Balance:   1.014
      K-way: Max:   0.267, Sum:  17.051, Balance:   1.000
      Remap: Max:   0.000, Sum:   0.027, Balance:   1.003
      Total: Max:   1.029, Sum:  65.867, Balance:   1.000
we run partitioner in 1031.11 ms!
MPIIO WARNING: DVS stripe width of 24 was requested but DVS set it to 1
See MPICH_MPIIO_DVS_MAXNODES in the intro_mpi man page.
order.txt exists , deleted it.
totnvtx 5154859 metis nvtxs 5154859
permute time 5.716390 s