MPI Size: 64 Threads Numbers: 16
random permutation!
Reading input file....
As a whole: 5154859 rows and 5154859 columns and 99199551 nonzeros and 1587.19 MB.
Reader took 1.04779 seconds
Generating random permutation vector.
Perfoming random permuation of matrix.
Permutation took 4.01495 seconds
Input load balance: 1.36579
Reading matrix: /pscratch/sd/y/yuxihong/graphclustering/dataset/1DspGEMM/cage15.mtx
Computing restriction matrix
As a whole: 5154859 rows and 5154859 columns and 94044692 nonzeros and 846.402 MB.
As a whole, mis2 has: 138592 nonzeros and length 5154859
As a whole, mis2neighUnion has: 5154859 nonzeros and length 5154859
As a whole: 5154859 rows and 138592 columns and 5154859 nonzeros and 82.4777 MB.
Rop final (before normalization)... Load balance (before): 1.19443
Load balance (after): 1.00882
Restriction Op computed : time 2.14908
=============A square============
Timer|Info: AA_2D|Time: 2.199123
Timer|Info: AA_1D_CBC|Time: 2.617629
nnz(A)=   99199551
nnz(AA)=  929023247
AA pass!
=============RT * A============
Timer|Info: RTA_2D|Time: 0.635973
Timer|Info: CBC_RTA_1D|Time: 0.374613
nnz(RT)=  5154859
nnz(A)=   99199551
nnz(RTA)= 46995514
RTA pass!
=============RTA * R============
Timer|Info: RTAR_2D|Time: 0.417765
Timer|Info: RTAR_1D|Time: 3.901153
nnz(RTA)= 46995514
nnz(R)=   5154859
nnz(RTAR)=12066590
cbc-RTAR pass!
=============RTA * R Out Product============
Timer|Info: RTAR_1DOP|Time: 0.057514
nnz(RTA)= 46995514
nnz(R)=   5154859
nnz(RTAR)=12066590
cbc-RTAR-1DOP outproduct pass!