Performance Recorder: RTAR_1D_Detailed_NoPerm_64MPI16Threads.log
Rank | prepT(ms)  | commT(ms)  | compT(ms)  | Alocalnnz  | Alocalmem(MB)  | Aneednnz  | Aneedmem(MB)  | Bnnz      | Bmem(MB)  | Cnnz      | Cmem(MB)  | TotTime(s)  | 
0      159.87       3332.8       8.2971       2.779e+05    4.4463           1.753e+07   280.46          7.969e+04   1.275       1.861e+05   2.9782      3.5024        
1      159.87       3332.7       7.9102       3.961e+05    6.3371           1.732e+07   277.06          7.878e+04   1.2605      1.832e+05   2.9304      3.5024        
2      159.87       3332.7       7.5304       4.603e+05    7.364            1.783e+07   285.22          8.037e+04   1.2859      1.878e+05   3.0055      3.5024        
3      159.87       3332.8       7.9752       5.228e+05    8.3647           1.795e+07   287.22          8.137e+04   1.3019      1.931e+05   3.0903      3.5024        
4      159.87       3332.7       7.6403       5.572e+05    8.9157           1.746e+07   279.36          7.932e+04   1.2691      1.874e+05   2.9981      3.5024        
5      159.87       3332.8       6.9689       5.921e+05    9.4741           1.773e+07   283.7           7.995e+04   1.2792      1.871e+05   2.9935      3.5024        
6      159.87       3332.7       8.4313       5.863e+05    9.3813           1.785e+07   285.56          8.109e+04   1.2974      1.883e+05   3.0132      3.5024        
7      159.87       3332.8       7.0638       5.724e+05    9.1588           1.809e+07   289.37          8.195e+04   1.3112      1.928e+05   3.0847      3.5024        
8      159.87       3332.7       7.3621       6.224e+05    9.9584           1.778e+07   284.4           8.083e+04   1.2932      1.882e+05   3.0115      3.5024        
9      159.87       3332.7       7.0285       6.071e+05    9.7144           1.759e+07   281.42          7.987e+04   1.278       1.854e+05   2.9656      3.5024        
10     159.87       3332.7       7.1899       6.665e+05    10.664           1.782e+07   285.19          8.081e+04   1.2929      1.900e+05   3.0404      3.5024        
11     159.87       3332.7       6.9422       5.923e+05    9.4764           1.770e+07   283.13          8.069e+04   1.291       1.884e+05   3.0139      3.5024        
12     159.87       3332.7       8.0781       6.424e+05    10.279           1.739e+07   278.23          7.985e+04   1.2776      1.851e+05   2.9623      3.5024        
13     159.87       3332.8       7.0326       5.554e+05    8.8871           1.786e+07   285.8           8.101e+04   1.2961      1.896e+05   3.0337      3.5024        
14     159.87       3332.8       7.3178       6.571e+05    10.513           1.761e+07   281.72          8.042e+04   1.2866      1.898e+05   3.0363      3.5024        
15     159.87       3332.8       6.9303       5.539e+05    8.8624           1.760e+07   281.67          7.995e+04   1.2791      1.878e+05   3.0046      3.5024        
16     159.87       3332.7       7.7952       6.762e+05    10.819           1.759e+07   281.44          7.989e+04   1.2783      1.877e+05   3.0029      3.5024        
17     159.87       3332.7       6.8531       6.096e+05    9.7531           1.734e+07   277.43          7.959e+04   1.2735      1.868e+05   2.9883      3.5024        
18     159.87       3332.7       7.3795       6.844e+05    10.95            1.728e+07   276.46          7.894e+04   1.2631      1.832e+05   2.932       3.5024        
19     159.87       3332.8       6.8729       7.459e+05    11.935           1.756e+07   280.93          8.039e+04   1.2863      1.881e+05   3.0099      3.5024        
20     159.87       3332.7       7.5149       7.435e+05    11.896           1.739e+07   278.25          7.987e+04   1.2779      1.856e+05   2.9692      3.5024        
21     159.87       3332.7       7.7423       7.564e+05    12.103           1.758e+07   281.26          8.066e+04   1.2906      1.883e+05   3.0124      3.5024        
22     159.87       3332.7       7.7008       6.143e+05    9.8288           1.780e+07   284.76          8.020e+04   1.2832      1.896e+05   3.033       3.5024        
23     159.87       3332.7       7.2234       7.280e+05    11.648           1.775e+07   284.06          8.044e+04   1.287       1.900e+05   3.0399      3.5024        
24     159.87       3332.8       7.1012       7.785e+05    12.455           1.782e+07   285.05          8.074e+04   1.2919      1.901e+05   3.0422      3.5024        
25     159.87       3332.8       6.7427       6.966e+05    11.146           1.774e+07   283.83          8.120e+04   1.2992      1.895e+05   3.0313      3.5024        
26     159.87       3332.8       7.0224       7.360e+05    11.777           1.770e+07   283.17          8.025e+04   1.2839      1.880e+05   3.0079      3.5024        
27     159.87       3332.8       6.8216       8.368e+05    13.388           1.769e+07   283.04          8.089e+04   1.2943      1.898e+05   3.0366      3.5024        
28     159.87       3332.8       7.1854       7.684e+05    12.294           1.768e+07   282.81          8.020e+04   1.2833      1.869e+05   2.9904      3.5024        
29     159.87       3332.7       7.4991       6.642e+05    10.628           1.739e+07   278.19          7.956e+04   1.2729      1.857e+05   2.9718      3.5024        
30     159.87       3332.8       7.2249       7.661e+05    12.258           1.783e+07   285.36          8.104e+04   1.2966      1.895e+05   3.0313      3.5024        
31     159.87       3332.8       7.2128       7.710e+05    12.336           1.815e+07   290.39          8.172e+04   1.3076      1.912e+05   3.0596      3.5024        
32     159.86       3332.7       7.2724       5.895e+05    9.4319           1.777e+07   284.29          8.088e+04   1.2941      1.894e+05   3.0302      3.5024        
33     159.87       3332.7       8.0988       7.979e+05    12.767           1.803e+07   288.43          8.130e+04   1.3008      1.916e+05   3.0664      3.5024        
34     159.86       3332.7       7.3286       6.458e+05    10.332           1.739e+07   278.32          7.985e+04   1.2776      1.848e+05   2.9565      3.5024        
35     159.87       3332.7       8.2464       7.657e+05    12.251           1.789e+07   286.2           8.173e+04   1.3077      1.912e+05   3.0584      3.5024        
36     159.87       3332.7       7.4276       8.197e+05    13.115           1.812e+07   289.88          8.189e+04   1.3103      1.922e+05   3.0755      3.5024        
37     159.87       3332.7       7.9942       6.892e+05    11.027           1.779e+07   284.57          8.073e+04   1.2917      1.894e+05   3.0305      3.5024        
38     159.86       3332.7       7.7565       7.969e+05    12.75            1.775e+07   283.93          8.086e+04   1.2938      1.889e+05   3.022       3.5024        
39     159.87       3332.7       7.6424       8.875e+05    14.199           1.829e+07   292.62          8.228e+04   1.3165      1.943e+05   3.1089      3.5024        
40     159.87       3332.8       7.8763       6.916e+05    11.066           1.774e+07   283.83          8.074e+04   1.2918      1.896e+05   3.0342      3.5024        
41     159.86       3332.7       7.6711       9.160e+05    14.656           1.770e+07   283.15          8.040e+04   1.2864      1.877e+05   3.0032      3.5024        
42     159.87       3332.7       7.7905       8.350e+05    13.36            1.773e+07   283.63          8.083e+04   1.2933      1.921e+05   3.0738      3.5024        
43     159.87       3332.8       7.3806       7.404e+05    11.847           1.772e+07   283.49          8.081e+04   1.293       1.891e+05   3.0249      3.5024        
44     159.87       3332.7       7.7898       8.029e+05    12.846           1.771e+07   283.41          7.953e+04   1.2724      1.879e+05   3.007       3.5024        
45     159.86       3332.8       7.012        7.662e+05    12.259           1.783e+07   285.25          8.119e+04   1.2991      1.898e+05   3.0372      3.5024        
46     159.87       3332.7       7.7684       7.471e+05    11.954           1.779e+07   284.58          8.080e+04   1.2928      1.889e+05   3.023       3.5024        
47     159.87       3332.8       6.8033       7.654e+05    12.246           1.752e+07   280.3           7.990e+04   1.2783      1.867e+05   2.9871      3.5024        
48     159.87       3332.8       7.6854       7.449e+05    11.919           1.792e+07   286.73          8.093e+04   1.2949      1.905e+05   3.0484      3.5024        
49     159.87       3332.7       7.8413       9.393e+05    15.029           1.762e+07   281.84          7.976e+04   1.2761      1.860e+05   2.9765      3.5024        
50     159.87       3332.7       7.9918       8.241e+05    13.186           1.770e+07   283.23          8.031e+04   1.285       1.901e+05   3.0409      3.5024        
51     159.87       3332.8       7.3589       7.710e+05    12.337           1.772e+07   283.53          8.019e+04   1.283       1.870e+05   2.9916      3.5024        
52     159.87       3332.7       7.6882       1.022e+06    16.357           1.781e+07   284.92          8.059e+04   1.2894      1.895e+05   3.0323      3.5024        
53     159.87       3332.8       7.345        8.124e+05    12.999           1.781e+07   284.9           8.020e+04   1.2831      1.885e+05   3.0157      3.5024        
54     159.87       3332.7       8.0489       8.201e+05    13.121           1.755e+07   280.82          8.100e+04   1.296       1.901e+05   3.0411      3.5024        
55     159.87       3332.8       7.9281       8.248e+05    13.197           1.762e+07   281.92          7.999e+04   1.2798      1.887e+05   3.0191      3.5024        
56     159.87       3332.8       7.293        8.021e+05    12.834           1.783e+07   285.34          8.081e+04   1.293       1.902e+05   3.0434      3.5024        
57     159.87       3332.7       7.0761       9.678e+05    15.486           1.772e+07   283.52          8.038e+04   1.2861      1.870e+05   2.9926      3.5024        
58     159.87       3332.8       7.3621       9.327e+05    14.924           1.732e+07   277.06          7.924e+04   1.2678      1.836e+05   2.9377      3.5024        
59     159.86       3332.8       7.0576       8.865e+05    14.185           1.790e+07   286.4           8.126e+04   1.3002      1.915e+05   3.0644      3.5024        
60     159.87       3332.7       8.0789       1.072e+06    17.156           1.791e+07   286.56          8.078e+04   1.2924      1.899e+05   3.0378      3.5024        
61     159.87       3332.7       7.5308       9.876e+05    15.802           1.798e+07   287.62          8.099e+04   1.2958      1.898e+05   3.0374      3.5024        
62     159.87       3332.8       7.9729       8.721e+05    13.953           1.792e+07   286.67          8.107e+04   1.2971      1.903e+05   3.0449      3.5024        
63     159.87       3332.8       7.1684       1.027e+06    16.435           1.793e+07   286.82          8.212e+04   1.3139      1.921e+05   3.074       3.5024        
