Performance Recorder: RTAR_1DOP_Detailed_NoPerm_64MPI16Threads.log
Rank | sendB(ms)  | sendC(ms)  | mergeC(ms)  | compT(ms)  | Alocalnnz  | Alocalmem(MB)  | Bnnz      | Bmem(MB)  | Cnnz      | Cmem(MB)  | TotTime(s)  | 
0      7.8672       25.598       4.1908        1.6616       2.779e+05    4.4463           8.054e+04   1.2887      1.861e+05   2.9782      0.042281      
1      7.6988       25.172       4.1118        2.0834       3.961e+05    6.3371           8.054e+04   1.2887      1.832e+05   2.9304      0.042281      
2      7.718        24.835       4.3087        2.2859       4.603e+05    7.364            8.054e+04   1.2887      1.878e+05   3.0055      0.042281      
3      8.0722       24.297       4.5911        2.6903       5.228e+05    8.3647           8.054e+04   1.2887      1.931e+05   3.0903      0.042281      
4      7.9164       23.587       3.5388        3.1471       5.572e+05    8.9157           8.054e+04   1.2887      1.874e+05   2.9981      0.042281      
5      7.4941       24.877       4.5698        3.0561       5.921e+05    9.4741           8.054e+04   1.2887      1.871e+05   2.9935      0.042281      
6      7.917        23.993       3.9933        3.407        5.863e+05    9.3813           8.054e+04   1.2887      1.883e+05   3.0132      0.042281      
7      7.8245       24.461       4.414         2.9287       5.724e+05    9.1588           8.054e+04   1.2887      1.928e+05   3.0847      0.042281      
8      7.782        24.728       4.7291        3.058        6.224e+05    9.9584           8.054e+04   1.2887      1.882e+05   3.0115      0.042281      
9      7.6287       25.089       4.7873        2.8644       6.071e+05    9.7144           8.054e+04   1.2887      1.854e+05   2.9656      0.042281      
10     7.7303       24.358       4.2206        3.1379       6.665e+05    10.664           8.054e+04   1.2887      1.900e+05   3.0404      0.042281      
11     7.8479       24.766       4.7008        2.958        5.923e+05    9.4764           8.054e+04   1.2887      1.884e+05   3.0139      0.042281      
12     8.077        24.119       4.2457        3.3777       6.424e+05    10.279           8.054e+04   1.2887      1.851e+05   2.9623      0.042281      
13     7.9172       24.359       4.4575        2.7945       5.554e+05    8.8871           8.054e+04   1.2887      1.896e+05   3.0337      0.042281      
14     7.7545       24.047       4.3322        3.1088       6.571e+05    10.513           8.054e+04   1.2887      1.898e+05   3.0363      0.042281      
15     7.7676       24.914       4.2389        2.7553       5.539e+05    8.8624           8.054e+04   1.2887      1.878e+05   3.0046      0.042281      
16     7.874        23.742       4.0113        3.408        6.762e+05    10.819           8.054e+04   1.2887      1.877e+05   3.0029      0.042281      
17     7.6837       25.331       4.3561        2.7615       6.096e+05    9.7531           8.054e+04   1.2887      1.868e+05   2.9883      0.042281      
18     7.8472       23.915       4.1106        3.3769       6.844e+05    10.95            8.054e+04   1.2887      1.832e+05   2.932       0.042281      
19     8.016        23.021       3.8031        3.9745       7.459e+05    11.935           8.054e+04   1.2887      1.881e+05   3.0099      0.042281      
20     7.6949       24.662       4.7988        3.392        7.435e+05    11.896           8.054e+04   1.2887      1.856e+05   2.9692      0.042281      
21     7.8399       24.049       4.8076        3.523        7.564e+05    12.103           8.054e+04   1.2887      1.883e+05   3.0124      0.042281      
22     7.9641       24.069       3.5966        3.0541       6.143e+05    9.8288           8.054e+04   1.2887      1.896e+05   3.033       0.042281      
23     7.7751       23.806       4.0987        3.507        7.280e+05    11.648           8.054e+04   1.2887      1.900e+05   3.0399      0.042281      
24     7.751        23.63        4.2173        3.843        7.785e+05    12.455           8.054e+04   1.2887      1.901e+05   3.0422      0.042281      
25     7.9197       23.933       4.8743        3.349        6.966e+05    11.146           8.054e+04   1.2887      1.895e+05   3.0313      0.042281      
26     7.9098       24.28        4.4475        3.3242       7.360e+05    11.777           8.054e+04   1.2887      1.880e+05   3.0079      0.042281      
27     7.8461       23.539       4.5489        3.7757       8.368e+05    13.388           8.054e+04   1.2887      1.898e+05   3.0366      0.042281      
28     7.737        24.134       4.9217        3.8878       7.684e+05    12.294           8.054e+04   1.2887      1.869e+05   2.9904      0.042281      
29     7.735        24.501       4.6703        3.2771       6.642e+05    10.628           8.054e+04   1.2887      1.857e+05   2.9718      0.042281      
30     7.6934       24.609       5.1378        3.4774       7.661e+05    12.258           8.054e+04   1.2887      1.895e+05   3.0313      0.042281      
31     7.8299       23.711       4.2486        3.5836       7.710e+05    12.336           8.054e+04   1.2887      1.912e+05   3.0596      0.042281      
32     7.7586       24.236       4.4293        3.0541       5.895e+05    9.4319           8.054e+04   1.2887      1.894e+05   3.0302      0.042281      
33     7.6797       24.064       4.3181        3.6344       7.979e+05    12.767           8.054e+04   1.2887      1.916e+05   3.0664      0.042281      
34     7.7089       24.35        4.3529        3.1378       6.458e+05    10.332           8.054e+04   1.2887      1.848e+05   2.9565      0.042281      
35     7.6186       24.157       4.338         3.4589       7.657e+05    12.251           8.054e+04   1.2887      1.912e+05   3.0584      0.042281      
36     7.8075       23.026       3.6656        4.2515       8.197e+05    13.115           8.054e+04   1.2887      1.922e+05   3.0755      0.042281      
37     7.7434       24.551       4.5821        3.3372       6.892e+05    11.027           8.054e+04   1.2887      1.894e+05   3.0305      0.042281      
38     7.4537       24.505       4.4197        3.5684       7.969e+05    12.75            8.054e+04   1.2887      1.889e+05   3.022       0.042281      
39     7.6414       23.478       4.2011        4.201        8.875e+05    14.199           8.054e+04   1.2887      1.943e+05   3.1089      0.042281      
40     7.7672       24.305       4.8777        3.0395       6.916e+05    11.066           8.054e+04   1.2887      1.896e+05   3.0342      0.042281      
41     7.7726       23.686       4.3152        3.9045       9.160e+05    14.656           8.054e+04   1.2887      1.877e+05   3.0032      0.042281      
42     7.8168       23.016       4.8354        4.226        8.350e+05    13.36            8.054e+04   1.2887      1.921e+05   3.0738      0.042281      
43     7.7284       24.076       4.2509        3.5715       7.404e+05    11.847           8.054e+04   1.2887      1.891e+05   3.0249      0.042281      
44     7.6427       24.382       4.6179        3.6077       8.029e+05    12.846           8.054e+04   1.2887      1.879e+05   3.007       0.042281      
45     7.7977       24.151       4.4745        3.4865       7.662e+05    12.259           8.054e+04   1.2887      1.898e+05   3.0372      0.042281      
46     7.3072       24.719       4.1044        3.2059       7.471e+05    11.954           8.054e+04   1.2887      1.889e+05   3.023       0.042281      
47     7.7015       23.892       4.0927        3.6039       7.654e+05    12.246           8.054e+04   1.2887      1.867e+05   2.9871      0.042281      
48     7.9          23.507       4.2849        3.7587       7.449e+05    11.919           8.054e+04   1.2887      1.905e+05   3.0484      0.042281      
49     7.7879       22.812       3.642         4.3219       9.393e+05    15.029           8.054e+04   1.2887      1.860e+05   2.9765      0.042281      
50     7.8209       23.13        4.1196        3.9326       8.241e+05    13.186           8.054e+04   1.2887      1.901e+05   3.0409      0.042281      
51     7.6752       24.579       4.488         3.3518       7.710e+05    12.337           8.054e+04   1.2887      1.870e+05   2.9916      0.042281      
52     7.6634       23.347       4.3667        4.3144       1.022e+06    16.357           8.054e+04   1.2887      1.895e+05   3.0323      0.042281      
53     7.6769       23.988       4.3951        3.906        8.124e+05    12.999           8.054e+04   1.2887      1.885e+05   3.0157      0.042281      
54     7.6466       24.523       4.8273        3.4159       8.201e+05    13.121           8.054e+04   1.2887      1.901e+05   3.0411      0.042281      
55     7.6976       23.262       3.7599        3.7225       8.248e+05    13.197           8.054e+04   1.2887      1.887e+05   3.0191      0.042281      
56     7.6733       23.799       4.169         3.5614       8.021e+05    12.834           8.054e+04   1.2887      1.902e+05   3.0434      0.042281      
57     7.6829       23.709       4.4408        4.1907       9.678e+05    15.486           8.054e+04   1.2887      1.870e+05   2.9926      0.042281      
58     7.6958       23.428       4.2561        4.2349       9.327e+05    14.924           8.054e+04   1.2887      1.836e+05   2.9377      0.042281      
59     7.6367       23.7         4.1876        3.707        8.865e+05    14.185           8.054e+04   1.2887      1.915e+05   3.0644      0.042281      
60     7.6274       23.031       4.3413        4.2509       1.072e+06    17.156           8.054e+04   1.2887      1.899e+05   3.0378      0.042281      
61     7.7204       22.946       3.9334        4.2897       9.876e+05    15.802           8.054e+04   1.2887      1.898e+05   3.0374      0.042281      
62     7.8729       22.639       4.1731        4.2855       8.721e+05    13.953           8.054e+04   1.2887      1.903e+05   3.0449      0.042281      
63     7.6774       23.018       4.5315        4.5471       1.027e+06    16.435           8.059e+04   1.2894      1.921e+05   3.074       0.042281      
