Performance Recorder: RTAR_1D_Detailed_GPPerm_64MPI16Threads.log
Rank | prepT(ms)  | commT(ms)  | compT(ms)  | Alocalnnz  | Alocalmem(MB)  | Aneednnz  | Aneedmem(MB)  | Bnnz      | Bmem(MB)  | Cnnz      | Cmem(MB)  | TotTime(s)  | 
0      168.86       2784.9       7.3563       9.290e+05    14.864           1.571e+07   251.4           8.117e+04   1.2987      1.892e+05   3.0266      2.9631        
1      168.86       2784.8       7.3183       7.374e+05    11.798           1.504e+07   240.66          7.927e+04   1.2683      1.845e+05   2.9513      2.9631        
2      168.86       2784.8       7.7847       9.432e+05    15.092           1.531e+07   245.02          7.950e+04   1.272       1.883e+05   3.0126      2.9631        
3      168.86       2784.8       7.0156       6.457e+05    10.331           1.559e+07   249.38          8.116e+04   1.2986      1.918e+05   3.0695      2.9631        
4      168.86       2784.9       7.7248       5.571e+05    8.9135           1.567e+07   250.75          8.059e+04   1.2894      1.892e+05   3.0272      2.9631        
5      168.86       2784.8       6.9908       8.918e+05    14.269           1.552e+07   248.28          8.057e+04   1.2891      1.871e+05   2.9929      2.9631        
6      168.86       2784.9       7.3073       8.869e+05    14.19            1.544e+07   247.11          8.118e+04   1.2988      1.896e+05   3.0342      2.9631        
7      168.86       2784.9       6.9682       4.316e+05    6.9055           1.548e+07   247.71          8.100e+04   1.296       1.901e+05   3.0419      2.9631        
8      168.86       2784.9       7.4512       8.743e+05    13.988           1.561e+07   249.72          8.133e+04   1.3013      1.913e+05   3.0611      2.9631        
9      168.86       2784.9       6.6205       6.693e+05    10.708           1.574e+07   251.86          8.026e+04   1.2841      1.880e+05   3.0087      2.9631        
10     168.86       2784.8       7.0184       6.090e+05    9.7445           1.524e+07   243.89          7.932e+04   1.2691      1.829e+05   2.927       2.9631        
11     168.86       2784.9       6.9351       9.334e+05    14.934           1.560e+07   249.55          8.051e+04   1.2882      1.887e+05   3.0193      2.9631        
12     168.86       2784.9       7.1919       8.141e+05    13.025           1.559e+07   249.49          8.067e+04   1.2908      1.892e+05   3.0272      2.9631        
13     168.86       2784.9       6.9114       9.156e+05    14.65            1.569e+07   251.07          8.276e+04   1.3241      1.954e+05   3.127       2.9631        
14     168.86       2784.9       7.2014       8.586e+05    13.737           1.562e+07   249.95          8.084e+04   1.2935      1.900e+05   3.0403      2.9631        
15     168.86       2784.9       6.7829       8.641e+05    13.825           1.576e+07   252.16          8.109e+04   1.2974      1.889e+05   3.0218      2.9631        
16     168.86       2784.9       6.9067       9.377e+05    15.003           1.560e+07   249.67          8.048e+04   1.2877      1.896e+05   3.0336      2.9631        
17     168.86       2784.8       6.9923       8.073e+05    12.917           1.572e+07   251.49          8.037e+04   1.2859      1.892e+05   3.0265      2.9631        
18     168.86       2784.9       6.9597       9.123e+05    14.596           1.541e+07   246.62          8.020e+04   1.2832      1.885e+05   3.016       2.9631        
19     168.86       2784.8       6.9079       7.314e+05    11.702           1.542e+07   246.78          8.059e+04   1.2894      1.885e+05   3.0152      2.9631        
20     168.86       2784.9       6.8718       6.235e+05    9.9766           1.528e+07   244.43          7.923e+04   1.2677      1.850e+05   2.9602      2.9631        
21     168.86       2784.8       6.8399       8.682e+05    13.891           1.514e+07   242.29          7.856e+04   1.2569      1.834e+05   2.9339      2.9631        
22     168.86       2784.8       6.8712       8.932e+05    14.291           1.559e+07   249.45          8.099e+04   1.2958      1.909e+05   3.0548      2.9631        
23     168.86       2784.9       7.1663       7.832e+05    12.532           1.578e+07   252.47          8.191e+04   1.3106      1.923e+05   3.0774      2.9631        
24     168.86       2784.9       7.7208       7.722e+05    12.355           1.541e+07   246.54          8.172e+04   1.3075      1.918e+05   3.0689      2.9631        
25     168.85       2784.9       6.8863       7.821e+05    12.513           1.555e+07   248.74          8.090e+04   1.2944      1.899e+05   3.0379      2.9631        
26     168.86       2784.9       7.1431       7.796e+05    12.474           1.531e+07   244.89          7.972e+04   1.2756      1.862e+05   2.9798      2.9631        
27     168.86       2784.9       6.7537       6.791e+05    10.866           1.539e+07   246.19          7.978e+04   1.2765      1.864e+05   2.9827      2.9631        
28     168.86       2784.9       6.718        7.614e+05    12.183           1.541e+07   246.57          8.002e+04   1.2803      1.869e+05   2.9901      2.9631        
29     168.86       2784.9       7.1059       6.882e+05    11.012           1.515e+07   242.41          7.916e+04   1.2665      1.831e+05   2.93        2.9631        
30     168.86       2784.9       6.7444       7.384e+05    11.814           1.533e+07   245.22          7.951e+04   1.2722      1.862e+05   2.9786      2.9631        
31     168.86       2784.9       7.1016       7.764e+05    12.422           1.528e+07   244.46          8.094e+04   1.295       1.907e+05   3.0506      2.9631        
32     168.86       2784.9       7.105        7.571e+05    12.114           1.594e+07   254.98          8.200e+04   1.312       1.929e+05   3.0868      2.9631        
33     168.86       2784.8       7.3062       7.848e+05    12.556           1.532e+07   245.17          8.103e+04   1.2964      1.909e+05   3.0547      2.9631        
34     168.86       2784.8       7.0187       7.318e+05    11.709           1.518e+07   242.91          8.013e+04   1.2821      1.881e+05   3.0092      2.9631        
35     168.86       2784.9       7.2167       5.497e+05    8.7949           1.578e+07   252.45          8.135e+04   1.3016      1.915e+05   3.0644      2.9631        
36     168.86       2784.8       6.9277       7.056e+05    11.289           1.587e+07   253.95          8.274e+04   1.3239      1.955e+05   3.1273      2.9631        
37     168.86       2784.8       7.2664       7.703e+05    12.325           1.559e+07   249.39          8.068e+04   1.2909      1.905e+05   3.0476      2.9631        
38     168.86       2784.8       6.6502       8.055e+05    12.888           1.523e+07   243.69          7.943e+04   1.2708      1.844e+05   2.9497      2.9631        
39     168.86       2784.9       7.3537       6.592e+05    10.547           1.519e+07   242.98          7.910e+04   1.2656      1.858e+05   2.9721      2.9631        
40     168.86       2784.9       6.7636       7.978e+05    12.764           1.557e+07   249.19          8.122e+04   1.2995      1.899e+05   3.0387      2.9631        
41     168.86       2784.9       7.0973       6.655e+05    10.648           1.540e+07   246.45          7.990e+04   1.2784      1.894e+05   3.0308      2.9631        
42     168.86       2784.9       6.7354       6.266e+05    10.025           1.560e+07   249.57          8.064e+04   1.2902      1.909e+05   3.055       2.9631        
43     168.86       2784.9       7.0593       7.725e+05    12.36            1.561e+07   249.76          8.069e+04   1.2911      1.875e+05   2.9993      2.9631        
44     168.86       2784.9       6.4395       6.019e+05    9.6306           1.494e+07   238.96          7.985e+04   1.2777      1.847e+05   2.9546      2.9631        
45     168.86       2784.9       7.262        7.034e+05    11.255           1.564e+07   250.21          8.222e+04   1.3156      1.917e+05   3.0669      2.9631        
46     168.86       2784.8       6.7924       7.761e+05    12.417           1.539e+07   246.18          8.042e+04   1.2868      1.881e+05   3.0094      2.9631        
47     168.86       2784.9       7.3987       6.880e+05    11.008           1.557e+07   249.13          8.158e+04   1.3053      1.918e+05   3.0692      2.9631        
48     168.86       2784.8       7.4718       7.702e+05    12.324           1.548e+07   247.74          7.989e+04   1.2782      1.875e+05   3.0007      2.9631        
49     168.86       2784.8       7.7537       7.782e+05    12.45            1.571e+07   251.43          8.148e+04   1.3037      1.901e+05   3.0416      2.9631        
50     168.86       2784.8       7.2077       6.426e+05    10.282           1.546e+07   247.35          8.076e+04   1.2922      1.885e+05   3.0164      2.9631        
51     168.86       2784.8       7.5797       7.351e+05    11.761           1.564e+07   250.26          8.146e+04   1.3033      1.900e+05   3.0404      2.9631        
52     168.86       2784.8       7.2014       5.569e+05    8.9099           1.493e+07   238.82          7.844e+04   1.255       1.805e+05   2.8883      2.9631        
53     168.86       2784.8       6.6047       7.827e+05    12.523           1.516e+07   242.55          7.965e+04   1.2744      1.837e+05   2.9398      2.9631        
54     168.86       2784.9       7.6509       6.563e+05    10.501           1.575e+07   252.05          8.101e+04   1.2962      1.873e+05   2.9965      2.9631        
55     168.86       2784.9       6.8744       5.398e+05    8.6373           1.533e+07   245.29          7.939e+04   1.2702      1.858e+05   2.9728      2.9631        
56     168.86       2784.9       6.8575       6.208e+05    9.9323           1.595e+07   255.17          8.188e+04   1.3102      1.933e+05   3.0926      2.9631        
57     168.86       2784.9       7.3986       7.392e+05    11.828           1.526e+07   244.09          7.952e+04   1.2723      1.854e+05   2.9671      2.9631        
58     168.86       2784.9       6.5546       6.182e+05    9.8916           1.499e+07   239.91          7.856e+04   1.2569      1.827e+05   2.9236      2.9631        
59     168.86       2784.9       7.0735       7.057e+05    11.291           1.559e+07   249.48          8.143e+04   1.3029      1.925e+05   3.0793      2.9631        
60     168.86       2784.9       6.9893       5.713e+05    9.1407           1.571e+07   251.31          8.148e+04   1.3037      1.918e+05   3.0687      2.9631        
61     168.86       2784.8       6.5812       5.436e+05    8.697            1.514e+07   242.31          8.024e+04   1.2838      1.883e+05   3.0122      2.9631        
62     168.86       2784.9       7.2922       6.604e+05    10.566           1.522e+07   243.57          7.951e+04   1.2721      1.844e+05   2.9506      2.9631        
63     168.86       2784.9       7.3477       5.861e+05    9.3783           1.588e+07   254.08          8.189e+04   1.3102      1.927e+05   3.0839      2.9631        
