Performance Recorder: CBC_RTA_1D_Detailed_RandPerm_64MPI16Threads.log
Rank | prepT(ms)  | commT(ms)  | compT(ms)  | Alocalnnz  | Alocalmem(MB)  | Aneednnz  | Aneedmem(MB)  | Bnnz      | Bmem(MB)  | Cnnz      | Cmem(MB)  | TotTime(s)  | 
0      6.8974       9.4562       8.0698       7.040e+02    0.011264         4.115e+04   0.65838         4.285e+05   6.8566      2.351e+04   0.37614     0.026509      
1      6.8946       9.4353       8.8003       7.040e+02    0.011264         4.135e+04   0.66158         4.701e+05   7.5208      2.558e+04   0.40922     0.026509      
2      6.8965       9.5034       8.7729       7.040e+02    0.011264         4.137e+04   0.66197         4.629e+05   7.4066      2.613e+04   0.4181      0.026509      
3      6.8949       9.4688       8.0949       7.040e+02    0.011264         4.082e+04   0.65317         4.142e+05   6.6277      2.379e+04   0.38066     0.026509      
4      6.8952       9.4329       8.6877       7.040e+02    0.011264         4.146e+04   0.66338         4.783e+05   7.6522      2.650e+04   0.42408     0.026509      
5      6.8948       9.4538       7.7682       7.040e+02    0.011264         4.149e+04   0.66389         4.552e+05   7.2831      2.589e+04   0.41429     0.026509      
6      6.8961       9.4615       7.5461       7.040e+02    0.011264         4.086e+04   0.65371         4.410e+05   7.0565      2.401e+04   0.38416     0.026509      
7      6.8963       9.4412       7.9012       7.040e+02    0.011264         4.145e+04   0.66322         4.437e+05   7.0985      2.603e+04   0.41653     0.026509      
8      6.896        9.4811       9.2859       7.040e+02    0.011264         4.150e+04   0.66405         4.661e+05   7.4575      2.636e+04   0.4217      0.026509      
9      6.8951       9.4445       9.2842       7.040e+02    0.011264         4.128e+04   0.66056         4.384e+05   7.0149      2.437e+04   0.38995     0.026509      
10     6.8943       9.4632       9.4224       7.040e+02    0.011264         4.160e+04   0.66552         5.021e+05   8.033       2.708e+04   0.43325     0.026509      
11     6.893        9.4697       7.4656       7.040e+02    0.011264         4.140e+04   0.66245         4.235e+05   6.7767      2.461e+04   0.39373     0.026509      
12     6.8971       9.4511       6.968        7.040e+02    0.011264         4.134e+04   0.66139         4.430e+05   7.0887      2.449e+04   0.39189     0.026509      
13     6.8975       9.4334       8.1447       7.040e+02    0.011264         4.138e+04   0.66203         4.225e+05   6.7602      2.537e+04   0.4059      0.026509      
14     6.8972       9.4552       8.191        7.040e+02    0.011264         4.139e+04   0.66219         4.850e+05   7.7601      2.511e+04   0.40181     0.026509      
15     6.8975       9.4699       6.5119       7.040e+02    0.011264         4.117e+04   0.65877         4.405e+05   7.048       2.430e+04   0.38872     0.026509      
16     6.8976       9.4804       8.8587       7.040e+02    0.011264         4.112e+04   0.658           4.308e+05   6.8922      2.455e+04   0.39277     0.026509      
17     6.8939       9.4549       8.8095       7.040e+02    0.011264         4.116e+04   0.65864         4.564e+05   7.3025      2.434e+04   0.38941     0.026509      
18     6.8959       9.4762       7.7047       7.040e+02    0.011264         4.136e+04   0.66178         4.220e+05   6.7518      2.460e+04   0.39354     0.026509      
19     6.8962       9.4637       9.3628       7.040e+02    0.011264         4.126e+04   0.66021         4.705e+05   7.5288      2.634e+04   0.42142     0.026509      
20     6.8963       9.4534       9.3218       7.040e+02    0.011264         4.135e+04   0.66162         5.113e+05   8.1806      2.732e+04   0.4372      0.026509      
21     6.895        9.4584       8.3858       7.040e+02    0.011264         4.112e+04   0.658           4.165e+05   6.6648      2.370e+04   0.3792      0.026509      
22     6.8962       9.4516       9.0074       7.040e+02    0.011264         4.170e+04   0.66718         4.706e+05   7.5295      2.622e+04   0.41944     0.026509      
23     6.8947       9.4841       8.1335       7.040e+02    0.011264         4.142e+04   0.66267         4.380e+05   7.0083      2.540e+04   0.40646     0.026509      
24     6.895        9.5322       7.8147       7.040e+02    0.011264         4.095e+04   0.65522         4.038e+05   6.4608      2.393e+04   0.38294     0.026509      
25     6.8954       9.465        8.3401       7.040e+02    0.011264         4.170e+04   0.66728         4.314e+05   6.9017      2.547e+04   0.40749     0.026509      
26     6.8959       9.4405       9.058        7.040e+02    0.011264         4.142e+04   0.6628          4.238e+05   6.7803      2.402e+04   0.38427     0.026509      
27     6.8941       9.4865       8.5839       7.040e+02    0.011264         4.117e+04   0.65874         4.500e+05   7.1997      2.511e+04   0.40171     0.026509      
28     6.896        9.4688       7.072        7.040e+02    0.011264         4.129e+04   0.66062         4.140e+05   6.6245      2.425e+04   0.38797     0.026509      
29     6.8936       9.486        9.203        7.040e+02    0.011264         4.166e+04   0.66664         5.072e+05   8.115       2.720e+04   0.43528     0.026509      
30     6.8957       9.4779       8.2197       7.040e+02    0.011264         4.134e+04   0.66149         4.376e+05   7.0021      2.364e+04   0.37826     0.026509      
31     6.8937       9.4872       8.3884       7.040e+02    0.011264         4.142e+04   0.6627          4.601e+05   7.3614      2.528e+04   0.40451     0.026509      
32     6.893        9.447        9.1468       7.040e+02    0.011264         4.142e+04   0.66277         4.519e+05   7.2303      2.613e+04   0.41803     0.026509      
33     6.8917       9.4457       8.7737       7.040e+02    0.011264         4.127e+04   0.66027         4.493e+05   7.1887      2.474e+04   0.39579     0.026509      
34     6.8926       9.4413       8.3855       7.040e+02    0.011264         4.152e+04   0.6644          4.685e+05   7.4966      2.548e+04   0.4077      0.026509      
35     6.8926       9.4481       8.9413       7.040e+02    0.011264         4.157e+04   0.66514         4.676e+05   7.4817      2.632e+04   0.42114     0.026509      
36     6.8923       9.4403       9.3447       7.040e+02    0.011264         4.161e+04   0.66574         4.682e+05   7.4906      2.539e+04   0.4063      0.026509      
37     6.8927       9.4324       6.7167       7.040e+02    0.011264         4.152e+04   0.66437         4.285e+05   6.8558      2.395e+04   0.38317     0.026509      
38     6.8932       9.4274       8.8144       7.040e+02    0.011264         4.160e+04   0.66558         4.686e+05   7.4979      2.713e+04   0.43406     0.026509      
39     6.8935       9.4674       7.9454       7.040e+02    0.011264         4.163e+04   0.66606         4.734e+05   7.5744      2.639e+04   0.42229     0.026509      
40     6.8922       9.4376       8.2377       7.040e+02    0.011264         4.113e+04   0.65813         4.386e+05   7.0176      2.456e+04   0.39288     0.026509      
41     6.8928       9.4534       9.2583       7.040e+02    0.011264         4.138e+04   0.662           4.556e+05   7.2899      2.528e+04   0.40448     0.026509      
42     6.8921       9.4671       8.7877       7.040e+02    0.011264         4.162e+04   0.66597         4.984e+05   7.9742      2.724e+04   0.43587     0.026509      
43     6.8916       9.4699       7.3422       7.040e+02    0.011264         4.126e+04   0.66011         5.090e+05   8.1442      2.664e+04   0.42622     0.026509      
44     6.892        9.4472       8.2188       7.040e+02    0.011264         4.138e+04   0.66213         4.609e+05   7.3738      2.645e+04   0.42326     0.026509      
45     6.8917       9.4553       9.2777       7.040e+02    0.011264         4.156e+04   0.66488         4.450e+05   7.1198      2.548e+04   0.40763     0.026509      
46     6.8925       9.4572       9.4189       7.040e+02    0.011264         4.134e+04   0.66136         4.610e+05   7.3756      2.458e+04   0.3932      0.026509      
47     6.8924       9.4979       5.9053       7.040e+02    0.011264         4.152e+04   0.66437         4.937e+05   7.8993      2.712e+04   0.43395     0.026509      
48     6.8954       9.4682       9.8708       7.040e+02    0.011264         4.092e+04   0.65467         4.352e+05   6.9633      2.362e+04   0.378       0.026509      
49     6.8926       9.4485       8.6969       7.040e+02    0.011264         4.138e+04   0.6621          4.401e+05   7.0416      2.519e+04   0.40306     0.026509      
50     6.8937       9.4551       8.3415       7.040e+02    0.011264         4.124e+04   0.65976         4.715e+05   7.544       2.492e+04   0.39875     0.026509      
51     6.8944       9.4676       9.1827       7.040e+02    0.011264         4.139e+04   0.66222         4.184e+05   6.6952      2.390e+04   0.38234     0.026509      
52     6.8947       9.4651       9.0074       7.040e+02    0.011264         4.157e+04   0.6651          4.360e+05   6.976       2.382e+04   0.38117     0.026509      
53     6.8912       9.4434       9.8617       7.040e+02    0.011264         4.147e+04   0.66347         4.784e+05   7.6548      2.613e+04   0.41814     0.026509      
54     6.8949       9.4493       8.4952       7.040e+02    0.011264         4.145e+04   0.66315         4.311e+05   6.8976      2.431e+04   0.38893     0.026509      
55     6.8971       9.4764       8.9252       7.040e+02    0.011264         4.130e+04   0.66078         4.193e+05   6.7094      2.458e+04   0.39325     0.026509      
56     6.8938       9.4476       6.9779       7.040e+02    0.011264         4.145e+04   0.66315         4.534e+05   7.2548      2.473e+04   0.39565     0.026509      
57     6.8914       9.439        6.5454       7.040e+02    0.011264         4.133e+04   0.66123         4.365e+05   6.9832      2.526e+04   0.40411     0.026509      
58     6.8931       9.5041       6.1682       7.040e+02    0.011264         4.116e+04   0.65864         4.492e+05   7.1876      2.416e+04   0.3865      0.026509      
59     6.8927       9.4671       9.6756       7.040e+02    0.011264         4.142e+04   0.66277         4.686e+05   7.4976      2.565e+04   0.41037     0.026509      
60     6.8943       9.4269       5.8485       7.040e+02    0.011264         4.118e+04   0.6589          4.248e+05   6.7973      2.396e+04   0.38339     0.026509      
61     6.894        9.4541       5.6252       7.040e+02    0.011264         4.135e+04   0.66162         4.575e+05   7.3206      2.554e+04   0.40859     0.026509      
62     6.8955       9.4618       9.5825       7.040e+02    0.011264         4.145e+04   0.66322         4.659e+05   7.4552      2.478e+04   0.39653     0.026509      
63     6.8958       9.4722       7.9029       7.490e+02    0.011984         4.173e+04   0.66773         4.839e+05   7.743       2.599e+04   0.4159      0.026509      
