Matrix is symmetric
MPIIO WARNING: DVS stripe width of 24 was requested but DVS set it to 1
See MPICH_MPIIO_DVS_MAXNODES in the intro_mpi man page.
/global/cfs/cdirs/m1982/yuxihong/spgemm1ddataset/mouse_gene.mtx.graph exists , deleted it.
MPIIO WARNING: DVS stripe width of 24 was requested but DVS set it to 1
See MPICH_MPIIO_DVS_MAXNODES in the intro_mpi man page.
matrix is symm!!!
      Setup: Max:   0.270, Sum:   4.323, Balance:   1.000
   Matching: Max:   0.076, Sum:   1.219, Balance:   1.000
Contraction: Max:   0.186, Sum:   2.978, Balance:   1.000
   InitPart: Max:   0.032, Sum:   0.515, Balance:   1.000
    Project: Max:   0.000, Sum:   0.006, Balance:   1.131
 Initialize: Max:   0.085, Sum:   1.360, Balance:   1.001
      K-way: Max:   0.448, Sum:   7.167, Balance:   1.000
      Remap: Max:   0.000, Sum:   0.003, Balance:   1.002
      Total: Max:   1.098, Sum:  17.576, Balance:   1.000
we run partitioner in 1100.99 ms!
/global/cfs/cdirs/m1982/yuxihong/spgemm1ddataset/mouse_gene.mtx.16.txt exists , deleted it.
MPIIO WARNING: DVS stripe width of 24 was requested but DVS set it to 1
See MPICH_MPIIO_DVS_MAXNODES in the intro_mpi man page.
totnvtx 45101 metis nvtxs 45101
permute time 0.822350 s