MPI Size: 16 Threads Numbers: 16
random permutation!
Reading input file....
Matrix is symmetric
As a whole: 45101 rows and 45101 columns and 28967291 nonzeros and 463.477 MB.
Reader took 0.459256 seconds
Generating random permutation vector.
Perfoming random permuation of matrix.
Permutation took 0.578739 seconds
Input load balance: 1.02558
Reading matrix: /pscratch/sd/y/yuxihong/graphclustering/dataset/1DspGEMM/mouse_gene.mtx
Computing restriction matrix
As a whole: 45101 rows and 45101 columns and 28922190 nonzeros and 260.3 MB.
As a whole, mis2 has: 4018 nonzeros and length 45101
As a whole, mis2neighUnion has: 45101 nonzeros and length 45101
As a whole: 45101 rows and 4018 columns and 45101 nonzeros and 0.721616 MB.
Rop final (before normalization)... Load balance (before): 1.58932
Load balance (after): 1.88377
Restriction Op computed : time 0.468742
=============A square============
Timer|Info: AA_2D|Time: 3.659859
Timer|Info: AA_1D_CBC|Time: 4.994091
nnz(A)=   28967291
nnz(AA)=  482594045
AA pass!
=============RT * A============
Timer|Info: RTA_2D|Time: 0.083411
Timer|Info: CBC_RTA_1D|Time: 0.022978
nnz(RT)=  45101
nnz(A)=   28967291
nnz(RTA)= 2309470
RTA pass!
=============RTA * R============
Timer|Info: RTAR_2D|Time: 0.015400
Timer|Info: RTAR_1D|Time: 0.021125
nnz(RTA)= 2309470
nnz(R)=   45101
nnz(RTAR)=215628
cbc-RTAR pass!
=============RTA * R Out Product============
Timer|Info: RTAR_1DOP|Time: 0.003729
nnz(RTA)= 2309470
nnz(R)=   45101
nnz(RTAR)=215628
cbc-RTAR-1DOP outproduct pass!