MPI Size: 64 Threads Numbers: 16
no permutation!
Reading input file....
Matrix is symmetric
As a whole: 45101 rows and 45101 columns and 28967291 nonzeros and 463.477 MB.
Reader took 0.171014 seconds
Input load balance: 1.91147
Reading matrix: /pscratch/sd/y/yuxihong/graphclustering/dataset/1DspGEMM/mouse_gene.mtx
Computing restriction matrix
As a whole: 45101 rows and 45101 columns and 28922190 nonzeros and 260.3 MB.
As a whole, mis2 has: 3938 nonzeros and length 45101
As a whole, mis2neighUnion has: 45101 nonzeros and length 45101
As a whole: 45101 rows and 3938 columns and 45101 nonzeros and 0.721616 MB.
Rop final (before normalization)... Load balance (before): 4.45152
Load balance (after): 3.593
Restriction Op computed : time 0.297691
=============A square============
Timer|Info: AA_2D|Time: 2.716758
Timer|Info: AA_1D_CBC|Time: 3.739503
nnz(A)=   28967291
nnz(AA)=  482594045
AA pass!
=============RT * A============
Timer|Info: RTA_2D|Time: 0.113404
Timer|Info: CBC_RTA_1D|Time: 0.029544
nnz(RT)=  45101
nnz(A)=   28967291
nnz(RTA)= 1831718
RTA pass!
=============RTA * R============
Timer|Info: RTAR_2D|Time: 0.011444
Timer|Info: RTAR_1D|Time: 0.019862
nnz(RTA)= 1831718
nnz(R)=   45101
nnz(RTAR)=152018
cbc-RTAR pass!
=============RTA * R Out Product============
Timer|Info: RTAR_1DOP|Time: 0.003331
nnz(RTA)= 1831718
nnz(R)=   45101
nnz(RTAR)=152018
cbc-RTAR-1DOP outproduct pass!