MPI Size: 16 Threads Numbers: 16
using graph partitioner results!
Total number of nonzeros expected across all processors is 45101
File is 519008 bytes
MPIIO WARNING: DVS stripe width of 24 was requested but DVS set it to 1
See MPICH_MPIIO_DVS_MAXNODES in the intro_mpi man page.
Fetching first piece
Fetched first piece
Reading input file....
Matrix is symmetric
MPIIO WARNING: DVS stripe width of 24 was requested but DVS set it to 1
See MPICH_MPIIO_DVS_MAXNODES in the intro_mpi man page.
As a whole: 45101 rows and 45101 columns and 28967291 nonzeros and 463.477 MB.
Reader took 0.493588 seconds
matrix is symm, no need for add transpose.
Perfoming gp permuation of matrix.
Permutation took 0.825498 seconds
Input load balance: 3.01541
Reading matrix: /global/cfs/cdirs/m1982/yuxihong/spgemm1ddataset/mouse_gene.mtx
Computing restriction matrix
As a whole: 45101 rows and 45101 columns and 28922190 nonzeros and 260.3 MB.
As a whole, mis2 has: 4048 nonzeros and length 45101
As a whole, mis2neighUnion has: 45101 nonzeros and length 45101
As a whole: 45101 rows and 4048 columns and 45101 nonzeros and 0.721616 MB.
Rop final (before normalization)... Load balance (before): 2.65715
Load balance (after): 1.93166
Restriction Op computed : time 1.27348
=============A square============
Timer|Info: AA_2D|Time: 17.761012
Timer|Info: AA_1D_CBC|Time: 5.657460
nnz(A)=   28967291
nnz(AA)=  482594045
AA pass!
=============RT * A============
Timer|Info: RTA_2D|Time: 0.167956
Timer|Info: CBC_RTA_1D|Time: 0.033057
nnz(RT)=  45101
nnz(A)=   28967291
nnz(RTA)= 2593783
RTA pass!
=============RTA * R============
Timer|Info: RTAR_2D|Time: 0.018767
Timer|Info: RTAR_1D|Time: 0.020016
nnz(RTA)= 2593783
nnz(R)=   45101
nnz(RTAR)=278674
cbc-RTAR pass!
=============RTA * R Out Product============
Timer|Info: RTAR_1DOP|Time: 0.003897
nnz(RTA)= 2593783
nnz(R)=   45101
nnz(RTAR)=278674
cbc-RTAR-1DOP outproduct pass!