Matrix is symmetric
MPIIO WARNING: DVS stripe width of 24 was requested but DVS set it to 1
See MPICH_MPIIO_DVS_MAXNODES in the intro_mpi man page.
/global/cfs/cdirs/m1982/yuxihong/spgemm1ddataset/mouse_gene.mtx.graph exists , deleted it.
MPIIO WARNING: DVS stripe width of 24 was requested but DVS set it to 1
See MPICH_MPIIO_DVS_MAXNODES in the intro_mpi man page.
matrix is symm!!!
      Setup: Max:   0.110, Sum:   7.042, Balance:   1.000
   Matching: Max:   0.045, Sum:   2.893, Balance:   1.000
Contraction: Max:   0.103, Sum:   6.577, Balance:   1.000
   InitPart: Max:   0.423, Sum:  27.073, Balance:   1.000
    Project: Max:   0.000, Sum:   0.020, Balance:   1.202
 Initialize: Max:   0.034, Sum:   2.144, Balance:   1.004
      K-way: Max:   0.218, Sum:  13.923, Balance:   1.001
      Remap: Max:   0.000, Sum:   0.025, Balance:   1.008
      Total: Max:   0.934, Sum:  59.752, Balance:   1.000
we run partitioner in 935.485 ms!
MPIIO WARNING: DVS stripe width of 24 was requested but DVS set it to 1
See MPICH_MPIIO_DVS_MAXNODES in the intro_mpi man page.
order.txt exists , deleted it.
totnvtx 45101 metis nvtxs 45101
permute time 0.684331 s
permed2d.mtx exists , deleted it.