MPI Size: 64 Threads Numbers: 16
using graph partitioner results!
Total number of nonzeros expected across all processors is 45101
File is 519008 bytes
MPIIO WARNING: DVS stripe width of 24 was requested but DVS set it to 1
See MPICH_MPIIO_DVS_MAXNODES in the intro_mpi man page.
Fetching first piece
Fetched first piece
Reading input file....
Matrix is symmetric
MPIIO WARNING: DVS stripe width of 24 was requested but DVS set it to 1
See MPICH_MPIIO_DVS_MAXNODES in the intro_mpi man page.
As a whole: 45101 rows and 45101 columns and 28967291 nonzeros and 463.477 MB.
Reader took 0.173146 seconds
matrix is symm, no need for add transpose.
Perfoming gp permuation of matrix.
Permutation took 0.566176 seconds
Input load balance: 3.79907
Reading matrix: /global/cfs/cdirs/m1982/yuxihong/spgemm1ddataset/mouse_gene.mtx
Computing restriction matrix
As a whole: 45101 rows and 45101 columns and 28922190 nonzeros and 260.3 MB.
As a whole, mis2 has: 4148 nonzeros and length 45101
As a whole, mis2neighUnion has: 45101 nonzeros and length 45101
As a whole: 45101 rows and 4148 columns and 45101 nonzeros and 0.721616 MB.
Rop final (before normalization)... Load balance (before): 3.8016
Load balance (after): 2.59684
Restriction Op computed : time 0.4538
=============A square============
Timer|Info: AA_1D_CBC|Time: 3.260276
nnz(A)=   28967291
nnz(AA)=  482594045
=============RT * A============
Timer|Info: RTA_2D|Time: 0.160284
Timer|Info: CBC_RTA_1D|Time: 0.027657
nnz(RT)=  45101
nnz(A)=   28967291
nnz(RTA)= 2776826
RTA pass!
=============RTA * R============
Timer|Info: RTAR_2D|Time: 0.017277
Timer|Info: RTAR_1D|Time: 0.019607
nnz(RTA)= 2776826
nnz(R)=   45101
nnz(RTAR)=286128
cbc-RTAR pass!
=============RTA * R Out Product============
Timer|Info: RTAR_1DOP|Time: 0.006173
nnz(RTA)= 2776826
nnz(R)=   45101
nnz(RTAR)=286128
cbc-RTAR-1DOP outproduct pass!