Performance Recorder: RTA_2D_Detailed_GPPerm_64MPI16Threads.log
Rank | bcastA(ms)  | bcastB(ms)  | compT(ms)  | merge(ms)  | Alocalnnz  | Blocalnnz  | Clocalnnz  | TotTime(s)  | 
0      22.406        103.03        20.637       0.81268      4.990e+02    1.058e+06    3.543e+04    0.16028       
1      21.61         100.53        25.395       0.97383      3.580e+02    4.792e+05    4.632e+04    0.16028       
2      14.474        109.33        25.693       1.0161       4.840e+02    7.521e+05    4.041e+04    0.16028       
3      17.875        103.88        27.833       1.1786       3.110e+02    5.133e+05    5.617e+04    0.16028       
4      46.186        83.728        15.047       0.64282      5.300e+02    1.776e+05    2.906e+04    0.16028       
5      49.787        85.304        13.151       0.54647      4.720e+02    5.091e+04    2.495e+04    0.16028       
6      33.74         99.647        17.871       0.8822       2.390e+02    1.134e+05    4.685e+04    0.16028       
7      25.902        102.16        25.84        0.79608      2.230e+02    2.512e+05    3.956e+04    0.16028       
8      23.111        103.46        19.289       0.58076      4.550e+02    4.792e+05    3.901e+04    0.16028       
9      21.461        99.677        26.627       0.79928      4.960e+02    1.357e+06    5.524e+04    0.16028       
10     13.353        110.15        26.168       0.76954      3.540e+02    6.088e+05    4.419e+04    0.16028       
11     18.002        103.55        28.506       0.95454      3.930e+02    7.833e+05    6.131e+04    0.16028       
12     46            84.163        14.74        0.49336      9.450e+02    1.701e+05    2.801e+04    0.16028       
13     49.539        86.253        12.214       0.37298      4.130e+02    1.483e+05    2.290e+04    0.16028       
14     31.967        100.09        19.487       0.71306      2.850e+02    3.552e+05    4.866e+04    0.16028       
15     26.62         102.67        24.883       0.66631      2.900e+02    3.341e+05    4.104e+04    0.16028       
16     60.614        57.133        29.558       1.1999       1.551e+03    7.521e+05    4.477e+04    0.16028       
17     47.937        61.234        39.684       1.4373       1.134e+03    6.088e+05    6.215e+04    0.16028       
18     37.53         72.42         41.39        1.3946       1.185e+03    1.311e+06    5.160e+04    0.16028       
19     42.381        69.099        39.864       1.1195       1.434e+03    6.160e+05    6.804e+04    0.16028       
20     79.883        45.528        20.493       0.85304      7.880e+02    2.942e+05    3.184e+04    0.16028       
21     91.141        43.391        14.052       0.62747      5.960e+02    1.105e+05    2.769e+04    0.16028       
22     49.941        82.344        25.819       0.91384      9.930e+02    1.068e+05    5.596e+04    0.16028       
23     58.064        59.981        37.798       0.6855       8.740e+02    4.098e+05    4.847e+04    0.16028       
24     55.707        72.208        18.806       0.71714      3.190e+02    5.133e+05    3.457e+04    0.16028       
25     42.883        72.09         33.195       0.87587      1.100e+03    7.833e+05    5.190e+04    0.16028       
26     30.999        88.448        30.851       0.68244      3.830e+02    6.160e+05    3.721e+04    0.16028       
27     37.856        80.962        31.575       0.91176      6.060e+02    1.154e+06    6.121e+04    0.16028       
28     69.042        60.593        16.042       0.53168      5.180e+02    2.997e+05    2.516e+04    0.16028       
29     76.752        57.97         13.45        0.37722      5.440e+02    1.693e+05    2.556e+04    0.16028       
30     39.908        97.471        19.533       0.70323      3.210e+02    7.209e+05    5.500e+04    0.16028       
31     52.401        75.028        26.664       0.64111      3.190e+02    6.121e+05    4.480e+04    0.16028       
32     35.681        92.312        18.542       0.7228       6.190e+02    1.776e+05    2.882e+04    0.16028       
33     31.428        92.218        24.125       0.67136      2.900e+02    1.701e+05    3.323e+04    0.16028       
34     30.751        93.037        24.21        0.78114      5.300e+02    2.942e+05    3.275e+04    0.16028       
35     28.553        96.358        24.802       0.80578      1.800e+02    2.997e+05    4.384e+04    0.16028       
36     50.839        81.728        12.652       0.50177      3.670e+02    3.657e+05    2.275e+04    0.16028       
37     53.027        83.025        12.552       0.40187      4.750e+02    1.094e+05    2.297e+04    0.16028       
38     20.803        118.63        17.529       0.70306      1.720e+02    9.977e+04    4.175e+04    0.16028       
39     34.515        95.997        23.706       0.6119       2.000e+02    2.324e+05    3.488e+04    0.16028       
40     62.891        57.146        27.605       0.98953      1.049e+03    5.091e+04    4.337e+04    0.16028       
41     45.167        66.72         37.003       1.0148       9.900e+02    1.483e+05    5.705e+04    0.16028       
42     49.391        59.919        40.322       0.97616      1.786e+03    1.105e+05    5.075e+04    0.16028       
43     30.968        80.813        39.817       1.2669       1.271e+03    1.693e+05    7.614e+04    0.16028       
44     76.205        46.62         23.909       0.80415      1.369e+03    1.094e+05    3.720e+04    0.16028       
45     84.643        46.238        19.076       0.75004      1.264e+03    4.958e+05    3.873e+04    0.16028       
46     46.471        86.68         25.218       1.0984       5.890e+02    2.822e+05    6.880e+04    0.16028       
47     56.01         63.374        37.008       1.0222       1.189e+03    3.373e+05    6.157e+04    0.16028       
48     54.823        68.751        23.466       1.0151       7.320e+02    1.134e+05    3.954e+04    0.16028       
49     47.113        68.158        34.946       1.1992       8.390e+02    3.552e+05    4.907e+04    0.16028       
50     30.357        84.484        34.2         1.1257       5.100e+02    1.068e+05    4.577e+04    0.16028       
51     44.522        71.145        36.094       1.1873       1.119e+03    7.209e+05    6.162e+04    0.16028       
52     71.485        57.269        16.868       0.77568      6.640e+02    9.977e+04    3.099e+04    0.16028       
53     68.719        65.882        14.808       0.75381      8.580e+02    2.822e+05    3.196e+04    0.16028       
54     46.917        77.354        29.847       0.90855      1.208e+03    1.720e+06    6.002e+04    0.16028       
55     54.345        69.152        32.683       0.97556      8.850e+02    1.013e+06    5.113e+04    0.16028       
56     58.678        68.929        18.792       0.66069      4.130e+02    2.512e+05    3.391e+04    0.16028       
57     51.496        70.775        26.744       0.78542      4.300e+02    3.341e+05    4.683e+04    0.16028       
58     35.526        86.055        26.8         0.74169      4.050e+02    4.098e+05    3.784e+04    0.16028       
59     48.446        73.919        28.366       0.8857       3.230e+02    6.121e+05    5.983e+04    0.16028       
60     72.326        57.448        15.9         0.50138      4.560e+02    2.324e+05    2.461e+04    0.16028       
61     65.132        66.067        19.372       0.41765      1.015e+03    3.373e+05    2.497e+04    0.16028       
62     47.095        79.684        30.507       0.77811      1.830e+03    1.013e+06    5.624e+04    0.16028       
63     51.032        71.483        36.259       0.62688      1.662e+03    1.205e+06    4.285e+04    0.16028       
