Performance Recorder: RTAR_1DOP_Detailed_NoPerm_64MPI16Threads.log
Rank | sendB(ms)  | sendC(ms)  | mergeC(ms)  | compT(ms)  | Alocalnnz  | Alocalmem(MB)  | Bnnz      | Bmem(MB)  | Cnnz      | Cmem(MB)  | TotTime(s)  | 
0      0.94243      1.4349       0.067219      0.23093      4.329e+04    0.69269          7.040e+02   0.011264    2.255e+03   0.03608     0.0033313     
1      0.95747      1.4492       0.31015       0.23832      4.370e+04    0.6992           7.040e+02   0.011264    3.268e+03   0.052288    0.0033313     
2      0.96078      1.4715       0.10587       0.16917      3.387e+04    0.54198          7.040e+02   0.011264    2.662e+03   0.042592    0.0033313     
3      0.96148      1.4864       0.05209       0.16276      3.011e+04    0.48176          7.040e+02   0.011264    1.492e+03   0.023872    0.0033313     
4      0.94408      1.5199       0.12825       0.14493      2.616e+04    0.41859          7.040e+02   0.011264    2.488e+03   0.039808    0.0033313     
5      0.96421      1.6179       0.092568      0.15822      2.360e+04    0.37758          7.040e+02   0.011264    1.903e+03   0.030448    0.0033313     
6      0.94824      1.559        0.13029       0.19119      2.405e+04    0.38482          7.040e+02   0.011264    2.457e+03   0.039312    0.0033313     
7      0.95609      1.5427       0.14383       0.14217      2.656e+04    0.42504          7.040e+02   0.011264    2.581e+03   0.041296    0.0033313     
8      0.97588      1.4818       0.22021       0.19615      2.546e+04    0.40736          7.040e+02   0.011264    3.804e+03   0.060864    0.0033313     
9      0.96111      1.5374       0.047512      0.22673      3.027e+04    0.48437          7.040e+02   0.011264    1.171e+03   0.018736    0.0033313     
10     0.97057      1.4845       0.10819       0.18906      3.166e+04    0.50651          7.040e+02   0.011264    3.167e+03   0.050672    0.0033313     
11     0.96646      1.4432       0.15136       0.22472      4.140e+04    0.66238          7.040e+02   0.011264    3.562e+03   0.056992    0.0033313     
12     0.95992      1.4608       0.15086       0.18547      3.172e+04    0.5076           7.040e+02   0.011264    2.699e+03   0.043184    0.0033313     
13     0.95071      1.5756       0.06756       0.15215      2.413e+04    0.38613          7.040e+02   0.011264    2.094e+03   0.033504    0.0033313     
14     0.95545      1.506        0.072119      0.1798       2.573e+04    0.41166          7.040e+02   0.011264    1.965e+03   0.03144     0.0033313     
15     0.96167      1.4821       0.15581       0.18341      3.804e+04    0.60869          7.040e+02   0.011264    2.922e+03   0.046752    0.0033313     
16     0.96163      1.4932       0.059145      0.18898      2.648e+04    0.42374          7.040e+02   0.011264    1.713e+03   0.027408    0.0033313     
17     0.96979      1.403        0.074153      0.21025      3.413e+04    0.54605          7.040e+02   0.011264    1.942e+03   0.031072    0.0033313     
18     0.95676      1.48         0.32622       0.16055      3.082e+04    0.49314          7.040e+02   0.011264    2.737e+03   0.043792    0.0033313     
19     0.9621       1.4273       0.12258       0.22007      3.907e+04    0.62507          7.040e+02   0.011264    2.333e+03   0.037328    0.0033313     
20     0.96961      1.4376       0.11778       0.18722      3.470e+04    0.55525          7.040e+02   0.011264    2.672e+03   0.042752    0.0033313     
21     0.96245      1.5809       0.086888      0.17983      3.661e+04    0.58571          7.040e+02   0.011264    2.366e+03   0.037856    0.0033313     
22     0.97037      1.457        0.073061      0.18498      3.139e+04    0.50227          7.040e+02   0.011264    2.113e+03   0.033808    0.0033313     
23     0.97652      1.4537       0.086918      0.21752      3.913e+04    0.62613          7.040e+02   0.011264    2.248e+03   0.035968    0.0033313     
24     0.97433      1.5013       0.10261       0.17345      2.796e+04    0.44733          7.040e+02   0.011264    2.512e+03   0.040192    0.0033313     
25     0.95778      1.5081       0.079504      0.16889      2.490e+04    0.39842          7.040e+02   0.011264    1.991e+03   0.031856    0.0033313     
26     0.95514      1.4558       0.066117      0.17123      2.638e+04    0.42203          7.040e+02   0.011264    1.921e+03   0.030736    0.0033313     
27     0.95937      1.4882       0.16114       0.19654      3.477e+04    0.55627          7.040e+02   0.011264    3.167e+03   0.050672    0.0033313     
28     0.96588      1.4494       0.11188       0.18188      3.161e+04    0.50582          7.040e+02   0.011264    2.643e+03   0.042288    0.0033313     
29     0.95322      1.4377       0.1609        0.17871      3.034e+04    0.48544          7.040e+02   0.011264    2.768e+03   0.044288    0.0033313     
30     0.97197      1.4949       0.20603       0.17995      3.363e+04    0.53811          7.040e+02   0.011264    3.015e+03   0.04824     0.0033313     
31     0.95705      1.4989       0.049496      0.17509      3.260e+04    0.52163          7.040e+02   0.011264    1.612e+03   0.025792    0.0033313     
32     0.94727      1.5622       0.055928      0.18344      3.315e+04    0.53043          7.040e+02   0.011264    1.514e+03   0.024224    0.0033313     
33     0.97453      1.5031       0.074453      0.17017      2.534e+04    0.40538          7.040e+02   0.011264    2.595e+03   0.04152     0.0033313     
34     0.95728      1.4326       0.06181       0.19242      2.366e+04    0.37862          7.040e+02   0.011264    1.895e+03   0.03032     0.0033313     
35     0.95009      1.5401       0.062962      0.20477      2.398e+04    0.38366          7.040e+02   0.011264    1.829e+03   0.029264    0.0033313     
36     0.95747      1.4413       0.085044      0.24303      2.567e+04    0.41069          7.040e+02   0.011264    2.766e+03   0.044256    0.0033313     
37     0.949        1.4754       0.16506       0.27391      3.160e+04    0.50568          7.040e+02   0.011264    2.573e+03   0.041168    0.0033313     
38     0.96278      1.571        0.086346      0.20631      3.324e+04    0.53182          7.040e+02   0.011264    2.723e+03   0.043568    0.0033313     
39     0.95994      1.4836       0.071037      0.18626      2.956e+04    0.47301          7.040e+02   0.011264    2.211e+03   0.035376    0.0033313     
40     0.96127      1.5759       0.058592      0.15531      2.292e+04    0.3668           7.040e+02   0.011264    1.318e+03   0.021088    0.0033313     
41     0.95924      1.546        0.050778      0.14413      2.545e+04    0.40723          7.040e+02   0.011264    1.434e+03   0.022944    0.0033313     
42     0.96162      1.4747       0.34444       0.14196      2.660e+04    0.42565          7.040e+02   0.011264    3.719e+03   0.059504    0.0033313     
43     0.95882      1.5066       0.1118        0.17645      2.754e+04    0.44062          7.040e+02   0.011264    2.320e+03   0.03712     0.0033313     
44     0.96105      1.5034       0.05187       0.14918      2.537e+04    0.40597          7.040e+02   0.011264    1.340e+03   0.02144     0.0033313     
45     0.95458      1.5216       0.070937      0.15266      2.490e+04    0.39843          7.040e+02   0.011264    1.828e+03   0.029248    0.0033313     
46     0.97027      1.5757       0.13135       0.16244      2.312e+04    0.36984          7.040e+02   0.011264    2.722e+03   0.043552    0.0033313     
47     0.95958      1.5717       0.093039      0.15901      2.327e+04    0.37235          7.040e+02   0.011264    2.623e+03   0.041968    0.0033313     
48     0.95714      1.443        0.052982      0.16796      2.478e+04    0.39643          7.040e+02   0.011264    1.541e+03   0.024656    0.0033313     
49     0.95694      1.4294       0.10511       0.18602      2.151e+04    0.34419          7.040e+02   0.011264    2.568e+03   0.041088    0.0033313     
50     0.95876      1.4626       0.094081      0.18341      2.418e+04    0.38696          7.040e+02   0.011264    2.698e+03   0.043168    0.0033313     
51     0.96812      1.4611       0.096797      0.16946      2.194e+04    0.35101          7.040e+02   0.011264    2.474e+03   0.039584    0.0033313     
52     0.96003      1.4297       0.09331       0.23875      2.616e+04    0.41848          7.040e+02   0.011264    2.722e+03   0.043552    0.0033313     
53     0.96811      1.5688       0.076116      0.20676      2.505e+04    0.40086          7.040e+02   0.011264    2.013e+03   0.032208    0.0033313     
54     0.95495      1.3993       0.061618      0.22787      2.662e+04    0.42584          7.040e+02   0.011264    1.661e+03   0.026576    0.0033313     
55     0.95657      1.5247       0.064634      0.15583      2.378e+04    0.38053          7.040e+02   0.011264    1.372e+03   0.021952    0.0033313     
56     0.97402      1.468        0.094593      0.20675      2.335e+04    0.3736           7.040e+02   0.011264    2.895e+03   0.04632     0.0033313     
57     0.94545      1.5686       0.080856      0.18157      2.981e+04    0.47696          7.040e+02   0.011264    1.947e+03   0.031152    0.0033313     
58     0.95841      1.4718       0.11164       0.15025      2.413e+04    0.38603          7.040e+02   0.011264    2.171e+03   0.034736    0.0033313     
59     0.95249      1.6502       0.10235       0.14132      2.318e+04    0.3709           7.040e+02   0.011264    2.657e+03   0.042512    0.0033313     
60     0.95536      1.4603       0.077279      0.15122      2.495e+04    0.39917          7.040e+02   0.011264    2.356e+03   0.037696    0.0033313     
61     0.95779      1.5045       0.089633      0.19759      2.334e+04    0.37338          7.040e+02   0.011264    2.136e+03   0.034176    0.0033313     
62     0.9423       1.5539       0.11116       0.19736      2.522e+04    0.40352          7.040e+02   0.011264    3.572e+03   0.057152    0.0033313     
63     0.9523       1.4442       0.10938       0.16802      2.404e+04    0.38466          7.490e+02   0.011984    3.582e+03   0.057312    0.0033313     
