Performance Recorder: RTAR_2D_Detailed_NoPerm_64MPI16Threads.log
Rank | bcastA(ms)  | bcastB(ms)  | compT(ms)  | merge(ms)  | Alocalnnz  | Blocalnnz  | Clocalnnz  | TotTime(s)  | 
0      5.2956        4.0899        1.2265       0.12741      3.980e+04    1.122e+03    2.880e+03    0.011444      
1      6.6169        3.3695        0.6356       0.13694      3.879e+04    4.640e+02    2.680e+03    0.011444      
2      4.8406        4.5517        1.4701       0.11649      4.317e+04    1.296e+03    2.225e+03    0.011444      
3      6.5784        3.2868        0.75396      0.12185      3.794e+04    8.040e+02    2.375e+03    0.011444      
4      6.8103        3.2314        0.49318      0.10127      3.236e+04    3.600e+02    2.183e+03    0.011444      
5      6.4053        3.3584        0.79378      0.095754     2.535e+04    8.930e+02    2.152e+03    0.011444      
6      6.8808        3.253         0.40979      0.11205      2.439e+04    2.960e+02    2.241e+03    0.011444      
7      6.8298        3.2116        0.45318      0.096876     2.565e+04    4.020e+02    2.402e+03    0.011444      
8      8.3406        1.2487        1.0863       0.13358      3.311e+04    1.000e+03    2.680e+03    0.011444      
9      8.7519        1.2456        0.65794      0.1715       3.447e+04    5.060e+02    3.538e+03    0.011444      
10     7.7442        1.5809        1.5321       0.13481      3.630e+04    1.525e+03    2.519e+03    0.011444      
11     8.7835        1.1924        0.67839      0.13434      3.305e+04    6.450e+02    2.788e+03    0.011444      
12     9.0184        1.1091        0.48677      0.099281     3.525e+04    3.260e+02    2.577e+03    0.011444      
13     8.6335        1.2881        0.69994      0.10576      3.109e+04    1.006e+03    2.399e+03    0.011444      
14     9.1242        1.1195        0.40121      0.11103      3.156e+04    2.970e+02    2.506e+03    0.011444      
15     8.9744        1.165         0.42732      0.10422      3.179e+04    3.320e+02    2.803e+03    0.011444      
16     6.0763        3.494         1.014        0.12858      3.108e+04    1.249e+03    2.225e+03    0.011444      
17     7.3924        2.5958        0.61664      0.13064      3.025e+04    4.810e+02    2.519e+03    0.011444      
18     5.3721        4.0286        1.3602       0.11824      3.272e+04    1.187e+03    2.516e+03    0.011444      
19     7.3498        2.6113        0.63564      0.11657      2.968e+04    7.750e+02    2.310e+03    0.011444      
20     7.6801        2.4085        0.46154      0.084063     2.616e+04    3.460e+02    1.978e+03    0.011444      
21     7.2782        2.5773        0.6752       0.090254     2.169e+04    9.690e+02    2.057e+03    0.011444      
22     7.7632        2.3892        0.38802      0.09266      2.232e+04    2.910e+02    2.040e+03    0.011444      
23     7.5593        2.5063        0.40617      0.098149     2.256e+04    3.390e+02    2.333e+03    0.011444      
24     6.5378        2.9263        1.0843       0.13421      2.940e+04    1.001e+03    2.375e+03    0.011444      
25     7.1742        2.7256        0.65978      0.15101      2.916e+04    5.280e+02    2.788e+03    0.011444      
26     5.838         3.4776        1.4509       0.1197       3.193e+04    1.449e+03    2.310e+03    0.011444      
27     7.1183        2.7573        0.68528      0.12588      2.870e+04    6.990e+02    2.986e+03    0.011444      
28     7.4673        2.5465        0.48989      0.089814     2.738e+04    3.650e+02    2.335e+03    0.011444      
29     7.0748        2.715         0.70728      0.096416     2.484e+04    9.270e+02    2.181e+03    0.011444      
30     7.5792        2.5107        0.41024      0.10381      2.423e+04    3.010e+02    2.290e+03    0.011444      
31     7.4205        2.5649        0.44402      0.10188      2.442e+04    3.670e+02    2.582e+03    0.011444      
32     5.2455        4.3689        0.97473      0.1029       2.460e+04    6.760e+02    2.183e+03    0.011444      
33     6.515         3.4579        0.63788      0.13898      2.582e+04    5.270e+02    2.577e+03    0.011444      
34     4.3621        4.9314        1.4863       0.1213       2.764e+04    2.330e+03    1.978e+03    0.011444      
35     6.4523        3.4713        0.68192      0.11523      2.449e+04    4.680e+02    2.335e+03    0.011444      
36     6.7022        3.3417        0.4952       0.099492     2.659e+04    3.820e+02    2.466e+03    0.011444      
37     6.364         3.4711        0.71176      0.088761     2.496e+04    7.090e+02    1.913e+03    0.011444      
38     6.8354        3.2965        0.41225      0.091436     2.448e+04    2.570e+02    2.052e+03    0.011444      
39     6.7458        3.2989        0.43115      0.092679     2.442e+04    2.880e+02    2.280e+03    0.011444      
40     5.4803        3.9946        1.0759       0.12899      3.110e+04    6.350e+02    2.152e+03    0.011444      
41     6.7911        3.1474        0.62068      0.12604      2.919e+04    9.540e+02    2.399e+03    0.011444      
42     4.8695        4.4433        1.4579       0.1146       3.360e+04    1.639e+03    2.057e+03    0.011444      
43     6.7387        3.1303        0.68497      0.12106      2.910e+04    7.310e+02    2.181e+03    0.011444      
44     6.9575        3.0388        0.4971       0.086196     2.388e+04    3.750e+02    1.913e+03    0.011444      
45     6.6813        3.1086        0.72237      0.10679      2.134e+04    5.580e+02    2.456e+03    0.011444      
46     7.0916        2.9997        0.40928      0.094302     1.875e+04    3.470e+02    2.045e+03    0.011444      
47     7.0139        2.9841        0.43509      0.092308     1.978e+04    3.980e+02    2.186e+03    0.011444      
48     7.5667        1.9706        1.0564       0.14107      3.045e+04    4.290e+02    2.241e+03    0.011444      
49     8.3299        1.6357        0.63853      0.12615      2.958e+04    9.000e+02    2.506e+03    0.011444      
50     6.9896        2.3632        1.4422       0.13044      3.257e+04    2.532e+03    2.040e+03    0.011444      
51     8.18          1.7014        0.72542      0.11581      2.891e+04    6.160e+02    2.290e+03    0.011444      
52     8.4998        1.5557        0.48114      0.090565     2.525e+04    2.560e+02    2.052e+03    0.011444      
53     8.0527        1.7173        0.77135      0.10642      2.331e+04    3.290e+02    2.045e+03    0.011444      
54     8.6149        1.4963        0.43399      0.10897      2.212e+04    2.710e+02    2.538e+03    0.011444      
55     8.4995        1.5502        0.42828      0.086627     2.243e+04    3.040e+02    2.343e+03    0.011444      
56     6.9957        2.4734        1.0801       0.15833      3.210e+04    6.070e+02    2.402e+03    0.011444      
57     7.6302        2.2886        0.63479      0.14227      3.117e+04    7.890e+02    2.803e+03    0.011444      
58     6.4814        2.8134        1.5045       0.12559      3.475e+04    2.292e+03    2.333e+03    0.011444      
59     7.5306        2.3056        0.72369      0.1279       3.067e+04    5.820e+02    2.582e+03    0.011444      
60     7.7172        2.2632        0.51216      0.095855     2.901e+04    3.340e+02    2.280e+03    0.011444      
61     7.3341        2.3982        0.77502      0.10836      2.668e+04    4.600e+02    2.186e+03    0.011444      
62     7.902         2.1863        0.41103      0.097699     2.624e+04    2.500e+02    2.343e+03    0.011444      
63     7.8311        2.155         0.44445      0.11913      2.612e+04    3.280e+02    3.088e+03    0.011444      
