MPI Size: 64 Threads Numbers: 16
random permutation!
Reading input file....
As a whole: 2017169 rows and 2017169 columns and 283073458 nonzeros and 4529.18 MB.
Reader took 2.97548 seconds
Generating random permutation vector.
Perfoming random permuation of matrix.
Permutation took 9.01675 seconds
Input load balance: 1.05439
Reading matrix: /pscratch/sd/y/yuxihong/graphclustering/dataset/1DspGEMM/HV15R.mtx
Computing restriction matrix
As a whole: 2017169 rows and 2017169 columns and 324715138 nonzeros and 2922.44 MB.
As a whole, mis2 has: 7074 nonzeros and length 2017169
As a whole, mis2neighUnion has: 2017169 nonzeros and length 2017169
As a whole: 2017169 rows and 7074 columns and 2017169 nonzeros and 32.2747 MB.
Rop final (before normalization)... Load balance (before): 1.08547
Load balance (after): 1.02937
Restriction Op computed : time 3.15906
=============A square============
Timer|Info: AA_2D|Time: 6.227366
Timer|Info: AA_1D_CBC|Time: 7.268395
nnz(A)=   283073458
nnz(AA)=  1768066720
AA pass!
=============RT * A============
Timer|Info: RTA_2D|Time: 0.916094
Timer|Info: CBC_RTA_1D|Time: 0.244447
nnz(RT)=  2017169
nnz(A)=   283073458
nnz(RTA)= 10273019
RTA pass!
=============RTA * R============
Timer|Info: RTAR_2D|Time: 0.075621
Timer|Info: RTAR_1D|Time: 0.552364
nnz(RTA)= 10273019
nnz(R)=   2017169
nnz(RTAR)=151625
cbc-RTAR pass!
=============RTA * R Out Product============
Timer|Info: RTAR_1DOP|Time: 0.012133
nnz(RTA)= 10273019
nnz(R)=   2017169
nnz(RTAR)=151625
cbc-RTAR-1DOP outproduct pass!