Performance Recorder: RTAR_1D_Detailed_RandPerm_64MPI16Threads.log
Rank | prepT(ms)  | commT(ms)  | compT(ms)  | Alocalnnz  | Alocalmem(MB)  | Aneednnz  | Aneedmem(MB)  | Bnnz      | Bmem(MB)  | Cnnz      | Cmem(MB)  | TotTime(s)  | 
0      70.572       478.89       2.2067       1.603e+05    2.565            2.386e+06   38.183          3.314e+04   0.53022     2.397e+03   0.038352    0.55236       
1      70.571       478.89       2.172        1.606e+05    2.5696           2.423e+06   38.773          3.374e+04   0.53986     2.390e+03   0.03824     0.55236       
2      70.573       478.9        2.0922       1.607e+05    2.5707           2.138e+06   34.208          2.924e+04   0.46786     2.290e+03   0.03664     0.55236       
3      70.572       478.9        2.0427       1.607e+05    2.5708           2.074e+06   33.177          2.826e+04   0.45221     2.209e+03   0.035344    0.55236       
4      70.572       478.87       2.1205       1.603e+05    2.5641           2.405e+06   38.482          3.334e+04   0.53344     2.441e+03   0.039056    0.55236       
5      70.571       478.88       2.0609       1.609e+05    2.5745           2.312e+06   36.992          3.196e+04   0.51128     2.426e+03   0.038816    0.55236       
6      70.572       478.87       2.15         1.603e+05    2.5654           2.248e+06   35.968          3.090e+04   0.4944      2.361e+03   0.037776    0.55236       
7      70.572       478.9        2.0671       1.605e+05    2.5676           2.273e+06   36.366          3.124e+04   0.49978     2.382e+03   0.038112    0.55236       
8      70.572       478.92       2.1173       1.603e+05    2.5651           2.266e+06   36.248          3.117e+04   0.49866     2.371e+03   0.037936    0.55236       
9      70.572       478.9        2.0441       1.606e+05    2.5693           2.297e+06   36.746          3.158e+04   0.5052      2.353e+03   0.037648    0.55236       
10     70.574       478.9        2.0534       1.605e+05    2.5677           2.250e+06   35.997          3.096e+04   0.49533     2.318e+03   0.037088    0.55236       
11     70.574       478.92       2.0652       1.603e+05    2.5649           2.356e+06   37.688          3.258e+04   0.52128     2.448e+03   0.039168    0.55236       
12     70.574       478.89       2.073        1.609e+05    2.574            2.226e+06   35.623          3.062e+04   0.48989     2.316e+03   0.037056    0.55236       
13     70.571       478.91       2.0778       1.605e+05    2.5677           2.238e+06   35.803          3.075e+04   0.49194     2.326e+03   0.037216    0.55236       
14     70.574       478.94       2.0436       1.601e+05    2.5617           2.306e+06   36.901          3.188e+04   0.51006     2.375e+03   0.038       0.55236       
15     70.575       478.92       2.1267       1.605e+05    2.5673           2.345e+06   37.514          3.243e+04   0.51883     2.441e+03   0.039056    0.55236       
16     70.573       478.9        2.5397       1.604e+05    2.5662           2.320e+06   37.119          3.205e+04   0.51286     2.356e+03   0.037696    0.55236       
17     70.572       478.88       2.1215       1.607e+05    2.5718           2.392e+06   38.269          3.295e+04   0.52726     2.371e+03   0.037936    0.55236       
18     70.573       478.89       1.8757       1.606e+05    2.5702           2.194e+06   35.107          2.999e+04   0.47989     2.320e+03   0.03712     0.55236       
19     70.573       478.91       2.0776       1.602e+05    2.5626           2.400e+06   38.392          3.324e+04   0.53187     2.422e+03   0.038752    0.55236       
20     70.573       478.88       1.9451       1.609e+05    2.575            2.215e+06   35.445          3.038e+04   0.48608     2.343e+03   0.037488    0.55236       
21     70.572       478.9        2.1444       1.605e+05    2.5678           2.534e+06   40.543          3.544e+04   0.56704     2.489e+03   0.039824    0.55236       
22     70.572       478.86       1.9684       1.607e+05    2.5712           2.222e+06   35.553          3.051e+04   0.4881      2.342e+03   0.037472    0.55236       
23     70.573       478.89       2.0828       1.606e+05    2.5701           2.319e+06   37.107          3.200e+04   0.51195     2.336e+03   0.037376    0.55236       
24     70.573       478.92       1.979        1.604e+05    2.5661           2.334e+06   37.341          3.214e+04   0.51432     2.382e+03   0.038112    0.55236       
25     70.573       478.91       1.8756       1.607e+05    2.5717           2.099e+06   33.577          2.867e+04   0.45866     2.253e+03   0.036048    0.55236       
26     70.575       478.93       1.9374       1.606e+05    2.5702           2.147e+06   34.344          2.931e+04   0.46899     2.316e+03   0.037056    0.55236       
27     70.576       478.93       1.9333       1.604e+05    2.5666           2.229e+06   35.665          3.070e+04   0.49123     2.314e+03   0.037024    0.55236       
28     70.574       478.9        1.976        1.611e+05    2.578            2.242e+06   35.867          3.077e+04   0.49226     2.293e+03   0.036688    0.55236       
29     70.574       478.89       2.006        1.602e+05    2.5625           2.204e+06   35.26           3.034e+04   0.48538     2.345e+03   0.03752     0.55236       
30     70.573       478.92       1.9629       1.609e+05    2.5737           2.242e+06   35.864          3.092e+04   0.49469     2.354e+03   0.037664    0.55236       
31     70.573       478.95       1.9374       1.608e+05    2.5727           2.202e+06   35.24           3.023e+04   0.4837      2.310e+03   0.03696     0.55236       
32     70.573       478.89       2.6003       1.604e+05    2.5666           2.269e+06   36.308          3.116e+04   0.49848     2.322e+03   0.037152    0.55236       
33     70.573       478.87       1.9442       1.605e+05    2.5674           2.176e+06   34.818          2.983e+04   0.47733     2.233e+03   0.035728    0.55236       
34     70.572       478.86       2.3197       1.603e+05    2.5649           2.270e+06   36.318          3.117e+04   0.49872     2.376e+03   0.038016    0.55236       
35     70.573       478.88       1.9317       1.605e+05    2.5684           2.191e+06   35.052          2.991e+04   0.47862     2.370e+03   0.03792     0.55236       
36     70.572       478.89       2.2841       1.607e+05    2.5711           2.320e+06   37.112          3.195e+04   0.51122     2.373e+03   0.037968    0.55236       
37     70.573       478.92       1.9673       1.605e+05    2.5679           2.273e+06   36.361          3.131e+04   0.50096     2.363e+03   0.037808    0.55236       
38     70.572       478.88       2.2766       1.609e+05    2.5737           2.251e+06   36.023          3.098e+04   0.49571     2.329e+03   0.037264    0.55236       
39     70.573       478.91       1.9999       1.604e+05    2.5668           2.366e+06   37.851          3.259e+04   0.52144     2.347e+03   0.037552    0.55236       
40     70.573       478.98       2.2326       1.604e+05    2.5666           2.410e+06   38.558          3.339e+04   0.53427     2.441e+03   0.039056    0.55236       
41     70.572       478.9        2.0547       1.606e+05    2.5696           2.133e+06   34.13           2.904e+04   0.46466     2.254e+03   0.036064    0.55236       
42     70.574       478.87       2.2821       1.606e+05    2.5697           2.125e+06   33.992          2.888e+04   0.46216     2.296e+03   0.036736    0.55236       
43     70.573       478.92       1.9571       1.608e+05    2.5732           2.392e+06   38.278          3.326e+04   0.53222     2.396e+03   0.038336    0.55236       
44     70.573       478.9        2.2537       1.604e+05    2.5657           2.237e+06   35.798          3.072e+04   0.49155     2.349e+03   0.037584    0.55236       
45     70.573       478.91       1.9474       1.601e+05    2.562            2.264e+06   36.224          3.116e+04   0.49853     2.322e+03   0.037152    0.55236       
46     70.575       478.92       2.1896       1.604e+05    2.5665           2.269e+06   36.309          3.110e+04   0.49762     2.371e+03   0.037936    0.55236       
47     70.573       478.92       1.8582       1.600e+05    2.5597           2.293e+06   36.683          3.162e+04   0.50587     2.316e+03   0.037056    0.55236       
48     70.573       478.89       2.3143       1.603e+05    2.5647           2.208e+06   35.322          3.028e+04   0.48453     2.341e+03   0.037456    0.55236       
49     70.572       478.86       1.9671       1.608e+05    2.5721           2.291e+06   36.662          3.163e+04   0.50608     2.347e+03   0.037552    0.55236       
50     70.574       478.88       2.1152       1.604e+05    2.5665           2.397e+06   38.344          3.325e+04   0.53202     2.435e+03   0.03896     0.55236       
51     70.572       478.95       1.9463       1.602e+05    2.5624           2.293e+06   36.688          3.165e+04   0.50637     2.369e+03   0.037904    0.55236       
52     70.571       478.87       2.158        1.609e+05    2.5739           2.369e+06   37.906          3.276e+04   0.52424     2.361e+03   0.037776    0.55236       
53     70.573       478.87       2.0737       1.607e+05    2.5711           2.450e+06   39.198          3.403e+04   0.54443     2.477e+03   0.039632    0.55236       
54     70.572       478.9        2.0827       1.602e+05    2.5639           2.363e+06   37.811          3.269e+04   0.5231      2.360e+03   0.03776     0.55236       
55     70.572       478.9        1.9575       1.606e+05    2.5689           2.098e+06   33.573          2.855e+04   0.4568      2.316e+03   0.037056    0.55236       
56     70.573       478.92       1.9866       1.604e+05    2.5659           2.359e+06   37.741          3.268e+04   0.52282     2.424e+03   0.038784    0.55236       
57     70.573       478.92       1.9118       1.602e+05    2.564            2.247e+06   35.954          3.085e+04   0.49358     2.366e+03   0.037856    0.55236       
58     70.573       478.91       2.1064       1.605e+05    2.5678           2.365e+06   37.838          3.270e+04   0.5232      2.389e+03   0.038224    0.55236       
59     70.573       478.92       1.991        1.607e+05    2.5712           2.386e+06   38.174          3.309e+04   0.52949     2.369e+03   0.037904    0.55236       
60     70.573       478.9        2.001        1.605e+05    2.5673           2.218e+06   35.489          3.043e+04   0.48688     2.381e+03   0.038096    0.55236       
61     70.574       478.91       1.9604       1.609e+05    2.5748           2.342e+06   37.471          3.233e+04   0.51723     2.429e+03   0.038864    0.55236       
62     70.574       478.91       1.992        1.607e+05    2.5706           2.258e+06   36.126          3.110e+04   0.49766     2.380e+03   0.03808     0.55236       
63     70.574       478.93       2.2936       1.601e+05    2.5614           2.674e+06   42.788          3.765e+04   0.60242     3.033e+03   0.048528    0.55236       
